Archive member included to satisfy reference by file (symbol)

/opt/gcc-arm-none-eabi-10-2020-q4-major/bin/../lib/gcc/arm-none-eabi/10.2.1/../../../../arm-none-eabi/lib/thumb/v7e-m+fp/hard/libc_nano.a(lib_a-errno.o)
                              ../../446-Comp-Files/syscalls.o (__errno)
/opt/gcc-arm-none-eabi-10-2020-q4-major/bin/../lib/gcc/arm-none-eabi/10.2.1/../../../../arm-none-eabi/lib/thumb/v7e-m+fp/hard/libc_nano.a(lib_a-exit.o)
                              /opt/gcc-arm-none-eabi-10-2020-q4-major/bin/../lib/gcc/arm-none-eabi/10.2.1/../../../../arm-none-eabi/lib/thumb/v7e-m+fp/hard/crt0.o (exit)
/opt/gcc-arm-none-eabi-10-2020-q4-major/bin/../lib/gcc/arm-none-eabi/10.2.1/../../../../arm-none-eabi/lib/thumb/v7e-m+fp/hard/libc_nano.a(lib_a-impure.o)
                              /opt/gcc-arm-none-eabi-10-2020-q4-major/bin/../lib/gcc/arm-none-eabi/10.2.1/../../../../arm-none-eabi/lib/thumb/v7e-m+fp/hard/libc_nano.a(lib_a-exit.o) (_global_impure_ptr)
/opt/gcc-arm-none-eabi-10-2020-q4-major/bin/../lib/gcc/arm-none-eabi/10.2.1/../../../../arm-none-eabi/lib/thumb/v7e-m+fp/hard/libc_nano.a(lib_a-init.o)
                              /opt/gcc-arm-none-eabi-10-2020-q4-major/bin/../lib/gcc/arm-none-eabi/10.2.1/../../../../arm-none-eabi/lib/thumb/v7e-m+fp/hard/crt0.o (__libc_init_array)
/opt/gcc-arm-none-eabi-10-2020-q4-major/bin/../lib/gcc/arm-none-eabi/10.2.1/../../../../arm-none-eabi/lib/thumb/v7e-m+fp/hard/libc_nano.a(lib_a-malloc.o)
                              ../../Drivers/CAN.o (malloc)
/opt/gcc-arm-none-eabi-10-2020-q4-major/bin/../lib/gcc/arm-none-eabi/10.2.1/../../../../arm-none-eabi/lib/thumb/v7e-m+fp/hard/libc_nano.a(lib_a-memcpy-stub.o)
                              FreeRTOS-Kernel/queue.o (memcpy)
/opt/gcc-arm-none-eabi-10-2020-q4-major/bin/../lib/gcc/arm-none-eabi/10.2.1/../../../../arm-none-eabi/lib/thumb/v7e-m+fp/hard/libc_nano.a(lib_a-memset.o)
                              /opt/gcc-arm-none-eabi-10-2020-q4-major/bin/../lib/gcc/arm-none-eabi/10.2.1/../../../../arm-none-eabi/lib/thumb/v7e-m+fp/hard/crt0.o (memset)
/opt/gcc-arm-none-eabi-10-2020-q4-major/bin/../lib/gcc/arm-none-eabi/10.2.1/../../../../arm-none-eabi/lib/thumb/v7e-m+fp/hard/libc_nano.a(lib_a-nano-freer.o)
                              /opt/gcc-arm-none-eabi-10-2020-q4-major/bin/../lib/gcc/arm-none-eabi/10.2.1/../../../../arm-none-eabi/lib/thumb/v7e-m+fp/hard/libc_nano.a(lib_a-malloc.o) (_free_r)
/opt/gcc-arm-none-eabi-10-2020-q4-major/bin/../lib/gcc/arm-none-eabi/10.2.1/../../../../arm-none-eabi/lib/thumb/v7e-m+fp/hard/libc_nano.a(lib_a-nano-mallocr.o)
                              /opt/gcc-arm-none-eabi-10-2020-q4-major/bin/../lib/gcc/arm-none-eabi/10.2.1/../../../../arm-none-eabi/lib/thumb/v7e-m+fp/hard/libc_nano.a(lib_a-malloc.o) (_malloc_r)
/opt/gcc-arm-none-eabi-10-2020-q4-major/bin/../lib/gcc/arm-none-eabi/10.2.1/../../../../arm-none-eabi/lib/thumb/v7e-m+fp/hard/libc_nano.a(lib_a-printf.o)
                              tasks.o (printf)
/opt/gcc-arm-none-eabi-10-2020-q4-major/bin/../lib/gcc/arm-none-eabi/10.2.1/../../../../arm-none-eabi/lib/thumb/v7e-m+fp/hard/libc_nano.a(lib_a-puts.o)
                              tasks.o (puts)
/opt/gcc-arm-none-eabi-10-2020-q4-major/bin/../lib/gcc/arm-none-eabi/10.2.1/../../../../arm-none-eabi/lib/thumb/v7e-m+fp/hard/libc_nano.a(lib_a-sbrkr.o)
                              /opt/gcc-arm-none-eabi-10-2020-q4-major/bin/../lib/gcc/arm-none-eabi/10.2.1/../../../../arm-none-eabi/lib/thumb/v7e-m+fp/hard/libc_nano.a(lib_a-nano-mallocr.o) (_sbrk_r)
/opt/gcc-arm-none-eabi-10-2020-q4-major/bin/../lib/gcc/arm-none-eabi/10.2.1/../../../../arm-none-eabi/lib/thumb/v7e-m+fp/hard/libc_nano.a(lib_a-wbuf.o)
                              /opt/gcc-arm-none-eabi-10-2020-q4-major/bin/../lib/gcc/arm-none-eabi/10.2.1/../../../../arm-none-eabi/lib/thumb/v7e-m+fp/hard/libc_nano.a(lib_a-puts.o) (__swbuf_r)
/opt/gcc-arm-none-eabi-10-2020-q4-major/bin/../lib/gcc/arm-none-eabi/10.2.1/../../../../arm-none-eabi/lib/thumb/v7e-m+fp/hard/libc_nano.a(lib_a-wsetup.o)
                              /opt/gcc-arm-none-eabi-10-2020-q4-major/bin/../lib/gcc/arm-none-eabi/10.2.1/../../../../arm-none-eabi/lib/thumb/v7e-m+fp/hard/libc_nano.a(lib_a-puts.o) (__swsetup_r)
/opt/gcc-arm-none-eabi-10-2020-q4-major/bin/../lib/gcc/arm-none-eabi/10.2.1/../../../../arm-none-eabi/lib/thumb/v7e-m+fp/hard/libc_nano.a(lib_a-fflush.o)
                              /opt/gcc-arm-none-eabi-10-2020-q4-major/bin/../lib/gcc/arm-none-eabi/10.2.1/../../../../arm-none-eabi/lib/thumb/v7e-m+fp/hard/libc_nano.a(lib_a-wbuf.o) (_fflush_r)
/opt/gcc-arm-none-eabi-10-2020-q4-major/bin/../lib/gcc/arm-none-eabi/10.2.1/../../../../arm-none-eabi/lib/thumb/v7e-m+fp/hard/libc_nano.a(lib_a-findfp.o)
                              /opt/gcc-arm-none-eabi-10-2020-q4-major/bin/../lib/gcc/arm-none-eabi/10.2.1/../../../../arm-none-eabi/lib/thumb/v7e-m+fp/hard/libc_nano.a(lib_a-printf.o) (__sinit)
[...]
Memory Configuration

Name             Origin             Length             Attributes
FLASH            0x0000000008000000 0x0000000000080000 xr
SRAM             0x0000000020000000 0x0000000000020000 xrw
*default*        0x0000000000000000 0xffffffffffffffff

Linker script and memory map

LOAD /opt/gcc-arm-none-eabi-10-2020-q4-major/bin/../lib/gcc/arm-none-eabi/10.2.1/thumb/v7e-m+fp/hard/crti.o
LOAD /opt/gcc-arm-none-eabi-10-2020-q4-major/bin/../lib/gcc/arm-none-eabi/10.2.1/thumb/v7e-m+fp/hard/crtbegin.o
LOAD /opt/gcc-arm-none-eabi-10-2020-q4-major/bin/../lib/gcc/arm-none-eabi/10.2.1/../../../../arm-none-eabi/lib/thumb/v7e-m+fp/hard/crt0.o
LOAD FreeRTOS-Kernel/tasks.o
LOAD FreeRTOS-Kernel/queue.o
LOAD FreeRTOS-Kernel/list.o
LOAD FreeRTOS-Kernel/timers.o
LOAD FreeRTOS-Kernel/event_groups.o
LOAD FreeRTOS-Kernel/stream_buffer.o
LOAD FreeRTOS-Kernel/croutine.o
LOAD FreeRTOS-Kernel/portable/MemMang/heap_4.o
LOAD FreeRTOS-Kernel/portable/GCC/ARM_CM4F/port.o
LOAD main.o
LOAD tasks.o
LOAD ../../446-Comp-Files/syscalls.o
LOAD ../../446-Comp-Files/startup.o
LOAD ../../Drivers/ADC.o
LOAD ../../Drivers/CAN.o
LOAD ../../Drivers/GPIO.o
LOAD ../../Drivers/ExternalInterrupt.o
LOAD ../../Drivers/NVIC.o
LOAD ../../Drivers/CPU.o
LOAD ../../Drivers/faults.o
LOAD ../../Drivers/isr_handlers.o
LOAD ../../Drivers/DMA.o
START GROUP
LOAD /opt/gcc-arm-none-eabi-10-2020-q4-major/bin/../lib/gcc/arm-none-eabi/10.2.1/thumb/v7e-m+fp/hard/libgcc.a
LOAD /opt/gcc-arm-none-eabi-10-2020-q4-major/bin/../lib/gcc/arm-none-eabi/10.2.1/../../../../arm-none-eabi/lib/thumb/v7e-m+fp/hard/libc_nano.a
END GROUP
START GROUP
LOAD /opt/gcc-arm-none-eabi-10-2020-q4-major/bin/../lib/gcc/arm-none-eabi/10.2.1/thumb/v7e-m+fp/hard/libgcc.a
LOAD /opt/gcc-arm-none-eabi-10-2020-q4-major/bin/../lib/gcc/arm-none-eabi/10.2.1/../../../../arm-none-eabi/lib/thumb/v7e-m+fp/hard/libc_nano.a
END GROUP
LOAD /opt/gcc-arm-none-eabi-10-2020-q4-major/bin/../lib/gcc/arm-none-eabi/10.2.1/thumb/v7e-m+fp/hard/crtend.o
LOAD /opt/gcc-arm-none-eabi-10-2020-q4-major/bin/../lib/gcc/arm-none-eabi/10.2.1/thumb/v7e-m+fp/hard/crtn.o

.text           0x0000000008000000     0xab04
 *(.isr_vector)
 .isr_vector    0x0000000008000000      0x1c4 ../../446-Comp-Files/startup.o
                0x0000000008000000                vectors
 *(.text)
 .text          0x00000000080001c4        0x0 /opt/gcc-arm-none-eabi-10-2020-q4-major/bin/../lib/gcc/arm-none-eabi/10.2.1/thumb/v7e-m+fp/hard/crti.o
 .text          0x00000000080001c4       0x40 /opt/gcc-arm-none-eabi-10-2020-q4-major/bin/../lib/gcc/arm-none-eabi/10.2.1/thumb/v7e-m+fp/hard/crtbegin.o
 .text          0x0000000008000204       0x7c /opt/gcc-arm-none-eabi-10-2020-q4-major/bin/../lib/gcc/arm-none-eabi/10.2.1/../../../../arm-none-eabi/lib/thumb/v7e-m+fp/hard/crt0.o
                0x0000000008000204                _stack_init
                0x000000000800020c                _mainCRTStartup
                0x000000000800020c                _start
 .text          0x0000000008000280     0x197c FreeRTOS-Kernel/tasks.o
                0x00000000080002f8                xTaskCreate
                0x00000000080005ec                vTaskStartScheduler
                0x0000000008000648                vTaskEndScheduler
                0x0000000008000678                vTaskSuspendAll
                0x0000000008000694                xTaskResumeAll
                0x0000000008000884                xTaskGetTickCount
                0x00000000080008a4                xTaskGetTickCountFromISR
                0x00000000080008c8                uxTaskGetNumberOfTasks
                0x00000000080008e0                pcTaskGetName
                0x000000000800090c                xTaskCatchUpTicks
                0x0000000008000940                xTaskIncrementTick
                0x0000000008000b50                vTaskSwitchContext
                0x0000000008000c40                vTaskPlaceOnEventList
                0x0000000008000c6c                vTaskPlaceOnUnorderedEventList
                0x0000000008000cdc                xTaskRemoveFromEventList
                0x0000000008000e70                vTaskRemoveFromUnorderedEventList
                0x0000000008000fb8                vTaskSetTimeOutState
                0x0000000008000fe8                vTaskInternalSetTimeOutState
                0x0000000008001014                xTaskCheckForTimeOut
                0x0000000008001098                vTaskMissedYield
                0x0000000008001190                xTaskGetCurrentTaskHandle
                0x00000000080011b0                xTaskGetCurrentTaskHandleForCore
                0x00000000080011e0                uxTaskResetEventItemValue
                0x0000000008001210                ulTaskGenericNotifyTake
                0x0000000008001300                xTaskGenericNotifyWait
                0x0000000008001424                xTaskGenericNotify
                0x00000000080015f8                xTaskGenericNotifyFromISR
                0x0000000008001844                vTaskGenericNotifyGiveFromISR
                0x0000000008001a00                xTaskGenericNotifyStateClear
                0x0000000008001a58                ulTaskGenericNotifyValueClear
                0x0000000008001b64                vTaskResetState
 .text          0x0000000008001bfc      0xc80 FreeRTOS-Kernel/queue.o
                0x0000000008001bfc                xQueueGenericReset
                0x0000000008001ce4                xQueueGenericCreate
                0x0000000008001da0                xQueueGenericSend
                0x0000000008001ef4                xQueueGenericSendFromISR
                0x0000000008001fbe                xQueueGiveFromISR
                0x0000000008002076                xQueueReceive
                0x00000000080021bc                xQueueSemaphoreTake
                0x00000000080022f8                xQueuePeek
                0x0000000008002440                xQueueReceiveFromISR
                0x0000000008002502                xQueuePeekFromISR
                0x0000000008002568                uxQueueMessagesWaiting
                0x0000000008002588                uxQueueSpacesAvailable
                0x00000000080025b2                uxQueueMessagesWaitingFromISR
                0x00000000080025d2                vQueueDelete
                0x00000000080025ec                uxQueueGetQueueItemSize
                0x0000000008002604                uxQueueGetQueueLength
                0x00000000080027f0                xQueueIsQueueEmptyFromISR
                0x000000000800284c                xQueueIsQueueFullFromISR
 .text          0x000000000800287c      0x168 FreeRTOS-Kernel/list.o
                0x000000000800287c                vListInitialise
                0x00000000080028bc                vListInitialiseItem
                0x00000000080028d6                vListInsertEnd
                0x000000000800291e                vListInsert
                0x0000000008002990                uxListRemove
 .text          0x00000000080029e4        0x0 FreeRTOS-Kernel/timers.o
 .text          0x00000000080029e4      0x448 FreeRTOS-Kernel/event_groups.o
                0x00000000080029e4                xEventGroupCreate
                0x0000000008002a12                xEventGroupSync
                0x0000000008002b04                xEventGroupWaitBits
                0x0000000008002c18                xEventGroupClearBits
                0x0000000008002c4c                xEventGroupGetBitsFromISR
                0x0000000008002c94                xEventGroupSetBits
                0x0000000008002d72                vEventGroupDelete
                0x0000000008002db2                vEventGroupSetBitsCallback
                0x0000000008002dcc                vEventGroupClearBitsCallback
 .text          0x0000000008002e2c      0xa04 FreeRTOS-Kernel/stream_buffer.o
                0x0000000008002e2c                xStreamBufferGenericCreate
                0x0000000008002eac                vStreamBufferDelete
                0x0000000008002ede                xStreamBufferReset
                0x0000000008002f40                xStreamBufferResetFromISR
                0x0000000008002fc2                xStreamBufferSetTriggerLevel
                0x0000000008003002                xStreamBufferSpacesAvailable
                0x000000000800305c                xStreamBufferBytesAvailable
                0x000000000800307a                xStreamBufferSend
                0x00000000080031a8                xStreamBufferSendFromISR
                0x00000000080032ca                xStreamBufferReceive
                0x00000000080033c0                xStreamBufferNextMessageLengthBytes
                0x0000000008003410                xStreamBufferReceiveFromISR
                0x0000000008003532                xStreamBufferIsEmpty
                0x0000000008003566                xStreamBufferIsFull
                0x00000000080035aa                xStreamBufferSendCompletedFromISR
                0x000000000800361a                xStreamBufferReceiveCompletedFromISR
                0x00000000080037f4                uxStreamBufferGetStreamBufferNotificationIndex
                0x0000000008003810                vStreamBufferSetStreamBufferNotificationIndex
 .text          0x0000000008003830        0x0 FreeRTOS-Kernel/croutine.o
 .text          0x0000000008003830      0x504 FreeRTOS-Kernel/portable/MemMang/heap_4.o
                0x0000000008003830                pvPortMalloc
                0x0000000008003994                vPortFree
                0x0000000008003a10                xPortGetFreeHeapSize
                0x0000000008003a28                xPortGetMinimumEverFreeHeapSize
                0x0000000008003a40                xPortResetHeapMinimumEverFreeHeapSize
                0x0000000008003a60                vPortInitialiseBlocks
                0x0000000008003a6e                pvPortCalloc
                0x0000000008003c38                vPortGetHeapStats
                0x0000000008003cf4                vPortHeapResetState
 .text          0x0000000008003d34      0x2c0 FreeRTOS-Kernel/portable/GCC/ARM_CM4F/port.o
                0x0000000008003d34                pxPortInitialiseStack
                0x0000000008003dd0                SVCall_Handler
                0x0000000008003e1a                xPortStartScheduler
                0x0000000008003e88                vPortEndScheduler
                0x0000000008003e96                vPortEnterCritical
                0x0000000008003ecc                vPortExitCritical
                0x0000000008003f00                PendSV_Handler
                0x0000000008003f62                SysTick_Handler
                0x0000000008003fa8                vPortSetupTimerInterrupt
 .text          0x0000000008003ff4        0xe main.o
                0x0000000008003ff4                main
 *fill*         0x0000000008004002        0x2 
 .text          0x0000000008004004      0x308 tasks.o
                0x0000000008004004                vApplicationStackOverflowHook
                0x0000000008004020                EXTI15_10_IRQHandler
                0x0000000008004088                DMA2_Stream0_IRQHandler
                0x00000000080040e8                vADCReadTask
                0x0000000008004110                vADCOffTask
                0x0000000008004134                vCANTransmitTask
                0x0000000008004178                start_tasks
 .text          0x000000000800430c      0x26c ../../446-Comp-Files/syscalls.o
                0x000000000800430c                initialise_monitor_handles
                0x000000000800431a                _getpid
                0x000000000800432a                _kill
                0x000000000800434a                _exit
                0x000000000800435e                _read
                0x0000000008004398                _write
                0x00000000080043d0                _close
                0x00000000080043e8                _fstat
                0x0000000008004408                _isatty
                0x000000000800441e                _lseek
                0x0000000008004438                _open
                0x0000000008004454                _wait
                0x0000000008004472                _unlink
                0x0000000008004490                _times
                0x00000000080044a8                _stat
                0x00000000080044c8                _link
                0x00000000080044e8                _fork
                0x00000000080044fe                _execve
                0x0000000008004520                _sbrk
 .text          0x0000000008004578       0x90 ../../446-Comp-Files/startup.o
                0x0000000008004578                RTC_Alarm_IRQHandler
                0x0000000008004578                EXTI2_IRQHandler
                0x0000000008004578                TIM8_CC_IRQHandler
                0x0000000008004578                SPI4_IRQHandler
                0x0000000008004578                TIM1_CC_IRQHandler
                0x0000000008004578                QuadSPI_IRQHandler
                0x0000000008004578                DMA2_Stream5_IRQHandler
                0x0000000008004578                DMA1_Stream5_IRQHandler
                0x0000000008004578                PVD_IRQHandler
                0x0000000008004578                SDIO_IRQHandler
                0x0000000008004578                TAMP_STAMP_IRQHandler
                0x0000000008004578                NMI_Handler
                0x0000000008004578                CAN2_RX1_IRQHandler
                0x0000000008004578                EXTI3_IRQHandler
                0x0000000008004578                TIM8_TRG_COM_TIM14_IRQHandler
                0x0000000008004578                TIM1_UP_TIM10_IRQHandler
                0x0000000008004578                TIM8_UP_TIM13_IRQHandler
                0x0000000008004578                I2C3_ER_IRQHandler
                0x0000000008004578                EXTI0_IRQHandler
                0x0000000008004578                I2C2_EV_IRQHandler
                0x0000000008004578                DMA1_Stream2_IRQHandler
                0x0000000008004578                CAN1_RX0_IRQHandler
                0x0000000008004578                FPU_IRQHandler
                0x0000000008004578                OTG_HS_WKUP_IRQHandler
                0x0000000008004578                CAN2_SCE_IRQHandler
                0x0000000008004578                DMA2_Stream2_IRQHandler
                0x0000000008004578                SPI1_IRQHandler
                0x0000000008004578                TIM6_DAC_IRQHandler
                0x0000000008004578                TIM1_BRK_TIM9_IRQHandler
                0x0000000008004578                DCMI_IRQHandler
                0x0000000008004578                CAN2_RX0_IRQHandler
                0x0000000008004578                SPIDIFRx_IRQHandler
                0x0000000008004578                DMA2_Stream3_IRQHandler
                0x0000000008004578                FMPI2C1_IRQHandler
                0x0000000008004578                SAI2_IRQHandler
                0x0000000008004578                USART6_IRQHandler
                0x0000000008004578                USART3_IRQHandler
                0x0000000008004578                HDMICEC_IRQHandler
                0x0000000008004578                CAN1_RX1_IRQHandler
                0x0000000008004578                UART5_IRQHandler
                0x0000000008004578                TIM4_IRQHandler
                0x0000000008004578                I2C1_EV_IRQHandler
                0x0000000008004578                DMA1_Stream6_IRQHandler
                0x0000000008004578                DMA1_Stream1_IRQHandler
                0x0000000008004578                UART4_IRQHandler
                0x0000000008004578                TIM3_IRQHandler
                0x0000000008004578                RCC_IRQHandler
                0x0000000008004578                TIM8_BRK_TIM12_IRQHandler
                0x0000000008004578                Default_Handler
                0x0000000008004578                ADC_IRQHandler
                0x0000000008004578                DMA1_Stream7_IRQHandler
                0x0000000008004578                TIM7_IRQHandler
                0x0000000008004578                CAN2_TX_IRQHandler
                0x0000000008004578                TIM5_IRQHandler
                0x0000000008004578                DMA2_Stream7_IRQHandler
                0x0000000008004578                I2C3_EV_IRQHandler
                0x0000000008004578                EXTI9_5_IRQHandler
                0x0000000008004578                RTC_WKUP_IRQHandler
                0x0000000008004578                SPI2_IRQHandler
                0x0000000008004578                OTG_HS_EP1_IN_IRQHandler
                0x0000000008004578                DMA1_Stream0_IRQHandler
                0x0000000008004578                CAN1_TX_IRQHandler
                0x0000000008004578                EXTI4_IRQHandler
                0x0000000008004578                FSMC_IRQHandler
                0x0000000008004578                OTG_HS_EP1_OUT_IRQHandler
                0x0000000008004578                Debug_Monitor_Handler
                0x0000000008004578                WWDG_IRQHandler
                0x0000000008004578                TIM2_IRQHandler
                0x0000000008004578                FMPI2Cerror_IRQHandler
                0x0000000008004578                OTG_FS_WKUP_IRQHandler
                0x0000000008004578                TIM1_TRG_COM_TIM11_IRQHandler
                0x0000000008004578                OTG_HS_IRQHandler
                0x0000000008004578                EXTI1_IRQHandler
                0x0000000008004578                USART2_IRQHandler
                0x0000000008004578                I2C2_ER_IRQHandler
                0x0000000008004578                DMA2_Stream1_IRQHandler
                0x0000000008004578                CAN1_SCE_IRQHandler
                0x0000000008004578                DMA2_Stream4_IRQHandler
                0x0000000008004578                USART1_IRQHandler
                0x0000000008004578                OTG_FS_IRQHandler
                0x0000000008004578                SPI3_IRQHandler
                0x0000000008004578                DMA1_Stream4_IRQHandler
                0x0000000008004578                I2C1_ER_IRQHandler
                0x0000000008004578                DMA2_Stream6_IRQHandler
                0x0000000008004578                SAI1_IRQHandler
                0x0000000008004578                DMA1_Stream3_IRQHandler
                0x000000000800457e                Reset_Handler
 .text          0x0000000008004608      0x73c ../../Drivers/ADC.o
                0x0000000008004608                ADC_Init
                0x00000000080046b8                ADC_StartConversion
                0x00000000080046f6                ADC_StopConversion
                0x0000000008004734                ADC_ConversionResult
                0x00000000080047ce                ADC_SetExternalTrigger
                0x000000000800484e                ADC_UseDMA
 .text          0x0000000008004d44      0xf5c ../../Drivers/CAN.o
                0x0000000008004d44                CAN_SetBitTime
                0x0000000008004dbe                CAN_SetAcceptanceFilter
                0x0000000008004e3e                CAN_SetTXMailbox
                0x0000000008004f20                CAN_SetRXMailbox
                0x0000000008004fd4                CAN_Init_and_Start
                0x0000000008005062                CAN_Transmit
                0x00000000080051a2                CAN_Receive
                0x0000000008005296                CAN_EnableInterrupts
 .text          0x0000000008005ca0      0xec0 ../../Drivers/GPIO.o
                0x0000000008005ca0                Pin_Init
                0x00000000080063c8                Pin_GetInput
                0x00000000080064fa                Pin_Out
                0x00000000080066ac                Pin_OutputSpeed
                0x0000000008006860                Pin_PullUp_PullDown
 .text          0x0000000008006b60      0xf40 ../../Drivers/ExternalInterrupt.o
                0x0000000008006b60                EXTIInit
                0x0000000008006cf0                ClearIRQ
 .text          0x0000000008007aa0      0x9b0 ../../Drivers/NVIC.o
                0x0000000008007aa0                NVIC_InterruptIsActive
                0x0000000008007abe                NVICInterruptInit
                0x0000000008007b1a                NVIC_InterruptIsPending
 .text          0x0000000008008450       0x20 ../../Drivers/CPU.o
                0x0000000008008450                TurnOnInterrupts
                0x0000000008008460                TurnOffInterrupts
 .text          0x0000000008008470       0x8c ../../Drivers/faults.o
                0x0000000008008470                enable_faults
                0x0000000008008484                enable_usagefault
                0x00000000080084ac                enable_busfault
                0x00000000080084d4                enable_memmanagefault
 .text          0x00000000080084fc       0xb4 ../../Drivers/isr_handlers.o
                0x00000000080084fc                HardFault_Handler
                0x0000000008008538                MemManage_Handler
                0x0000000008008560                BusFault_Handler
                0x0000000008008588                UsageFault_Handler
 .text          0x00000000080085b0      0xcf0 ../../Drivers/DMA.o
                0x00000000080085b0                DMA_Init
                0x0000000008008f54                DMA_FIFOSetup
 .text          0x00000000080092a0        0x0 /opt/gcc-arm-none-eabi-10-2020-q4-major/bin/../lib/gcc/arm-none-eabi/10.2.1/../../../../arm-none-eabi/lib/thumb/v7e-m+fp/hard/libc_nano.a(lib_a-errno.o)
 .text          0x00000000080092a0        0x0 /opt/gcc-arm-none-eabi-10-2020-q4-major/bin/../lib/gcc/arm-none-eabi/10.2.1/../../../../arm-none-eabi/lib/thumb/v7e-m+fp/hard/libc_nano.a(lib_a-exit.o)
 .text          0x00000000080092a0        0x0 /opt/gcc-arm-none-eabi-10-2020-q4-major/bin/../lib/gcc/arm-none-eabi/10.2.1/../../../../arm-none-eabi/lib/thumb/v7e-m+fp/hard/libc_nano.a(lib_a-impure.o)
 .text          0x00000000080092a0        0x0 /opt/gcc-arm-none-eabi-10-2020-q4-major/bin/../lib/gcc/arm-none-eabi/10.2.1/../../../../arm-none-eabi/lib/thumb/v7e-m+fp/hard/libc_nano.a(lib_a-init.o)
 .text          0x00000000080092a0        0x0 /opt/gcc-arm-none-eabi-10-2020-q4-major/bin/../lib/gcc/arm-none-eabi/10.2.1/../../../../arm-none-eabi/lib/thumb/v7e-m+fp/hard/libc_nano.a(lib_a-malloc.o)
 .text          0x00000000080092a0        0x0 /opt/gcc-arm-none-eabi-10-2020-q4-major/bin/../lib/gcc/arm-none-eabi/10.2.1/../../../../arm-none-eabi/lib/thumb/v7e-m+fp/hard/libc_nano.a(lib_a-memcpy-stub.o)
 .text          0x00000000080092a0        0x0 /opt/gcc-arm-none-eabi-10-2020-q4-major/bin/../lib/gcc/arm-none-eabi/10.2.1/../../../../arm-none-eabi/lib/thumb/v7e-m+fp/hard/libc_nano.a(lib_a-memset.o)
 .text          0x00000000080092a0        0x0 /opt/gcc-arm-none-eabi-10-2020-q4-major/bin/../lib/gcc/arm-none-eabi/10.2.1/../../../../arm-none-eabi/lib/thumb/v7e-m+fp/hard/libc_nano.a(lib_a-nano-freer.o)
 .text          0x00000000080092a0        0x0 /opt/gcc-arm-none-eabi-10-2020-q4-major/bin/../lib/gcc/arm-none-eabi/10.2.1/../../../../arm-none-eabi/lib/thumb/v7e-m+fp/hard/libc_nano.a(lib_a-nano-mallocr.o)
 .text          0x00000000080092a0        0x0 /opt/gcc-arm-none-eabi-10-2020-q4-major/bin/../lib/gcc/arm-none-eabi/10.2.1/../../../../arm-none-eabi/lib/thumb/v7e-m+fp/hard/libc_nano.a(lib_a-printf.o)
 .text          0x00000000080092a0        0x0 /opt/gcc-arm-none-eabi-10-2020-q4-major/bin/../lib/gcc/arm-none-eabi/10.2.1/../../../../arm-none-eabi/lib/thumb/v7e-m+fp/hard/libc_nano.a(lib_a-puts.o)
 .text          0x00000000080092a0        0x0 /opt/gcc-arm-none-eabi-10-2020-q4-major/bin/../lib/gcc/arm-none-eabi/10.2.1/../../../../arm-none-eabi/lib/thumb/v7e-m+fp/hard/libc_nano.a(lib_a-sbrkr.o)
 .text          0x00000000080092a0        0x0 /opt/gcc-arm-none-eabi-10-2020-q4-major/bin/../lib/gcc/arm-none-eabi/10.2.1/../../../../arm-none-eabi/lib/thumb/v7e-m+fp/hard/libc_nano.a(lib_a-wbuf.o)
 .text          0x00000000080092a0        0x0 /opt/gcc-arm-none-eabi-10-2020-q4-major/bin/../lib/gcc/arm-none-eabi/10.2.1/../../../../arm-none-eabi/lib/thumb/v7e-m+fp/hard/libc_nano.a(lib_a-wsetup.o)
 .text          0x00000000080092a0        0x0 /opt/gcc-arm-none-eabi-10-2020-q4-major/bin/../lib/gcc/arm-none-eabi/10.2.1/../../../../arm-none-eabi/lib/thumb/v7e-m+fp/hard/libc_nano.a(lib_a-fflush.o)
 .text          0x00000000080092a0        0x0 /opt/gcc-arm-none-eabi-10-2020-q4-major/bin/../lib/gcc/arm-none-eabi/10.2.1/../../../../arm-none-eabi/lib/thumb/v7e-m+fp/hard/libc_nano.a(lib_a-findfp.o)
 .text          0x00000000080092a0        0x0 /opt/gcc-arm-none-eabi-10-2020-q4-major/bin/../lib/gcc/arm-none-eabi/10.2.1/../../../../arm-none-eabi/lib/thumb/v7e-m+fp/hard/libc_nano.a(lib_a-fwalk.o)
 .text          0x00000000080092a0        0x0 /opt/gcc-arm-none-eabi-10-2020-q4-major/bin/../lib/gcc/arm-none-eabi/10.2.1/../../../../arm-none-eabi/lib/thumb/v7e-m+fp/hard/libc_nano.a(lib_a-lock.o)
 .text          0x00000000080092a0        0x0 /opt/gcc-arm-none-eabi-10-2020-q4-major/bin/../lib/gcc/arm-none-eabi/10.2.1/../../../../arm-none-eabi/lib/thumb/v7e-m+fp/hard/libc_nano.a(lib_a-makebuf.o)
 .text          0x00000000080092a0        0x0 /opt/gcc-arm-none-eabi-10-2020-q4-major/bin/../lib/gcc/arm-none-eabi/10.2.1/../../../../arm-none-eabi/lib/thumb/v7e-m+fp/hard/libc_nano.a(lib_a-mlock.o)
 .text          0x00000000080092a0        0x0 /opt/gcc-arm-none-eabi-10-2020-q4-major/bin/../lib/gcc/arm-none-eabi/10.2.1/../../../../arm-none-eabi/lib/thumb/v7e-m+fp/hard/libc_nano.a(lib_a-nano-vfprintf.o)
 .text          0x00000000080092a0        0x0 /opt/gcc-arm-none-eabi-10-2020-q4-major/bin/../lib/gcc/arm-none-eabi/10.2.1/../../../../arm-none-eabi/lib/thumb/v7e-m+fp/hard/libc_nano.a(lib_a-nano-vfprintf_i.o)
 .text          0x00000000080092a0        0x0 /opt/gcc-arm-none-eabi-10-2020-q4-major/bin/../lib/gcc/arm-none-eabi/10.2.1/../../../../arm-none-eabi/lib/thumb/v7e-m+fp/hard/libc_nano.a(lib_a-reent.o)
 .text          0x00000000080092a0        0x0 /opt/gcc-arm-none-eabi-10-2020-q4-major/bin/../lib/gcc/arm-none-eabi/10.2.1/../../../../arm-none-eabi/lib/thumb/v7e-m+fp/hard/libc_nano.a(lib_a-stdio.o)
 .text          0x00000000080092a0        0x0 /opt/gcc-arm-none-eabi-10-2020-q4-major/bin/../lib/gcc/arm-none-eabi/10.2.1/../../../../arm-none-eabi/lib/thumb/v7e-m+fp/hard/libc_nano.a(lib_a-writer.o)
 .text          0x00000000080092a0        0x0 /opt/gcc-arm-none-eabi-10-2020-q4-major/bin/../lib/gcc/arm-none-eabi/10.2.1/../../../../arm-none-eabi/lib/thumb/v7e-m+fp/hard/libc_nano.a(lib_a-closer.o)
 .text          0x00000000080092a0        0x0 /opt/gcc-arm-none-eabi-10-2020-q4-major/bin/../lib/gcc/arm-none-eabi/10.2.1/../../../../arm-none-eabi/lib/thumb/v7e-m+fp/hard/libc_nano.a(lib_a-fstatr.o)
 .text          0x00000000080092a0        0x0 /opt/gcc-arm-none-eabi-10-2020-q4-major/bin/../lib/gcc/arm-none-eabi/10.2.1/../../../../arm-none-eabi/lib/thumb/v7e-m+fp/hard/libc_nano.a(lib_a-fvwrite.o)
 .text          0x00000000080092a0        0x0 /opt/gcc-arm-none-eabi-10-2020-q4-major/bin/../lib/gcc/arm-none-eabi/10.2.1/../../../../arm-none-eabi/lib/thumb/v7e-m+fp/hard/libc_nano.a(lib_a-isattyr.o)
 .text          0x00000000080092a0        0x0 /opt/gcc-arm-none-eabi-10-2020-q4-major/bin/../lib/gcc/arm-none-eabi/10.2.1/../../../../arm-none-eabi/lib/thumb/v7e-m+fp/hard/libc_nano.a(lib_a-lseekr.o)
 .text          0x00000000080092a0       0xa0 /opt/gcc-arm-none-eabi-10-2020-q4-major/bin/../lib/gcc/arm-none-eabi/10.2.1/../../../../arm-none-eabi/lib/thumb/v7e-m+fp/hard/libc_nano.a(lib_a-memchr.o)
                0x00000000080092a0                memchr
 .text          0x0000000008009340        0x0 /opt/gcc-arm-none-eabi-10-2020-q4-major/bin/../lib/gcc/arm-none-eabi/10.2.1/../../../../arm-none-eabi/lib/thumb/v7e-m+fp/hard/libc_nano.a(lib_a-memmove.o)
 .text          0x0000000008009340        0x0 /opt/gcc-arm-none-eabi-10-2020-q4-major/bin/../lib/gcc/arm-none-eabi/10.2.1/../../../../arm-none-eabi/lib/thumb/v7e-m+fp/hard/libc_nano.a(lib_a-nano-reallocr.o)
 .text          0x0000000008009340        0x0 /opt/gcc-arm-none-eabi-10-2020-q4-major/bin/../lib/gcc/arm-none-eabi/10.2.1/../../../../arm-none-eabi/lib/thumb/v7e-m+fp/hard/libc_nano.a(lib_a-readr.o)
 .text          0x0000000008009340        0x0 /opt/gcc-arm-none-eabi-10-2020-q4-major/bin/../lib/gcc/arm-none-eabi/10.2.1/../../../../arm-none-eabi/lib/thumb/v7e-m+fp/hard/libc_nano.a(lib_a-nano-msizer.o)
 .text          0x0000000008009340        0x0 /opt/gcc-arm-none-eabi-10-2020-q4-major/bin/../lib/gcc/arm-none-eabi/10.2.1/thumb/v7e-m+fp/hard/crtend.o
 .text          0x0000000008009340        0x0 /opt/gcc-arm-none-eabi-10-2020-q4-major/bin/../lib/gcc/arm-none-eabi/10.2.1/thumb/v7e-m+fp/hard/crtn.o
 *(.text.*)
 .text.__errno  0x0000000008009340        0xc /opt/gcc-arm-none-eabi-10-2020-q4-major/bin/../lib/gcc/arm-none-eabi/10.2.1/../../../../arm-none-eabi/lib/thumb/v7e-m+fp/hard/libc_nano.a(lib_a-errno.o)
                0x0000000008009340                __errno
 .text.exit     0x000000000800934c       0x28 /opt/gcc-arm-none-eabi-10-2020-q4-major/bin/../lib/gcc/arm-none-eabi/10.2.1/../../../../arm-none-eabi/lib/thumb/v7e-m+fp/hard/libc_nano.a(lib_a-exit.o)
                0x000000000800934c                exit
 .text.__libc_init_array
                0x0000000008009374       0x48 /opt/gcc-arm-none-eabi-10-2020-q4-major/bin/../lib/gcc/arm-none-eabi/10.2.1/../../../../arm-none-eabi/lib/thumb/v7e-m+fp/hard/libc_nano.a(lib_a-init.o)
                0x0000000008009374                __libc_init_array
 .text.malloc   0x00000000080093bc       0x10 /opt/gcc-arm-none-eabi-10-2020-q4-major/bin/../lib/gcc/arm-none-eabi/10.2.1/../../../../arm-none-eabi/lib/thumb/v7e-m+fp/hard/libc_nano.a(lib_a-malloc.o)
                0x00000000080093bc                malloc
 .text.free     0x00000000080093cc       0x10 /opt/gcc-arm-none-eabi-10-2020-q4-major/bin/../lib/gcc/arm-none-eabi/10.2.1/../../../../arm-none-eabi/lib/thumb/v7e-m+fp/hard/libc_nano.a(lib_a-malloc.o)
                0x00000000080093cc                free
 .text.memcpy   0x00000000080093dc       0x1c /opt/gcc-arm-none-eabi-10-2020-q4-major/bin/../lib/gcc/arm-none-eabi/10.2.1/../../../../arm-none-eabi/lib/thumb/v7e-m+fp/hard/libc_nano.a(lib_a-memcpy-stub.o)
                0x00000000080093dc                memcpy
 .text.memset   0x00000000080093f8       0x10 /opt/gcc-arm-none-eabi-10-2020-q4-major/bin/../lib/gcc/arm-none-eabi/10.2.1/../../../../arm-none-eabi/lib/thumb/v7e-m+fp/hard/libc_nano.a(lib_a-memset.o)
                0x00000000080093f8                memset
 .text._free_r  0x0000000008009408       0x98 /opt/gcc-arm-none-eabi-10-2020-q4-major/bin/../lib/gcc/arm-none-eabi/10.2.1/../../../../arm-none-eabi/lib/thumb/v7e-m+fp/hard/libc_nano.a(lib_a-nano-freer.o)
                0x0000000008009408                _free_r
 .text._malloc_r
                0x00000000080094a0       0xb4 /opt/gcc-arm-none-eabi-10-2020-q4-major/bin/../lib/gcc/arm-none-eabi/10.2.1/../../../../arm-none-eabi/lib/thumb/v7e-m+fp/hard/libc_nano.a(lib_a-nano-mallocr.o)
                0x00000000080094a0                _malloc_r
 .text._printf_r
                0x0000000008009554       0x28 /opt/gcc-arm-none-eabi-10-2020-q4-major/bin/../lib/gcc/arm-none-eabi/10.2.1/../../../../arm-none-eabi/lib/thumb/v7e-m+fp/hard/libc_nano.a(lib_a-printf.o)
                0x0000000008009554                _printf_r
                0x0000000008009554                _iprintf_r
 .text.printf   0x000000000800957c       0x30 /opt/gcc-arm-none-eabi-10-2020-q4-major/bin/../lib/gcc/arm-none-eabi/10.2.1/../../../../arm-none-eabi/lib/thumb/v7e-m+fp/hard/libc_nano.a(lib_a-printf.o)
                0x000000000800957c                printf
                0x000000000800957c                iprintf
 .text._puts_r  0x00000000080095ac       0xdc /opt/gcc-arm-none-eabi-10-2020-q4-major/bin/../lib/gcc/arm-none-eabi/10.2.1/../../../../arm-none-eabi/lib/thumb/v7e-m+fp/hard/libc_nano.a(lib_a-puts.o)
                0x00000000080095ac                _puts_r
 .text.puts     0x0000000008009688       0x10 /opt/gcc-arm-none-eabi-10-2020-q4-major/bin/../lib/gcc/arm-none-eabi/10.2.1/../../../../arm-none-eabi/lib/thumb/v7e-m+fp/hard/libc_nano.a(lib_a-puts.o)
                0x0000000008009688                puts
 .text._sbrk_r  0x0000000008009698       0x20 /opt/gcc-arm-none-eabi-10-2020-q4-major/bin/../lib/gcc/arm-none-eabi/10.2.1/../../../../arm-none-eabi/lib/thumb/v7e-m+fp/hard/libc_nano.a(lib_a-sbrkr.o)
                0x0000000008009698                _sbrk_r
 .text.__swbuf_r
                0x00000000080096b8       0xa4 /opt/gcc-arm-none-eabi-10-2020-q4-major/bin/../lib/gcc/arm-none-eabi/10.2.1/../../../../arm-none-eabi/lib/thumb/v7e-m+fp/hard/libc_nano.a(lib_a-wbuf.o)
                0x00000000080096b8                __swbuf_r
 .text.__swbuf  0x000000000800975c       0x10 /opt/gcc-arm-none-eabi-10-2020-q4-major/bin/../lib/gcc/arm-none-eabi/10.2.1/../../../../arm-none-eabi/lib/thumb/v7e-m+fp/hard/libc_nano.a(lib_a-wbuf.o)
                0x000000000800975c                __swbuf
 .text.__swsetup_r
                0x000000000800976c       0xdc /opt/gcc-arm-none-eabi-10-2020-q4-major/bin/../lib/gcc/arm-none-eabi/10.2.1/../../../../arm-none-eabi/lib/thumb/v7e-m+fp/hard/libc_nano.a(lib_a-wsetup.o)
                0x000000000800976c                __swsetup_r
 .text.__sflush_r
                0x0000000008009848      0x10c /opt/gcc-arm-none-eabi-10-2020-q4-major/bin/../lib/gcc/arm-none-eabi/10.2.1/../../../../arm-none-eabi/lib/thumb/v7e-m+fp/hard/libc_nano.a(lib_a-fflush.o)
                0x0000000008009848                __sflush_r
 .text._fflush_r
                0x0000000008009954       0x78 /opt/gcc-arm-none-eabi-10-2020-q4-major/bin/../lib/gcc/arm-none-eabi/10.2.1/../../../../arm-none-eabi/lib/thumb/v7e-m+fp/hard/libc_nano.a(lib_a-fflush.o)
                0x0000000008009954                _fflush_r
 .text.fflush   0x00000000080099cc       0x24 /opt/gcc-arm-none-eabi-10-2020-q4-major/bin/../lib/gcc/arm-none-eabi/10.2.1/../../../../arm-none-eabi/lib/thumb/v7e-m+fp/hard/libc_nano.a(lib_a-fflush.o)
                0x00000000080099cc                fflush
 .text.std      0x00000000080099f0       0x48 /opt/gcc-arm-none-eabi-10-2020-q4-major/bin/../lib/gcc/arm-none-eabi/10.2.1/../../../../arm-none-eabi/lib/thumb/v7e-m+fp/hard/libc_nano.a(lib_a-findfp.o)
 .text._cleanup_r
                0x0000000008009a38        0xc /opt/gcc-arm-none-eabi-10-2020-q4-major/bin/../lib/gcc/arm-none-eabi/10.2.1/../../../../arm-none-eabi/lib/thumb/v7e-m+fp/hard/libc_nano.a(lib_a-findfp.o)
                0x0000000008009a38                _cleanup_r
 .text.__fp_lock
                0x0000000008009a44       0x18 /opt/gcc-arm-none-eabi-10-2020-q4-major/bin/../lib/gcc/arm-none-eabi/10.2.1/../../../../arm-none-eabi/lib/thumb/v7e-m+fp/hard/libc_nano.a(lib_a-findfp.o)
 .text.__fp_unlock
                0x0000000008009a5c       0x18 /opt/gcc-arm-none-eabi-10-2020-q4-major/bin/../lib/gcc/arm-none-eabi/10.2.1/../../../../arm-none-eabi/lib/thumb/v7e-m+fp/hard/libc_nano.a(lib_a-findfp.o)
 .text.__sfmoreglue
                0x0000000008009a74       0x2c /opt/gcc-arm-none-eabi-10-2020-q4-major/bin/../lib/gcc/arm-none-eabi/10.2.1/../../../../arm-none-eabi/lib/thumb/v7e-m+fp/hard/libc_nano.a(lib_a-findfp.o)
                0x0000000008009a74                __sfmoreglue
 .text._cleanup
                0x0000000008009aa0        0xc /opt/gcc-arm-none-eabi-10-2020-q4-major/bin/../lib/gcc/arm-none-eabi/10.2.1/../../../../arm-none-eabi/lib/thumb/v7e-m+fp/hard/libc_nano.a(lib_a-findfp.o)
                0x0000000008009aa0                _cleanup
 .text.__sfp_lock_acquire
                0x0000000008009aac        0xc /opt/gcc-arm-none-eabi-10-2020-q4-major/bin/../lib/gcc/arm-none-eabi/10.2.1/../../../../arm-none-eabi/lib/thumb/v7e-m+fp/hard/libc_nano.a(lib_a-findfp.o)
                0x0000000008009aac                __sfp_lock_acquire
 .text.__sfp_lock_release
                0x0000000008009ab8        0xc /opt/gcc-arm-none-eabi-10-2020-q4-major/bin/../lib/gcc/arm-none-eabi/10.2.1/../../../../arm-none-eabi/lib/thumb/v7e-m+fp/hard/libc_nano.a(lib_a-findfp.o)
                0x0000000008009ab8                __sfp_lock_release
 .text.__sinit_lock_acquire
                0x0000000008009ac4        0xc /opt/gcc-arm-none-eabi-10-2020-q4-major/bin/../lib/gcc/arm-none-eabi/10.2.1/../../../../arm-none-eabi/lib/thumb/v7e-m+fp/hard/libc_nano.a(lib_a-findfp.o)
                0x0000000008009ac4                __sinit_lock_acquire
 .text.__sinit_lock_release
                0x0000000008009ad0        0xc /opt/gcc-arm-none-eabi-10-2020-q4-major/bin/../lib/gcc/arm-none-eabi/10.2.1/../../../../arm-none-eabi/lib/thumb/v7e-m+fp/hard/libc_nano.a(lib_a-findfp.o)
                0x0000000008009ad0                __sinit_lock_release
 .text.__sinit  0x0000000008009adc       0x70 /opt/gcc-arm-none-eabi-10-2020-q4-major/bin/../lib/gcc/arm-none-eabi/10.2.1/../../../../arm-none-eabi/lib/thumb/v7e-m+fp/hard/libc_nano.a(lib_a-findfp.o)
                0x0000000008009adc                __sinit
 .text.__sfp    0x0000000008009b4c       0x8c /opt/gcc-arm-none-eabi-10-2020-q4-major/bin/../lib/gcc/arm-none-eabi/10.2.1/../../../../arm-none-eabi/lib/thumb/v7e-m+fp/hard/libc_nano.a(lib_a-findfp.o)
                0x0000000008009b4c                __sfp
 .text.__fp_lock_all
                0x0000000008009bd8       0x1c /opt/gcc-arm-none-eabi-10-2020-q4-major/bin/../lib/gcc/arm-none-eabi/10.2.1/../../../../arm-none-eabi/lib/thumb/v7e-m+fp/hard/libc_nano.a(lib_a-findfp.o)
                0x0000000008009bd8                __fp_lock_all
 .text.__fp_unlock_all
                0x0000000008009bf4       0x1c /opt/gcc-arm-none-eabi-10-2020-q4-major/bin/../lib/gcc/arm-none-eabi/10.2.1/../../../../arm-none-eabi/lib/thumb/v7e-m+fp/hard/libc_nano.a(lib_a-findfp.o)
                0x0000000008009bf4                __fp_unlock_all
 .text._fwalk   0x0000000008009c10       0x3a /opt/gcc-arm-none-eabi-10-2020-q4-major/bin/../lib/gcc/arm-none-eabi/10.2.1/../../../../arm-none-eabi/lib/thumb/v7e-m+fp/hard/libc_nano.a(lib_a-fwalk.o)
                0x0000000008009c10                _fwalk
 .text._fwalk_reent
                0x0000000008009c4a       0x3e /opt/gcc-arm-none-eabi-10-2020-q4-major/bin/../lib/gcc/arm-none-eabi/10.2.1/../../../../arm-none-eabi/lib/thumb/v7e-m+fp/hard/libc_nano.a(lib_a-fwalk.o)
                0x0000000008009c4a                _fwalk_reent
 .text.__retarget_lock_init
                0x0000000008009c88        0x2 /opt/gcc-arm-none-eabi-10-2020-q4-major/bin/../lib/gcc/arm-none-eabi/10.2.1/../../../../arm-none-eabi/lib/thumb/v7e-m+fp/hard/libc_nano.a(lib_a-lock.o)
                0x0000000008009c88                __retarget_lock_init
 .text.__retarget_lock_init_recursive
                0x0000000008009c8a        0x2 /opt/gcc-arm-none-eabi-10-2020-q4-major/bin/../lib/gcc/arm-none-eabi/10.2.1/../../../../arm-none-eabi/lib/thumb/v7e-m+fp/hard/libc_nano.a(lib_a-lock.o)
                0x0000000008009c8a                __retarget_lock_init_recursive
 .text.__retarget_lock_close
                0x0000000008009c8c        0x2 /opt/gcc-arm-none-eabi-10-2020-q4-major/bin/../lib/gcc/arm-none-eabi/10.2.1/../../../../arm-none-eabi/lib/thumb/v7e-m+fp/hard/libc_nano.a(lib_a-lock.o)
                0x0000000008009c8c                __retarget_lock_close
 .text.__retarget_lock_close_recursive
                0x0000000008009c8e        0x2 /opt/gcc-arm-none-eabi-10-2020-q4-major/bin/../lib/gcc/arm-none-eabi/10.2.1/../../../../arm-none-eabi/lib/thumb/v7e-m+fp/hard/libc_nano.a(lib_a-lock.o)
                0x0000000008009c8e                __retarget_lock_close_recursive
 .text.__retarget_lock_acquire
                0x0000000008009c90        0x2 /opt/gcc-arm-none-eabi-10-2020-q4-major/bin/../lib/gcc/arm-none-eabi/10.2.1/../../../../arm-none-eabi/lib/thumb/v7e-m+fp/hard/libc_nano.a(lib_a-lock.o)
                0x0000000008009c90                __retarget_lock_acquire
 .text.__retarget_lock_acquire_recursive
                0x0000000008009c92        0x2 /opt/gcc-arm-none-eabi-10-2020-q4-major/bin/../lib/gcc/arm-none-eabi/10.2.1/../../../../arm-none-eabi/lib/thumb/v7e-m+fp/hard/libc_nano.a(lib_a-lock.o)
                0x0000000008009c92                __retarget_lock_acquire_recursive
 .text.__retarget_lock_try_acquire
                0x0000000008009c94        0x4 /opt/gcc-arm-none-eabi-10-2020-q4-major/bin/../lib/gcc/arm-none-eabi/10.2.1/../../../../arm-none-eabi/lib/thumb/v7e-m+fp/hard/libc_nano.a(lib_a-lock.o)
                0x0000000008009c94                __retarget_lock_try_acquire
 .text.__retarget_lock_try_acquire_recursive
                0x0000000008009c98        0x4 /opt/gcc-arm-none-eabi-10-2020-q4-major/bin/../lib/gcc/arm-none-eabi/10.2.1/../../../../arm-none-eabi/lib/thumb/v7e-m+fp/hard/libc_nano.a(lib_a-lock.o)
                0x0000000008009c98                __retarget_lock_try_acquire_recursive
 .text.__retarget_lock_release
                0x0000000008009c9c        0x2 /opt/gcc-arm-none-eabi-10-2020-q4-major/bin/../lib/gcc/arm-none-eabi/10.2.1/../../../../arm-none-eabi/lib/thumb/v7e-m+fp/hard/libc_nano.a(lib_a-lock.o)
                0x0000000008009c9c                __retarget_lock_release
 .text.__retarget_lock_release_recursive
                0x0000000008009c9e        0x2 /opt/gcc-arm-none-eabi-10-2020-q4-major/bin/../lib/gcc/arm-none-eabi/10.2.1/../../../../arm-none-eabi/lib/thumb/v7e-m+fp/hard/libc_nano.a(lib_a-lock.o)
                0x0000000008009c9e                __retarget_lock_release_recursive
 .text.__swhatbuf_r
                0x0000000008009ca0       0x4a /opt/gcc-arm-none-eabi-10-2020-q4-major/bin/../lib/gcc/arm-none-eabi/10.2.1/../../../../arm-none-eabi/lib/thumb/v7e-m+fp/hard/libc_nano.a(lib_a-makebuf.o)
                0x0000000008009ca0                __swhatbuf_r
 *fill*         0x0000000008009cea        0x2 
 .text.__smakebuf_r
                0x0000000008009cec       0x80 /opt/gcc-arm-none-eabi-10-2020-q4-major/bin/../lib/gcc/arm-none-eabi/10.2.1/../../../../arm-none-eabi/lib/thumb/v7e-m+fp/hard/libc_nano.a(lib_a-makebuf.o)
                0x0000000008009cec                __smakebuf_r
 .text.__malloc_lock
                0x0000000008009d6c        0xc /opt/gcc-arm-none-eabi-10-2020-q4-major/bin/../lib/gcc/arm-none-eabi/10.2.1/../../../../arm-none-eabi/lib/thumb/v7e-m+fp/hard/libc_nano.a(lib_a-mlock.o)
                0x0000000008009d6c                __malloc_lock
 .text.__malloc_unlock
                0x0000000008009d78        0xc /opt/gcc-arm-none-eabi-10-2020-q4-major/bin/../lib/gcc/arm-none-eabi/10.2.1/../../../../arm-none-eabi/lib/thumb/v7e-m+fp/hard/libc_nano.a(lib_a-mlock.o)
                0x0000000008009d78                __malloc_unlock
 .text.__sfputc_r
                0x0000000008009d84       0x2e /opt/gcc-arm-none-eabi-10-2020-q4-major/bin/../lib/gcc/arm-none-eabi/10.2.1/../../../../arm-none-eabi/lib/thumb/v7e-m+fp/hard/libc_nano.a(lib_a-nano-vfprintf.o)
 .text.__sfputs_r
                0x0000000008009db2       0x24 /opt/gcc-arm-none-eabi-10-2020-q4-major/bin/../lib/gcc/arm-none-eabi/10.2.1/../../../../arm-none-eabi/lib/thumb/v7e-m+fp/hard/libc_nano.a(lib_a-nano-vfprintf.o)
                0x0000000008009db2                __sfputs_r
 .text.__sprint_r
                0x0000000008009dd6       0x1a /opt/gcc-arm-none-eabi-10-2020-q4-major/bin/../lib/gcc/arm-none-eabi/10.2.1/../../../../arm-none-eabi/lib/thumb/v7e-m+fp/hard/libc_nano.a(lib_a-nano-vfprintf.o)
                0x0000000008009dd6                __sprint_r
 .text._vfprintf_r
                0x0000000008009df0      0x260 /opt/gcc-arm-none-eabi-10-2020-q4-major/bin/../lib/gcc/arm-none-eabi/10.2.1/../../../../arm-none-eabi/lib/thumb/v7e-m+fp/hard/libc_nano.a(lib_a-nano-vfprintf.o)
                0x0000000008009df0                _vfiprintf_r
                0x0000000008009df0                _vfprintf_r
 .text.vfprintf
                0x000000000800a050       0x14 /opt/gcc-arm-none-eabi-10-2020-q4-major/bin/../lib/gcc/arm-none-eabi/10.2.1/../../../../arm-none-eabi/lib/thumb/v7e-m+fp/hard/libc_nano.a(lib_a-nano-vfprintf.o)
                0x000000000800a050                vfiprintf
                0x000000000800a050                vfprintf
 .text._printf_common
                0x000000000800a064       0xda /opt/gcc-arm-none-eabi-10-2020-q4-major/bin/../lib/gcc/arm-none-eabi/10.2.1/../../../../arm-none-eabi/lib/thumb/v7e-m+fp/hard/libc_nano.a(lib_a-nano-vfprintf_i.o)
                0x000000000800a064                _printf_common
 *fill*         0x000000000800a13e        0x2 
 .text._printf_i
                0x000000000800a140      0x24c /opt/gcc-arm-none-eabi-10-2020-q4-major/bin/../lib/gcc/arm-none-eabi/10.2.1/../../../../arm-none-eabi/lib/thumb/v7e-m+fp/hard/libc_nano.a(lib_a-nano-vfprintf_i.o)
                0x000000000800a140                _printf_i
 .text.cleanup_glue
                0x000000000800a38c       0x1a /opt/gcc-arm-none-eabi-10-2020-q4-major/bin/../lib/gcc/arm-none-eabi/10.2.1/../../../../arm-none-eabi/lib/thumb/v7e-m+fp/hard/libc_nano.a(lib_a-reent.o)
                0x000000000800a38c                cleanup_glue
 *fill*         0x000000000800a3a6        0x2 
 .text._reclaim_reent
                0x000000000800a3a8       0xb8 /opt/gcc-arm-none-eabi-10-2020-q4-major/bin/../lib/gcc/arm-none-eabi/10.2.1/../../../../arm-none-eabi/lib/thumb/v7e-m+fp/hard/libc_nano.a(lib_a-reent.o)
                0x000000000800a3a8                _reclaim_reent
 .text.__sread  0x000000000800a460       0x22 /opt/gcc-arm-none-eabi-10-2020-q4-major/bin/../lib/gcc/arm-none-eabi/10.2.1/../../../../arm-none-eabi/lib/thumb/v7e-m+fp/hard/libc_nano.a(lib_a-stdio.o)
                0x000000000800a460                __sread
 .text.__seofread
                0x000000000800a482        0x4 /opt/gcc-arm-none-eabi-10-2020-q4-major/bin/../lib/gcc/arm-none-eabi/10.2.1/../../../../arm-none-eabi/lib/thumb/v7e-m+fp/hard/libc_nano.a(lib_a-stdio.o)
                0x000000000800a482                __seofread
 .text.__swrite
                0x000000000800a486       0x38 /opt/gcc-arm-none-eabi-10-2020-q4-major/bin/../lib/gcc/arm-none-eabi/10.2.1/../../../../arm-none-eabi/lib/thumb/v7e-m+fp/hard/libc_nano.a(lib_a-stdio.o)
                0x000000000800a486                __swrite
 .text.__sseek  0x000000000800a4be       0x24 /opt/gcc-arm-none-eabi-10-2020-q4-major/bin/../lib/gcc/arm-none-eabi/10.2.1/../../../../arm-none-eabi/lib/thumb/v7e-m+fp/hard/libc_nano.a(lib_a-stdio.o)
                0x000000000800a4be                __sseek
 .text.__sclose
                0x000000000800a4e2        0x8 /opt/gcc-arm-none-eabi-10-2020-q4-major/bin/../lib/gcc/arm-none-eabi/10.2.1/../../../../arm-none-eabi/lib/thumb/v7e-m+fp/hard/libc_nano.a(lib_a-stdio.o)
                0x000000000800a4e2                __sclose
 *fill*         0x000000000800a4ea        0x2 
 .text._write_r
                0x000000000800a4ec       0x24 /opt/gcc-arm-none-eabi-10-2020-q4-major/bin/../lib/gcc/arm-none-eabi/10.2.1/../../../../arm-none-eabi/lib/thumb/v7e-m+fp/hard/libc_nano.a(lib_a-writer.o)
                0x000000000800a4ec                _write_r
 .text._close_r
                0x000000000800a510       0x20 /opt/gcc-arm-none-eabi-10-2020-q4-major/bin/../lib/gcc/arm-none-eabi/10.2.1/../../../../arm-none-eabi/lib/thumb/v7e-m+fp/hard/libc_nano.a(lib_a-closer.o)
                0x000000000800a510                _close_r
 .text._fstat_r
                0x000000000800a530       0x24 /opt/gcc-arm-none-eabi-10-2020-q4-major/bin/../lib/gcc/arm-none-eabi/10.2.1/../../../../arm-none-eabi/lib/thumb/v7e-m+fp/hard/libc_nano.a(lib_a-fstatr.o)
                0x000000000800a530                _fstat_r
 .text.__sfvwrite_r
                0x000000000800a554      0x294 /opt/gcc-arm-none-eabi-10-2020-q4-major/bin/../lib/gcc/arm-none-eabi/10.2.1/../../../../arm-none-eabi/lib/thumb/v7e-m+fp/hard/libc_nano.a(lib_a-fvwrite.o)
                0x000000000800a554                __sfvwrite_r
 .text._isatty_r
                0x000000000800a7e8       0x20 /opt/gcc-arm-none-eabi-10-2020-q4-major/bin/../lib/gcc/arm-none-eabi/10.2.1/../../../../arm-none-eabi/lib/thumb/v7e-m+fp/hard/libc_nano.a(lib_a-isattyr.o)
                0x000000000800a7e8                _isatty_r
 .text._lseek_r
                0x000000000800a808       0x24 /opt/gcc-arm-none-eabi-10-2020-q4-major/bin/../lib/gcc/arm-none-eabi/10.2.1/../../../../arm-none-eabi/lib/thumb/v7e-m+fp/hard/libc_nano.a(lib_a-lseekr.o)
                0x000000000800a808                _lseek_r
 .text.memmove  0x000000000800a82c       0x34 /opt/gcc-arm-none-eabi-10-2020-q4-major/bin/../lib/gcc/arm-none-eabi/10.2.1/../../../../arm-none-eabi/lib/thumb/v7e-m+fp/hard/libc_nano.a(lib_a-memmove.o)
                0x000000000800a82c                memmove
 .text._realloc_r
                0x000000000800a860       0x4c /opt/gcc-arm-none-eabi-10-2020-q4-major/bin/../lib/gcc/arm-none-eabi/10.2.1/../../../../arm-none-eabi/lib/thumb/v7e-m+fp/hard/libc_nano.a(lib_a-nano-reallocr.o)
                0x000000000800a860                _realloc_r
 .text._read_r  0x000000000800a8ac       0x24 /opt/gcc-arm-none-eabi-10-2020-q4-major/bin/../lib/gcc/arm-none-eabi/10.2.1/../../../../arm-none-eabi/lib/thumb/v7e-m+fp/hard/libc_nano.a(lib_a-readr.o)
                0x000000000800a8ac                _read_r
 .text._malloc_usable_size_r
                0x000000000800a8d0       0x10 /opt/gcc-arm-none-eabi-10-2020-q4-major/bin/../lib/gcc/arm-none-eabi/10.2.1/../../../../arm-none-eabi/lib/thumb/v7e-m+fp/hard/libc_nano.a(lib_a-nano-msizer.o)
                0x000000000800a8d0                _malloc_usable_size_r
 *(.rodata)
 .rodata        0x000000000800a8e0       0x24 /opt/gcc-arm-none-eabi-10-2020-q4-major/bin/../lib/gcc/arm-none-eabi/10.2.1/thumb/v7e-m+fp/hard/crtbegin.o
 .rodata        0x000000000800a904        0x5 FreeRTOS-Kernel/tasks.o
 *fill*         0x000000000800a909        0x3 
 .rodata        0x000000000800a90c        0x4 FreeRTOS-Kernel/portable/MemMang/heap_4.o
 .rodata        0x000000000800a910       0xa2 tasks.o
 *fill*         0x000000000800a9b2        0x2 
 .rodata        0x000000000800a9b4       0x14 ../../Drivers/ADC.o
                0x000000000800a9b4                ADCClock
                0x000000000800a9b8                CommonRegs
                0x000000000800a9bc                ADC1
                0x000000000800a9c0                ADC2
                0x000000000800a9c4                ADC3
 .rodata        0x000000000800a9c8       0x1c ../../Drivers/CAN.o
                0x000000000800a9c8                CANClock
                0x000000000800a9cc                CAN1
                0x000000000800a9d0                CAN1MailFilters
                0x000000000800a9d4                CAN1Bank
                0x000000000800a9d8                CAN2
                0x000000000800a9dc                CAN2MailFilters
                0x000000000800a9e0                CAN2Bank
 .rodata        0x000000000800a9e4       0x28 ../../Drivers/GPIO.o
                0x000000000800a9e4                GPIOClock
                0x000000000800a9e8                A
                0x000000000800a9ec                B
                0x000000000800a9f0                C
                0x000000000800a9f4                D
                0x000000000800a9f8                E
                0x000000000800a9fc                F
                0x000000000800aa00                G
                0x000000000800aa04                H
                0x000000000800aa08                I
 .rodata        0x000000000800aa0c       0x28 ../../Drivers/ExternalInterrupt.o
                0x000000000800aa0c                EXTI
                0x000000000800aa10                CFG_EXTICR1
                0x000000000800aa14                CFG_EXTICR2
                0x000000000800aa18                CFG_EXTICR3
                0x000000000800aa1c                CFG_EXTICR4
                0x000000000800aa20                SYSCFG_CLK
 .rodata        0x000000000800aa34        0x8 ../../Drivers/NVIC.o
                0x000000000800aa34                SOFTWARE_SET
                0x000000000800aa38                CONFIG_CONTROL
 .rodata        0x000000000800aa3c        0xc ../../Drivers/DMA.o
                0x000000000800aa3c                DMAClock
                0x000000000800aa40                DMA1
                0x000000000800aa44                DMA2
 .rodata        0x000000000800aa48       0x24 /opt/gcc-arm-none-eabi-10-2020-q4-major/bin/../lib/gcc/arm-none-eabi/10.2.1/thumb/v7e-m+fp/hard/crtend.o
 *(.rodata.*)
 .rodata._global_impure_ptr
                0x000000000800aa6c        0x4 /opt/gcc-arm-none-eabi-10-2020-q4-major/bin/../lib/gcc/arm-none-eabi/10.2.1/../../../../arm-none-eabi/lib/thumb/v7e-m+fp/hard/libc_nano.a(lib_a-impure.o)
                0x000000000800aa6c                _global_impure_ptr
 .rodata.__sf_fake_stderr
                0x000000000800aa70       0x20 /opt/gcc-arm-none-eabi-10-2020-q4-major/bin/../lib/gcc/arm-none-eabi/10.2.1/../../../../arm-none-eabi/lib/thumb/v7e-m+fp/hard/libc_nano.a(lib_a-findfp.o)
                0x000000000800aa70                __sf_fake_stderr
 .rodata.__sf_fake_stdin
                0x000000000800aa90       0x20 /opt/gcc-arm-none-eabi-10-2020-q4-major/bin/../lib/gcc/arm-none-eabi/10.2.1/../../../../arm-none-eabi/lib/thumb/v7e-m+fp/hard/libc_nano.a(lib_a-findfp.o)
                0x000000000800aa90                __sf_fake_stdin
 .rodata.__sf_fake_stdout
                0x000000000800aab0       0x20 /opt/gcc-arm-none-eabi-10-2020-q4-major/bin/../lib/gcc/arm-none-eabi/10.2.1/../../../../arm-none-eabi/lib/thumb/v7e-m+fp/hard/libc_nano.a(lib_a-findfp.o)
                0x000000000800aab0                __sf_fake_stdout
 .rodata._vfprintf_r.str1.1
                0x000000000800aad0       0x11 /opt/gcc-arm-none-eabi-10-2020-q4-major/bin/../lib/gcc/arm-none-eabi/10.2.1/../../../../arm-none-eabi/lib/thumb/v7e-m+fp/hard/libc_nano.a(lib_a-nano-vfprintf.o)
 .rodata._printf_i.str1.1
                0x000000000800aae1       0x22 /opt/gcc-arm-none-eabi-10-2020-q4-major/bin/../lib/gcc/arm-none-eabi/10.2.1/../../../../arm-none-eabi/lib/thumb/v7e-m+fp/hard/libc_nano.a(lib_a-nano-vfprintf_i.o)
                0x000000000800ab04                . = ALIGN (0x4)
 *fill*         0x000000000800ab03        0x1 
                0x000000000800ab04                _etext = .
                0x000000000800ab28                _la_data = LOADADDR (.data)

.glue_7         0x000000000800ab04        0x0
 .glue_7        0x000000000800ab04        0x0 linker stubs

.glue_7t        0x000000000800ab04        0x0
 .glue_7t       0x000000000800ab04        0x0 linker stubs

.vfp11_veneer   0x000000000800ab04        0x0
 .vfp11_veneer  0x000000000800ab04        0x0 linker stubs

.v4_bx          0x000000000800ab04        0x0
 .v4_bx         0x000000000800ab04        0x0 linker stubs

.init           0x000000000800ab04        0xc
 .init          0x000000000800ab04        0x4 /opt/gcc-arm-none-eabi-10-2020-q4-major/bin/../lib/gcc/arm-none-eabi/10.2.1/thumb/v7e-m+fp/hard/crti.o
                0x000000000800ab04                _init
 .init          0x000000000800ab08        0x8 /opt/gcc-arm-none-eabi-10-2020-q4-major/bin/../lib/gcc/arm-none-eabi/10.2.1/thumb/v7e-m+fp/hard/crtn.o

.fini           0x000000000800ab10        0xc
 .fini          0x000000000800ab10        0x4 /opt/gcc-arm-none-eabi-10-2020-q4-major/bin/../lib/gcc/arm-none-eabi/10.2.1/thumb/v7e-m+fp/hard/crti.o
                0x000000000800ab10                _fini
 .fini          0x000000000800ab14        0x8 /opt/gcc-arm-none-eabi-10-2020-q4-major/bin/../lib/gcc/arm-none-eabi/10.2.1/thumb/v7e-m+fp/hard/crtn.o

.iplt           0x000000000800ab1c        0x0
 .iplt          0x000000000800ab1c        0x0 /opt/gcc-arm-none-eabi-10-2020-q4-major/bin/../lib/gcc/arm-none-eabi/10.2.1/thumb/v7e-m+fp/hard/crtbegin.o

.eh_frame       0x000000000800ab1c        0x4
 .eh_frame      0x000000000800ab1c        0x0 /opt/gcc-arm-none-eabi-10-2020-q4-major/bin/../lib/gcc/arm-none-eabi/10.2.1/thumb/v7e-m+fp/hard/crtbegin.o
 .eh_frame      0x000000000800ab1c        0x4 /opt/gcc-arm-none-eabi-10-2020-q4-major/bin/../lib/gcc/arm-none-eabi/10.2.1/thumb/v7e-m+fp/hard/crtend.o

.ARM.extab      0x000000000800ab20        0x0
 .ARM.extab     0x000000000800ab20        0x0 /opt/gcc-arm-none-eabi-10-2020-q4-major/bin/../lib/gcc/arm-none-eabi/10.2.1/../../../../arm-none-eabi/lib/thumb/v7e-m+fp/hard/crt0.o

.ARM.exidx      0x000000000800ab20        0x8
 .ARM.exidx     0x000000000800ab20        0x8 /opt/gcc-arm-none-eabi-10-2020-q4-major/bin/../lib/gcc/arm-none-eabi/10.2.1/../../../../arm-none-eabi/lib/thumb/v7e-m+fp/hard/crt0.o
                                         0x10 (size before relaxing)

.rel.dyn        0x000000000800ab28        0x0
 .rel.iplt      0x000000000800ab28        0x0 /opt/gcc-arm-none-eabi-10-2020-q4-major/bin/../lib/gcc/arm-none-eabi/10.2.1/thumb/v7e-m+fp/hard/crtbegin.o

.data           0x0000000020000000      0x204 load address 0x000000000800ab28
                0x0000000020000000                _sdata = .
 *(.data)
 .data          0x0000000020000000        0x0 /opt/gcc-arm-none-eabi-10-2020-q4-major/bin/../lib/gcc/arm-none-eabi/10.2.1/thumb/v7e-m+fp/hard/crti.o
 .data          0x0000000020000000        0x4 /opt/gcc-arm-none-eabi-10-2020-q4-major/bin/../lib/gcc/arm-none-eabi/10.2.1/thumb/v7e-m+fp/hard/crtbegin.o
                0x0000000020000000                __dso_handle
 .data          0x0000000020000004        0x0 /opt/gcc-arm-none-eabi-10-2020-q4-major/bin/../lib/gcc/arm-none-eabi/10.2.1/../../../../arm-none-eabi/lib/thumb/v7e-m+fp/hard/crt0.o
 .data          0x0000000020000004        0x4 FreeRTOS-Kernel/tasks.o
 .data          0x0000000020000008        0x0 FreeRTOS-Kernel/queue.o
 .data          0x0000000020000008        0x0 FreeRTOS-Kernel/list.o
 .data          0x0000000020000008        0x0 FreeRTOS-Kernel/timers.o
 .data          0x0000000020000008        0x0 FreeRTOS-Kernel/event_groups.o
 .data          0x0000000020000008        0x0 FreeRTOS-Kernel/stream_buffer.o
 .data          0x0000000020000008        0x0 FreeRTOS-Kernel/croutine.o
 .data          0x0000000020000008        0x0 FreeRTOS-Kernel/portable/MemMang/heap_4.o
 .data          0x0000000020000008        0x4 FreeRTOS-Kernel/portable/GCC/ARM_CM4F/port.o
 .data          0x000000002000000c        0x0 main.o
 .data          0x000000002000000c        0x2 tasks.o
                0x000000002000000c                can_pinNums
 .data          0x000000002000000e        0x0 ../../446-Comp-Files/syscalls.o
 .data          0x000000002000000e        0x0 ../../446-Comp-Files/startup.o
 .data          0x000000002000000e        0x0 ../../Drivers/ADC.o
 .data          0x000000002000000e        0x0 ../../Drivers/CAN.o
 .data          0x000000002000000e        0x0 ../../Drivers/GPIO.o
 .data          0x000000002000000e        0x0 ../../Drivers/ExternalInterrupt.o
 *fill*         0x000000002000000e        0x2 
 .data          0x0000000020000010      0x190 ../../Drivers/NVIC.o
                0x0000000020000010                addresses
                0x00000000200000b0                priority_addresses
 .data          0x00000000200001a0        0x0 ../../Drivers/CPU.o
 .data          0x00000000200001a0        0x0 ../../Drivers/faults.o
 .data          0x00000000200001a0        0x0 ../../Drivers/isr_handlers.o
 .data          0x00000000200001a0        0x0 ../../Drivers/DMA.o
 .data          0x00000000200001a0        0x0 /opt/gcc-arm-none-eabi-10-2020-q4-major/bin/../lib/gcc/arm-none-eabi/10.2.1/../../../../arm-none-eabi/lib/thumb/v7e-m+fp/hard/libc_nano.a(lib_a-errno.o)
 .data          0x00000000200001a0        0x0 /opt/gcc-arm-none-eabi-10-2020-q4-major/bin/../lib/gcc/arm-none-eabi/10.2.1/../../../../arm-none-eabi/lib/thumb/v7e-m+fp/hard/libc_nano.a(lib_a-exit.o)
 .data          0x00000000200001a0        0x0 /opt/gcc-arm-none-eabi-10-2020-q4-major/bin/../lib/gcc/arm-none-eabi/10.2.1/../../../../arm-none-eabi/lib/thumb/v7e-m+fp/hard/libc_nano.a(lib_a-impure.o)
 .data          0x00000000200001a0        0x0 /opt/gcc-arm-none-eabi-10-2020-q4-major/bin/../lib/gcc/arm-none-eabi/10.2.1/../../../../arm-none-eabi/lib/thumb/v7e-m+fp/hard/libc_nano.a(lib_a-init.o)
 .data          0x00000000200001a0        0x0 /opt/gcc-arm-none-eabi-10-2020-q4-major/bin/../lib/gcc/arm-none-eabi/10.2.1/../../../../arm-none-eabi/lib/thumb/v7e-m+fp/hard/libc_nano.a(lib_a-malloc.o)
 .data          0x00000000200001a0        0x0 /opt/gcc-arm-none-eabi-10-2020-q4-major/bin/../lib/gcc/arm-none-eabi/10.2.1/../../../../arm-none-eabi/lib/thumb/v7e-m+fp/hard/libc_nano.a(lib_a-memcpy-stub.o)
 .data          0x00000000200001a0        0x0 /opt/gcc-arm-none-eabi-10-2020-q4-major/bin/../lib/gcc/arm-none-eabi/10.2.1/../../../../arm-none-eabi/lib/thumb/v7e-m+fp/hard/libc_nano.a(lib_a-memset.o)
 .data          0x00000000200001a0        0x0 /opt/gcc-arm-none-eabi-10-2020-q4-major/bin/../lib/gcc/arm-none-eabi/10.2.1/../../../../arm-none-eabi/lib/thumb/v7e-m+fp/hard/libc_nano.a(lib_a-nano-freer.o)
 .data          0x00000000200001a0        0x0 /opt/gcc-arm-none-eabi-10-2020-q4-major/bin/../lib/gcc/arm-none-eabi/10.2.1/../../../../arm-none-eabi/lib/thumb/v7e-m+fp/hard/libc_nano.a(lib_a-nano-mallocr.o)
 .data          0x00000000200001a0        0x0 /opt/gcc-arm-none-eabi-10-2020-q4-major/bin/../lib/gcc/arm-none-eabi/10.2.1/../../../../arm-none-eabi/lib/thumb/v7e-m+fp/hard/libc_nano.a(lib_a-printf.o)
 .data          0x00000000200001a0        0x0 /opt/gcc-arm-none-eabi-10-2020-q4-major/bin/../lib/gcc/arm-none-eabi/10.2.1/../../../../arm-none-eabi/lib/thumb/v7e-m+fp/hard/libc_nano.a(lib_a-puts.o)
 .data          0x00000000200001a0        0x0 /opt/gcc-arm-none-eabi-10-2020-q4-major/bin/../lib/gcc/arm-none-eabi/10.2.1/../../../../arm-none-eabi/lib/thumb/v7e-m+fp/hard/libc_nano.a(lib_a-sbrkr.o)
 .data          0x00000000200001a0        0x0 /opt/gcc-arm-none-eabi-10-2020-q4-major/bin/../lib/gcc/arm-none-eabi/10.2.1/../../../../arm-none-eabi/lib/thumb/v7e-m+fp/hard/libc_nano.a(lib_a-wbuf.o)
 .data          0x00000000200001a0        0x0 /opt/gcc-arm-none-eabi-10-2020-q4-major/bin/../lib/gcc/arm-none-eabi/10.2.1/../../../../arm-none-eabi/lib/thumb/v7e-m+fp/hard/libc_nano.a(lib_a-wsetup.o)
 .data          0x00000000200001a0        0x0 /opt/gcc-arm-none-eabi-10-2020-q4-major/bin/../lib/gcc/arm-none-eabi/10.2.1/../../../../arm-none-eabi/lib/thumb/v7e-m+fp/hard/libc_nano.a(lib_a-fflush.o)
 .data          0x00000000200001a0        0x0 /opt/gcc-arm-none-eabi-10-2020-q4-major/bin/../lib/gcc/arm-none-eabi/10.2.1/../../../../arm-none-eabi/lib/thumb/v7e-m+fp/hard/libc_nano.a(lib_a-findfp.o)
 .data          0x00000000200001a0        0x0 /opt/gcc-arm-none-eabi-10-2020-q4-major/bin/../lib/gcc/arm-none-eabi/10.2.1/../../../../arm-none-eabi/lib/thumb/v7e-m+fp/hard/libc_nano.a(lib_a-fwalk.o)
 .data          0x00000000200001a0        0x0 /opt/gcc-arm-none-eabi-10-2020-q4-major/bin/../lib/gcc/arm-none-eabi/10.2.1/../../../../arm-none-eabi/lib/thumb/v7e-m+fp/hard/libc_nano.a(lib_a-lock.o)
 .data          0x00000000200001a0        0x0 /opt/gcc-arm-none-eabi-10-2020-q4-major/bin/../lib/gcc/arm-none-eabi/10.2.1/../../../../arm-none-eabi/lib/thumb/v7e-m+fp/hard/libc_nano.a(lib_a-makebuf.o)
 .data          0x00000000200001a0        0x0 /opt/gcc-arm-none-eabi-10-2020-q4-major/bin/../lib/gcc/arm-none-eabi/10.2.1/../../../../arm-none-eabi/lib/thumb/v7e-m+fp/hard/libc_nano.a(lib_a-mlock.o)
 .data          0x00000000200001a0        0x0 /opt/gcc-arm-none-eabi-10-2020-q4-major/bin/../lib/gcc/arm-none-eabi/10.2.1/../../../../arm-none-eabi/lib/thumb/v7e-m+fp/hard/libc_nano.a(lib_a-nano-vfprintf.o)
 .data          0x00000000200001a0        0x0 /opt/gcc-arm-none-eabi-10-2020-q4-major/bin/../lib/gcc/arm-none-eabi/10.2.1/../../../../arm-none-eabi/lib/thumb/v7e-m+fp/hard/libc_nano.a(lib_a-nano-vfprintf_i.o)
 .data          0x00000000200001a0        0x0 /opt/gcc-arm-none-eabi-10-2020-q4-major/bin/../lib/gcc/arm-none-eabi/10.2.1/../../../../arm-none-eabi/lib/thumb/v7e-m+fp/hard/libc_nano.a(lib_a-reent.o)
 .data          0x00000000200001a0        0x0 /opt/gcc-arm-none-eabi-10-2020-q4-major/bin/../lib/gcc/arm-none-eabi/10.2.1/../../../../arm-none-eabi/lib/thumb/v7e-m+fp/hard/libc_nano.a(lib_a-stdio.o)
 .data          0x00000000200001a0        0x0 /opt/gcc-arm-none-eabi-10-2020-q4-major/bin/../lib/gcc/arm-none-eabi/10.2.1/../../../../arm-none-eabi/lib/thumb/v7e-m+fp/hard/libc_nano.a(lib_a-writer.o)
 .data          0x00000000200001a0        0x0 /opt/gcc-arm-none-eabi-10-2020-q4-major/bin/../lib/gcc/arm-none-eabi/10.2.1/../../../../arm-none-eabi/lib/thumb/v7e-m+fp/hard/libc_nano.a(lib_a-closer.o)
 .data          0x00000000200001a0        0x0 /opt/gcc-arm-none-eabi-10-2020-q4-major/bin/../lib/gcc/arm-none-eabi/10.2.1/../../../../arm-none-eabi/lib/thumb/v7e-m+fp/hard/libc_nano.a(lib_a-fstatr.o)
 .data          0x00000000200001a0        0x0 /opt/gcc-arm-none-eabi-10-2020-q4-major/bin/../lib/gcc/arm-none-eabi/10.2.1/../../../../arm-none-eabi/lib/thumb/v7e-m+fp/hard/libc_nano.a(lib_a-fvwrite.o)
 .data          0x00000000200001a0        0x0 /opt/gcc-arm-none-eabi-10-2020-q4-major/bin/../lib/gcc/arm-none-eabi/10.2.1/../../../../arm-none-eabi/lib/thumb/v7e-m+fp/hard/libc_nano.a(lib_a-isattyr.o)
 .data          0x00000000200001a0        0x0 /opt/gcc-arm-none-eabi-10-2020-q4-major/bin/../lib/gcc/arm-none-eabi/10.2.1/../../../../arm-none-eabi/lib/thumb/v7e-m+fp/hard/libc_nano.a(lib_a-lseekr.o)
 .data          0x00000000200001a0        0x0 /opt/gcc-arm-none-eabi-10-2020-q4-major/bin/../lib/gcc/arm-none-eabi/10.2.1/../../../../arm-none-eabi/lib/thumb/v7e-m+fp/hard/libc_nano.a(lib_a-memchr.o)
 .data          0x00000000200001a0        0x0 /opt/gcc-arm-none-eabi-10-2020-q4-major/bin/../lib/gcc/arm-none-eabi/10.2.1/../../../../arm-none-eabi/lib/thumb/v7e-m+fp/hard/libc_nano.a(lib_a-memmove.o)
 .data          0x00000000200001a0        0x0 /opt/gcc-arm-none-eabi-10-2020-q4-major/bin/../lib/gcc/arm-none-eabi/10.2.1/../../../../arm-none-eabi/lib/thumb/v7e-m+fp/hard/libc_nano.a(lib_a-nano-reallocr.o)
 .data          0x00000000200001a0        0x0 /opt/gcc-arm-none-eabi-10-2020-q4-major/bin/../lib/gcc/arm-none-eabi/10.2.1/../../../../arm-none-eabi/lib/thumb/v7e-m+fp/hard/libc_nano.a(lib_a-readr.o)
 .data          0x00000000200001a0        0x0 /opt/gcc-arm-none-eabi-10-2020-q4-major/bin/../lib/gcc/arm-none-eabi/10.2.1/../../../../arm-none-eabi/lib/thumb/v7e-m+fp/hard/libc_nano.a(lib_a-nano-msizer.o)
 .data          0x00000000200001a0        0x0 /opt/gcc-arm-none-eabi-10-2020-q4-major/bin/../lib/gcc/arm-none-eabi/10.2.1/thumb/v7e-m+fp/hard/crtend.o
 .data          0x00000000200001a0        0x0 /opt/gcc-arm-none-eabi-10-2020-q4-major/bin/../lib/gcc/arm-none-eabi/10.2.1/thumb/v7e-m+fp/hard/crtn.o
 *(.data.*)
 .data._impure_ptr
                0x00000000200001a0        0x4 /opt/gcc-arm-none-eabi-10-2020-q4-major/bin/../lib/gcc/arm-none-eabi/10.2.1/../../../../arm-none-eabi/lib/thumb/v7e-m+fp/hard/libc_nano.a(lib_a-impure.o)
                0x00000000200001a0                _impure_ptr
 .data.impure_data
                0x00000000200001a4       0x60 /opt/gcc-arm-none-eabi-10-2020-q4-major/bin/../lib/gcc/arm-none-eabi/10.2.1/../../../../arm-none-eabi/lib/thumb/v7e-m+fp/hard/libc_nano.a(lib_a-impure.o)
                0x0000000020000204                . = ALIGN (0x4)
                0x0000000020000204                _edata = .

.init_array     0x0000000020000204        0x4 load address 0x000000000800ad2c
 .init_array    0x0000000020000204        0x4 /opt/gcc-arm-none-eabi-10-2020-q4-major/bin/../lib/gcc/arm-none-eabi/10.2.1/thumb/v7e-m+fp/hard/crtbegin.o

.fini_array     0x0000000020000208        0x4 load address 0x000000000800ad30
 .fini_array    0x0000000020000208        0x4 /opt/gcc-arm-none-eabi-10-2020-q4-major/bin/../lib/gcc/arm-none-eabi/10.2.1/thumb/v7e-m+fp/hard/crtbegin.o

.igot.plt       0x000000002000020c        0x0 load address 0x000000000800ad34
 .igot.plt      0x000000002000020c        0x0 /opt/gcc-arm-none-eabi-10-2020-q4-major/bin/../lib/gcc/arm-none-eabi/10.2.1/thumb/v7e-m+fp/hard/crtbegin.o

.bss            0x000000002000020c     0x29e0 load address 0x000000000800ad34
                0x000000002000020c                _sbss = .
                0x000000002000020c                __bss_start__ = _sbss
 *(.bss)
 .bss           0x000000002000020c        0x0 /opt/gcc-arm-none-eabi-10-2020-q4-major/bin/../lib/gcc/arm-none-eabi/10.2.1/thumb/v7e-m+fp/hard/crti.o
 .bss           0x000000002000020c       0x1c /opt/gcc-arm-none-eabi-10-2020-q4-major/bin/../lib/gcc/arm-none-eabi/10.2.1/thumb/v7e-m+fp/hard/crtbegin.o
 .bss           0x0000000020000228        0x0 /opt/gcc-arm-none-eabi-10-2020-q4-major/bin/../lib/gcc/arm-none-eabi/10.2.1/../../../../arm-none-eabi/lib/thumb/v7e-m+fp/hard/crt0.o
 .bss           0x0000000020000228      0x13c FreeRTOS-Kernel/tasks.o
                0x0000000020000228                pxCurrentTCB
 .bss           0x0000000020000364        0x0 FreeRTOS-Kernel/queue.o
 .bss           0x0000000020000364        0x0 FreeRTOS-Kernel/list.o
 .bss           0x0000000020000364        0x0 FreeRTOS-Kernel/timers.o
 .bss           0x0000000020000364        0x0 FreeRTOS-Kernel/event_groups.o
 .bss           0x0000000020000364        0x0 FreeRTOS-Kernel/stream_buffer.o
 .bss           0x0000000020000364        0x0 FreeRTOS-Kernel/croutine.o
 .bss           0x0000000020000364     0x281c FreeRTOS-Kernel/portable/MemMang/heap_4.o
 .bss           0x0000000020002b80        0x0 FreeRTOS-Kernel/portable/GCC/ARM_CM4F/port.o
 .bss           0x0000000020002b80        0x0 main.o
 .bss           0x0000000020002b80       0x50 tasks.o
                0x0000000020002b80                adc_read_handle
                0x0000000020002b84                adc_off_handle
                0x0000000020002b88                can_transmit_handle
                0x0000000020002b8c                xDataAvailableEventGroup
                0x0000000020002b90                conversion_data
 .bss           0x0000000020002bd0        0x4 ../../446-Comp-Files/syscalls.o
 .bss           0x0000000020002bd4        0x0 ../../446-Comp-Files/startup.o
 .bss           0x0000000020002bd4        0x0 ../../Drivers/ADC.o
 .bss           0x0000000020002bd4        0x0 ../../Drivers/CAN.o
 .bss           0x0000000020002bd4        0x0 ../../Drivers/GPIO.o
 .bss           0x0000000020002bd4        0x0 ../../Drivers/ExternalInterrupt.o
 .bss           0x0000000020002bd4        0x0 ../../Drivers/NVIC.o
 .bss           0x0000000020002bd4        0x0 ../../Drivers/CPU.o
 .bss           0x0000000020002bd4        0x0 ../../Drivers/faults.o
 .bss           0x0000000020002bd4        0x0 ../../Drivers/isr_handlers.o
 .bss           0x0000000020002bd4        0x0 ../../Drivers/DMA.o
 .bss           0x0000000020002bd4        0x0 /opt/gcc-arm-none-eabi-10-2020-q4-major/bin/../lib/gcc/arm-none-eabi/10.2.1/../../../../arm-none-eabi/lib/thumb/v7e-m+fp/hard/libc_nano.a(lib_a-errno.o)
 .bss           0x0000000020002bd4        0x0 /opt/gcc-arm-none-eabi-10-2020-q4-major/bin/../lib/gcc/arm-none-eabi/10.2.1/../../../../arm-none-eabi/lib/thumb/v7e-m+fp/hard/libc_nano.a(lib_a-exit.o)
 .bss           0x0000000020002bd4        0x0 /opt/gcc-arm-none-eabi-10-2020-q4-major/bin/../lib/gcc/arm-none-eabi/10.2.1/../../../../arm-none-eabi/lib/thumb/v7e-m+fp/hard/libc_nano.a(lib_a-impure.o)
 .bss           0x0000000020002bd4        0x0 /opt/gcc-arm-none-eabi-10-2020-q4-major/bin/../lib/gcc/arm-none-eabi/10.2.1/../../../../arm-none-eabi/lib/thumb/v7e-m+fp/hard/libc_nano.a(lib_a-init.o)
 .bss           0x0000000020002bd4        0x0 /opt/gcc-arm-none-eabi-10-2020-q4-major/bin/../lib/gcc/arm-none-eabi/10.2.1/../../../../arm-none-eabi/lib/thumb/v7e-m+fp/hard/libc_nano.a(lib_a-malloc.o)
 .bss           0x0000000020002bd4        0x0 /opt/gcc-arm-none-eabi-10-2020-q4-major/bin/../lib/gcc/arm-none-eabi/10.2.1/../../../../arm-none-eabi/lib/thumb/v7e-m+fp/hard/libc_nano.a(lib_a-memcpy-stub.o)
 .bss           0x0000000020002bd4        0x0 /opt/gcc-arm-none-eabi-10-2020-q4-major/bin/../lib/gcc/arm-none-eabi/10.2.1/../../../../arm-none-eabi/lib/thumb/v7e-m+fp/hard/libc_nano.a(lib_a-memset.o)
 .bss           0x0000000020002bd4        0x0 /opt/gcc-arm-none-eabi-10-2020-q4-major/bin/../lib/gcc/arm-none-eabi/10.2.1/../../../../arm-none-eabi/lib/thumb/v7e-m+fp/hard/libc_nano.a(lib_a-nano-freer.o)
 .bss           0x0000000020002bd4        0x0 /opt/gcc-arm-none-eabi-10-2020-q4-major/bin/../lib/gcc/arm-none-eabi/10.2.1/../../../../arm-none-eabi/lib/thumb/v7e-m+fp/hard/libc_nano.a(lib_a-nano-mallocr.o)
 .bss           0x0000000020002bd4        0x0 /opt/gcc-arm-none-eabi-10-2020-q4-major/bin/../lib/gcc/arm-none-eabi/10.2.1/../../../../arm-none-eabi/lib/thumb/v7e-m+fp/hard/libc_nano.a(lib_a-printf.o)
 .bss           0x0000000020002bd4        0x0 /opt/gcc-arm-none-eabi-10-2020-q4-major/bin/../lib/gcc/arm-none-eabi/10.2.1/../../../../arm-none-eabi/lib/thumb/v7e-m+fp/hard/libc_nano.a(lib_a-puts.o)
 .bss           0x0000000020002bd4        0x0 /opt/gcc-arm-none-eabi-10-2020-q4-major/bin/../lib/gcc/arm-none-eabi/10.2.1/../../../../arm-none-eabi/lib/thumb/v7e-m+fp/hard/libc_nano.a(lib_a-sbrkr.o)
 .bss           0x0000000020002bd4        0x0 /opt/gcc-arm-none-eabi-10-2020-q4-major/bin/../lib/gcc/arm-none-eabi/10.2.1/../../../../arm-none-eabi/lib/thumb/v7e-m+fp/hard/libc_nano.a(lib_a-wbuf.o)
 .bss           0x0000000020002bd4        0x0 /opt/gcc-arm-none-eabi-10-2020-q4-major/bin/../lib/gcc/arm-none-eabi/10.2.1/../../../../arm-none-eabi/lib/thumb/v7e-m+fp/hard/libc_nano.a(lib_a-wsetup.o)
 .bss           0x0000000020002bd4        0x0 /opt/gcc-arm-none-eabi-10-2020-q4-major/bin/../lib/gcc/arm-none-eabi/10.2.1/../../../../arm-none-eabi/lib/thumb/v7e-m+fp/hard/libc_nano.a(lib_a-fflush.o)
 .bss           0x0000000020002bd4        0x0 /opt/gcc-arm-none-eabi-10-2020-q4-major/bin/../lib/gcc/arm-none-eabi/10.2.1/../../../../arm-none-eabi/lib/thumb/v7e-m+fp/hard/libc_nano.a(lib_a-findfp.o)
 .bss           0x0000000020002bd4        0x0 /opt/gcc-arm-none-eabi-10-2020-q4-major/bin/../lib/gcc/arm-none-eabi/10.2.1/../../../../arm-none-eabi/lib/thumb/v7e-m+fp/hard/libc_nano.a(lib_a-fwalk.o)
 .bss           0x0000000020002bd4        0x0 /opt/gcc-arm-none-eabi-10-2020-q4-major/bin/../lib/gcc/arm-none-eabi/10.2.1/../../../../arm-none-eabi/lib/thumb/v7e-m+fp/hard/libc_nano.a(lib_a-lock.o)
 .bss           0x0000000020002bd4        0x0 /opt/gcc-arm-none-eabi-10-2020-q4-major/bin/../lib/gcc/arm-none-eabi/10.2.1/../../../../arm-none-eabi/lib/thumb/v7e-m+fp/hard/libc_nano.a(lib_a-makebuf.o)
 .bss           0x0000000020002bd4        0x0 /opt/gcc-arm-none-eabi-10-2020-q4-major/bin/../lib/gcc/arm-none-eabi/10.2.1/../../../../arm-none-eabi/lib/thumb/v7e-m+fp/hard/libc_nano.a(lib_a-mlock.o)
 .bss           0x0000000020002bd4        0x0 /opt/gcc-arm-none-eabi-10-2020-q4-major/bin/../lib/gcc/arm-none-eabi/10.2.1/../../../../arm-none-eabi/lib/thumb/v7e-m+fp/hard/libc_nano.a(lib_a-nano-vfprintf.o)
 .bss           0x0000000020002bd4        0x0 /opt/gcc-arm-none-eabi-10-2020-q4-major/bin/../lib/gcc/arm-none-eabi/10.2.1/../../../../arm-none-eabi/lib/thumb/v7e-m+fp/hard/libc_nano.a(lib_a-nano-vfprintf_i.o)
 .bss           0x0000000020002bd4        0x0 /opt/gcc-arm-none-eabi-10-2020-q4-major/bin/../lib/gcc/arm-none-eabi/10.2.1/../../../../arm-none-eabi/lib/thumb/v7e-m+fp/hard/libc_nano.a(lib_a-reent.o)
 .bss           0x0000000020002bd4        0x0 /opt/gcc-arm-none-eabi-10-2020-q4-major/bin/../lib/gcc/arm-none-eabi/10.2.1/../../../../arm-none-eabi/lib/thumb/v7e-m+fp/hard/libc_nano.a(lib_a-stdio.o)
 .bss           0x0000000020002bd4        0x0 /opt/gcc-arm-none-eabi-10-2020-q4-major/bin/../lib/gcc/arm-none-eabi/10.2.1/../../../../arm-none-eabi/lib/thumb/v7e-m+fp/hard/libc_nano.a(lib_a-writer.o)
 .bss           0x0000000020002bd4        0x0 /opt/gcc-arm-none-eabi-10-2020-q4-major/bin/../lib/gcc/arm-none-eabi/10.2.1/../../../../arm-none-eabi/lib/thumb/v7e-m+fp/hard/libc_nano.a(lib_a-closer.o)
 .bss           0x0000000020002bd4        0x0 /opt/gcc-arm-none-eabi-10-2020-q4-major/bin/../lib/gcc/arm-none-eabi/10.2.1/../../../../arm-none-eabi/lib/thumb/v7e-m+fp/hard/libc_nano.a(lib_a-fstatr.o)
 .bss           0x0000000020002bd4        0x0 /opt/gcc-arm-none-eabi-10-2020-q4-major/bin/../lib/gcc/arm-none-eabi/10.2.1/../../../../arm-none-eabi/lib/thumb/v7e-m+fp/hard/libc_nano.a(lib_a-fvwrite.o)
 .bss           0x0000000020002bd4        0x0 /opt/gcc-arm-none-eabi-10-2020-q4-major/bin/../lib/gcc/arm-none-eabi/10.2.1/../../../../arm-none-eabi/lib/thumb/v7e-m+fp/hard/libc_nano.a(lib_a-isattyr.o)
 .bss           0x0000000020002bd4        0x0 /opt/gcc-arm-none-eabi-10-2020-q4-major/bin/../lib/gcc/arm-none-eabi/10.2.1/../../../../arm-none-eabi/lib/thumb/v7e-m+fp/hard/libc_nano.a(lib_a-lseekr.o)
 .bss           0x0000000020002bd4        0x0 /opt/gcc-arm-none-eabi-10-2020-q4-major/bin/../lib/gcc/arm-none-eabi/10.2.1/../../../../arm-none-eabi/lib/thumb/v7e-m+fp/hard/libc_nano.a(lib_a-memchr.o)
 .bss           0x0000000020002bd4        0x0 /opt/gcc-arm-none-eabi-10-2020-q4-major/bin/../lib/gcc/arm-none-eabi/10.2.1/../../../../arm-none-eabi/lib/thumb/v7e-m+fp/hard/libc_nano.a(lib_a-memmove.o)
 .bss           0x0000000020002bd4        0x0 /opt/gcc-arm-none-eabi-10-2020-q4-major/bin/../lib/gcc/arm-none-eabi/10.2.1/../../../../arm-none-eabi/lib/thumb/v7e-m+fp/hard/libc_nano.a(lib_a-nano-reallocr.o)
 .bss           0x0000000020002bd4        0x0 /opt/gcc-arm-none-eabi-10-2020-q4-major/bin/../lib/gcc/arm-none-eabi/10.2.1/../../../../arm-none-eabi/lib/thumb/v7e-m+fp/hard/libc_nano.a(lib_a-readr.o)
 .bss           0x0000000020002bd4        0x0 /opt/gcc-arm-none-eabi-10-2020-q4-major/bin/../lib/gcc/arm-none-eabi/10.2.1/../../../../arm-none-eabi/lib/thumb/v7e-m+fp/hard/libc_nano.a(lib_a-nano-msizer.o)
 .bss           0x0000000020002bd4        0x0 /opt/gcc-arm-none-eabi-10-2020-q4-major/bin/../lib/gcc/arm-none-eabi/10.2.1/thumb/v7e-m+fp/hard/crtend.o
 .bss           0x0000000020002bd4        0x0 /opt/gcc-arm-none-eabi-10-2020-q4-major/bin/../lib/gcc/arm-none-eabi/10.2.1/thumb/v7e-m+fp/hard/crtn.o
 *(.bss.*)
 .bss.__malloc_free_list
                0x0000000020002bd4        0x4 /opt/gcc-arm-none-eabi-10-2020-q4-major/bin/../lib/gcc/arm-none-eabi/10.2.1/../../../../arm-none-eabi/lib/thumb/v7e-m+fp/hard/libc_nano.a(lib_a-nano-mallocr.o)
                0x0000000020002bd4                __malloc_free_list
 .bss.__malloc_sbrk_start
                0x0000000020002bd8        0x4 /opt/gcc-arm-none-eabi-10-2020-q4-major/bin/../lib/gcc/arm-none-eabi/10.2.1/../../../../arm-none-eabi/lib/thumb/v7e-m+fp/hard/libc_nano.a(lib_a-nano-mallocr.o)
                0x0000000020002bd8                __malloc_sbrk_start
 .bss.__lock___arc4random_mutex
                0x0000000020002bdc        0x1 /opt/gcc-arm-none-eabi-10-2020-q4-major/bin/../lib/gcc/arm-none-eabi/10.2.1/../../../../arm-none-eabi/lib/thumb/v7e-m+fp/hard/libc_nano.a(lib_a-lock.o)
                0x0000000020002bdc                __lock___arc4random_mutex
 .bss.__lock___at_quick_exit_mutex
                0x0000000020002bdd        0x1 /opt/gcc-arm-none-eabi-10-2020-q4-major/bin/../lib/gcc/arm-none-eabi/10.2.1/../../../../arm-none-eabi/lib/thumb/v7e-m+fp/hard/libc_nano.a(lib_a-lock.o)
                0x0000000020002bdd                __lock___at_quick_exit_mutex
 .bss.__lock___atexit_recursive_mutex
                0x0000000020002bde        0x1 /opt/gcc-arm-none-eabi-10-2020-q4-major/bin/../lib/gcc/arm-none-eabi/10.2.1/../../../../arm-none-eabi/lib/thumb/v7e-m+fp/hard/libc_nano.a(lib_a-lock.o)
                0x0000000020002bde                __lock___atexit_recursive_mutex
 .bss.__lock___dd_hash_mutex
                0x0000000020002bdf        0x1 /opt/gcc-arm-none-eabi-10-2020-q4-major/bin/../lib/gcc/arm-none-eabi/10.2.1/../../../../arm-none-eabi/lib/thumb/v7e-m+fp/hard/libc_nano.a(lib_a-lock.o)
                0x0000000020002bdf                __lock___dd_hash_mutex
 .bss.__lock___env_recursive_mutex
                0x0000000020002be0        0x1 /opt/gcc-arm-none-eabi-10-2020-q4-major/bin/../lib/gcc/arm-none-eabi/10.2.1/../../../../arm-none-eabi/lib/thumb/v7e-m+fp/hard/libc_nano.a(lib_a-lock.o)
                0x0000000020002be0                __lock___env_recursive_mutex
 .bss.__lock___malloc_recursive_mutex
                0x0000000020002be1        0x1 /opt/gcc-arm-none-eabi-10-2020-q4-major/bin/../lib/gcc/arm-none-eabi/10.2.1/../../../../arm-none-eabi/lib/thumb/v7e-m+fp/hard/libc_nano.a(lib_a-lock.o)
                0x0000000020002be1                __lock___malloc_recursive_mutex
 .bss.__lock___sfp_recursive_mutex
                0x0000000020002be2        0x1 /opt/gcc-arm-none-eabi-10-2020-q4-major/bin/../lib/gcc/arm-none-eabi/10.2.1/../../../../arm-none-eabi/lib/thumb/v7e-m+fp/hard/libc_nano.a(lib_a-lock.o)
                0x0000000020002be2                __lock___sfp_recursive_mutex
 .bss.__lock___sinit_recursive_mutex
                0x0000000020002be3        0x1 /opt/gcc-arm-none-eabi-10-2020-q4-major/bin/../lib/gcc/arm-none-eabi/10.2.1/../../../../arm-none-eabi/lib/thumb/v7e-m+fp/hard/libc_nano.a(lib_a-lock.o)
                0x0000000020002be3                __lock___sinit_recursive_mutex
 .bss.__lock___tz_mutex
                0x0000000020002be4        0x1 /opt/gcc-arm-none-eabi-10-2020-q4-major/bin/../lib/gcc/arm-none-eabi/10.2.1/../../../../arm-none-eabi/lib/thumb/v7e-m+fp/hard/libc_nano.a(lib_a-lock.o)
                0x0000000020002be4                __lock___tz_mutex
 *fill*         0x0000000020002be5        0x3 
 .bss.errno     0x0000000020002be8        0x4 /opt/gcc-arm-none-eabi-10-2020-q4-major/bin/../lib/gcc/arm-none-eabi/10.2.1/../../../../arm-none-eabi/lib/thumb/v7e-m+fp/hard/libc_nano.a(lib_a-reent.o)
                0x0000000020002be8                errno
                0x0000000020002bec                . = ALIGN (0x4)
                0x0000000020002bec                _ebss = .
                0x0000000020002bec                __bss_end__ = _ebss
                0x0000000020002bec                . = ALIGN (0x4)
                0x0000000020002bec                end = .
OUTPUT(audio-listener.elf elf32-littlearm)
LOAD linker stubs

.ARM.attributes
                0x0000000000000000       0x30
 .ARM.attributes
                0x0000000000000000       0x1e /opt/gcc-arm-none-eabi-10-2020-q4-major/bin/../lib/gcc/arm-none-eabi/10.2.1/thumb/v7e-m+fp/hard/crti.o
 .ARM.attributes
                0x000000000000001e       0x34 /opt/gcc-arm-none-eabi-10-2020-q4-major/bin/../lib/gcc/arm-none-eabi/10.2.1/thumb/v7e-m+fp/hard/crtbegin.o
 .ARM.attributes
                0x0000000000000052       0x1c /opt/gcc-arm-none-eabi-10-2020-q4-major/bin/../lib/gcc/arm-none-eabi/10.2.1/../../../../arm-none-eabi/lib/thumb/v7e-m+fp/hard/crt0.o
 .ARM.attributes
                0x000000000000006e       0x34 FreeRTOS-Kernel/tasks.o
 .ARM.attributes
                0x00000000000000a2       0x34 FreeRTOS-Kernel/queue.o
 .ARM.attributes
                0x00000000000000d6       0x34 FreeRTOS-Kernel/list.o
 .ARM.attributes
                0x000000000000010a       0x39 FreeRTOS-Kernel/timers.o
 .ARM.attributes
                0x0000000000000143       0x34 FreeRTOS-Kernel/event_groups.o
 .ARM.attributes
                0x0000000000000177       0x34 FreeRTOS-Kernel/stream_buffer.o
 .ARM.attributes
                0x00000000000001ab       0x39 FreeRTOS-Kernel/croutine.o
 .ARM.attributes
                0x00000000000001e4       0x34 FreeRTOS-Kernel/portable/MemMang/heap_4.o
 .ARM.attributes
                0x0000000000000218       0x34 FreeRTOS-Kernel/portable/GCC/ARM_CM4F/port.o
 .ARM.attributes
                0x000000000000024c       0x34 main.o
 .ARM.attributes
                0x0000000000000280       0x34 tasks.o
 .ARM.attributes
                0x00000000000002b4       0x34 ../../446-Comp-Files/syscalls.o
 .ARM.attributes
                0x00000000000002e8       0x34 ../../446-Comp-Files/startup.o
 .ARM.attributes
                0x000000000000031c       0x34 ../../Drivers/ADC.o
 .ARM.attributes
                0x0000000000000350       0x34 ../../Drivers/CAN.o
 .ARM.attributes
                0x0000000000000384       0x34 ../../Drivers/GPIO.o
 .ARM.attributes
                0x00000000000003b8       0x34 ../../Drivers/ExternalInterrupt.o
 .ARM.attributes
                0x00000000000003ec       0x34 ../../Drivers/NVIC.o
 .ARM.attributes
                0x0000000000000420       0x34 ../../Drivers/CPU.o
 .ARM.attributes
                0x0000000000000454       0x34 ../../Drivers/faults.o
 .ARM.attributes
                0x0000000000000488       0x34 ../../Drivers/isr_handlers.o
 .ARM.attributes
                0x00000000000004bc       0x34 ../../Drivers/DMA.o
 .ARM.attributes
                0x00000000000004f0       0x34 /opt/gcc-arm-none-eabi-10-2020-q4-major/bin/../lib/gcc/arm-none-eabi/10.2.1/../../../../arm-none-eabi/lib/thumb/v7e-m+fp/hard/libc_nano.a(lib_a-errno.o)
 .ARM.attributes
                0x0000000000000524       0x34 /opt/gcc-arm-none-eabi-10-2020-q4-major/bin/../lib/gcc/arm-none-eabi/10.2.1/../../../../arm-none-eabi/lib/thumb/v7e-m+fp/hard/libc_nano.a(lib_a-exit.o)
 .ARM.attributes
                0x0000000000000558       0x32 /opt/gcc-arm-none-eabi-10-2020-q4-major/bin/../lib/gcc/arm-none-eabi/10.2.1/../../../../arm-none-eabi/lib/thumb/v7e-m+fp/hard/libc_nano.a(lib_a-impure.o)
 .ARM.attributes
                0x000000000000058a       0x34 /opt/gcc-arm-none-eabi-10-2020-q4-major/bin/../lib/gcc/arm-none-eabi/10.2.1/../../../../arm-none-eabi/lib/thumb/v7e-m+fp/hard/libc_nano.a(lib_a-init.o)
 .ARM.attributes
                0x00000000000005be       0x34 /opt/gcc-arm-none-eabi-10-2020-q4-major/bin/../lib/gcc/arm-none-eabi/10.2.1/../../../../arm-none-eabi/lib/thumb/v7e-m+fp/hard/libc_nano.a(lib_a-malloc.o)
 .ARM.attributes
                0x00000000000005f2       0x34 /opt/gcc-arm-none-eabi-10-2020-q4-major/bin/../lib/gcc/arm-none-eabi/10.2.1/../../../../arm-none-eabi/lib/thumb/v7e-m+fp/hard/libc_nano.a(lib_a-memcpy-stub.o)
 .ARM.attributes
                0x0000000000000626       0x34 /opt/gcc-arm-none-eabi-10-2020-q4-major/bin/../lib/gcc/arm-none-eabi/10.2.1/../../../../arm-none-eabi/lib/thumb/v7e-m+fp/hard/libc_nano.a(lib_a-memset.o)
 .ARM.attributes
                0x000000000000065a       0x34 /opt/gcc-arm-none-eabi-10-2020-q4-major/bin/../lib/gcc/arm-none-eabi/10.2.1/../../../../arm-none-eabi/lib/thumb/v7e-m+fp/hard/libc_nano.a(lib_a-nano-freer.o)
 .ARM.attributes
                0x000000000000068e       0x34 /opt/gcc-arm-none-eabi-10-2020-q4-major/bin/../lib/gcc/arm-none-eabi/10.2.1/../../../../arm-none-eabi/lib/thumb/v7e-m+fp/hard/libc_nano.a(lib_a-nano-mallocr.o)
 .ARM.attributes
                0x00000000000006c2       0x34 /opt/gcc-arm-none-eabi-10-2020-q4-major/bin/../lib/gcc/arm-none-eabi/10.2.1/../../../../arm-none-eabi/lib/thumb/v7e-m+fp/hard/libc_nano.a(lib_a-printf.o)
 .ARM.attributes
                0x00000000000006f6       0x34 /opt/gcc-arm-none-eabi-10-2020-q4-major/bin/../lib/gcc/arm-none-eabi/10.2.1/../../../../arm-none-eabi/lib/thumb/v7e-m+fp/hard/libc_nano.a(lib_a-puts.o)
 .ARM.attributes
                0x000000000000072a       0x34 /opt/gcc-arm-none-eabi-10-2020-q4-major/bin/../lib/gcc/arm-none-eabi/10.2.1/../../../../arm-none-eabi/lib/thumb/v7e-m+fp/hard/libc_nano.a(lib_a-sbrkr.o)
 .ARM.attributes
                0x000000000000075e       0x34 /opt/gcc-arm-none-eabi-10-2020-q4-major/bin/../lib/gcc/arm-none-eabi/10.2.1/../../../../arm-none-eabi/lib/thumb/v7e-m+fp/hard/libc_nano.a(lib_a-wbuf.o)
 .ARM.attributes
                0x0000000000000792       0x34 /opt/gcc-arm-none-eabi-10-2020-q4-major/bin/../lib/gcc/arm-none-eabi/10.2.1/../../../../arm-none-eabi/lib/thumb/v7e-m+fp/hard/libc_nano.a(lib_a-wsetup.o)
 .ARM.attributes
                0x00000000000007c6       0x34 /opt/gcc-arm-none-eabi-10-2020-q4-major/bin/../lib/gcc/arm-none-eabi/10.2.1/../../../../arm-none-eabi/lib/thumb/v7e-m+fp/hard/libc_nano.a(lib_a-fflush.o)
 .ARM.attributes
                0x00000000000007fa       0x34 /opt/gcc-arm-none-eabi-10-2020-q4-major/bin/../lib/gcc/arm-none-eabi/10.2.1/../../../../arm-none-eabi/lib/thumb/v7e-m+fp/hard/libc_nano.a(lib_a-findfp.o)
 .ARM.attributes
                0x000000000000082e       0x34 /opt/gcc-arm-none-eabi-10-2020-q4-major/bin/../lib/gcc/arm-none-eabi/10.2.1/../../../../arm-none-eabi/lib/thumb/v7e-m+fp/hard/libc_nano.a(lib_a-fwalk.o)
 .ARM.attributes
                0x0000000000000862       0x34 /opt/gcc-arm-none-eabi-10-2020-q4-major/bin/../lib/gcc/arm-none-eabi/10.2.1/../../../../arm-none-eabi/lib/thumb/v7e-m+fp/hard/libc_nano.a(lib_a-lock.o)
 .ARM.attributes
                0x0000000000000896       0x34 /opt/gcc-arm-none-eabi-10-2020-q4-major/bin/../lib/gcc/arm-none-eabi/10.2.1/../../../../arm-none-eabi/lib/thumb/v7e-m+fp/hard/libc_nano.a(lib_a-makebuf.o)
 .ARM.attributes
                0x00000000000008ca       0x34 /opt/gcc-arm-none-eabi-10-2020-q4-major/bin/../lib/gcc/arm-none-eabi/10.2.1/../../../../arm-none-eabi/lib/thumb/v7e-m+fp/hard/libc_nano.a(lib_a-mlock.o)
 .ARM.attributes
                0x00000000000008fe       0x34 /opt/gcc-arm-none-eabi-10-2020-q4-major/bin/../lib/gcc/arm-none-eabi/10.2.1/../../../../arm-none-eabi/lib/thumb/v7e-m+fp/hard/libc_nano.a(lib_a-nano-vfprintf.o)
 .ARM.attributes
                0x0000000000000932       0x34 /opt/gcc-arm-none-eabi-10-2020-q4-major/bin/../lib/gcc/arm-none-eabi/10.2.1/../../../../arm-none-eabi/lib/thumb/v7e-m+fp/hard/libc_nano.a(lib_a-nano-vfprintf_i.o)
 .ARM.attributes
                0x0000000000000966       0x34 /opt/gcc-arm-none-eabi-10-2020-q4-major/bin/../lib/gcc/arm-none-eabi/10.2.1/../../../../arm-none-eabi/lib/thumb/v7e-m+fp/hard/libc_nano.a(lib_a-reent.o)
 .ARM.attributes
                0x000000000000099a       0x34 /opt/gcc-arm-none-eabi-10-2020-q4-major/bin/../lib/gcc/arm-none-eabi/10.2.1/../../../../arm-none-eabi/lib/thumb/v7e-m+fp/hard/libc_nano.a(lib_a-stdio.o)
 .ARM.attributes
                0x00000000000009ce       0x34 /opt/gcc-arm-none-eabi-10-2020-q4-major/bin/../lib/gcc/arm-none-eabi/10.2.1/../../../../arm-none-eabi/lib/thumb/v7e-m+fp/hard/libc_nano.a(lib_a-writer.o)
 .ARM.attributes
                0x0000000000000a02       0x34 /opt/gcc-arm-none-eabi-10-2020-q4-major/bin/../lib/gcc/arm-none-eabi/10.2.1/../../../../arm-none-eabi/lib/thumb/v7e-m+fp/hard/libc_nano.a(lib_a-closer.o)
 .ARM.attributes
                0x0000000000000a36       0x34 /opt/gcc-arm-none-eabi-10-2020-q4-major/bin/../lib/gcc/arm-none-eabi/10.2.1/../../../../arm-none-eabi/lib/thumb/v7e-m+fp/hard/libc_nano.a(lib_a-fstatr.o)
 .ARM.attributes
                0x0000000000000a6a       0x34 /opt/gcc-arm-none-eabi-10-2020-q4-major/bin/../lib/gcc/arm-none-eabi/10.2.1/../../../../arm-none-eabi/lib/thumb/v7e-m+fp/hard/libc_nano.a(lib_a-fvwrite.o)
 .ARM.attributes
                0x0000000000000a9e       0x34 /opt/gcc-arm-none-eabi-10-2020-q4-major/bin/../lib/gcc/arm-none-eabi/10.2.1/../../../../arm-none-eabi/lib/thumb/v7e-m+fp/hard/libc_nano.a(lib_a-isattyr.o)
 .ARM.attributes
                0x0000000000000ad2       0x34 /opt/gcc-arm-none-eabi-10-2020-q4-major/bin/../lib/gcc/arm-none-eabi/10.2.1/../../../../arm-none-eabi/lib/thumb/v7e-m+fp/hard/libc_nano.a(lib_a-lseekr.o)
 .ARM.attributes
                0x0000000000000b06       0x1c /opt/gcc-arm-none-eabi-10-2020-q4-major/bin/../lib/gcc/arm-none-eabi/10.2.1/../../../../arm-none-eabi/lib/thumb/v7e-m+fp/hard/libc_nano.a(lib_a-memchr.o)
 .ARM.attributes
                0x0000000000000b22       0x34 /opt/gcc-arm-none-eabi-10-2020-q4-major/bin/../lib/gcc/arm-none-eabi/10.2.1/../../../../arm-none-eabi/lib/thumb/v7e-m+fp/hard/libc_nano.a(lib_a-memmove.o)
 .ARM.attributes
                0x0000000000000b56       0x34 /opt/gcc-arm-none-eabi-10-2020-q4-major/bin/../lib/gcc/arm-none-eabi/10.2.1/../../../../arm-none-eabi/lib/thumb/v7e-m+fp/hard/libc_nano.a(lib_a-nano-reallocr.o)
 .ARM.attributes
                0x0000000000000b8a       0x34 /opt/gcc-arm-none-eabi-10-2020-q4-major/bin/../lib/gcc/arm-none-eabi/10.2.1/../../../../arm-none-eabi/lib/thumb/v7e-m+fp/hard/libc_nano.a(lib_a-readr.o)
 .ARM.attributes
                0x0000000000000bbe       0x34 /opt/gcc-arm-none-eabi-10-2020-q4-major/bin/../lib/gcc/arm-none-eabi/10.2.1/../../../../arm-none-eabi/lib/thumb/v7e-m+fp/hard/libc_nano.a(lib_a-nano-msizer.o)
 .ARM.attributes
                0x0000000000000bf2       0x32 /opt/gcc-arm-none-eabi-10-2020-q4-major/bin/../lib/gcc/arm-none-eabi/10.2.1/thumb/v7e-m+fp/hard/crtend.o
 .ARM.attributes
                0x0000000000000c24       0x1e /opt/gcc-arm-none-eabi-10-2020-q4-major/bin/../lib/gcc/arm-none-eabi/10.2.1/thumb/v7e-m+fp/hard/crtn.o

.comment        0x0000000000000000       0x4d
 .comment       0x0000000000000000       0x4d FreeRTOS-Kernel/tasks.o
                                         0x4e (size before relaxing)
 .comment       0x000000000000004d       0x4e FreeRTOS-Kernel/queue.o
 .comment       0x000000000000004d       0x4e FreeRTOS-Kernel/list.o
 .comment       0x000000000000004d       0x4e FreeRTOS-Kernel/timers.o
 .comment       0x000000000000004d       0x4e FreeRTOS-Kernel/event_groups.o
 .comment       0x000000000000004d       0x4e FreeRTOS-Kernel/stream_buffer.o
 .comment       0x000000000000004d       0x4e FreeRTOS-Kernel/croutine.o
 .comment       0x000000000000004d       0x4e FreeRTOS-Kernel/portable/MemMang/heap_4.o
 .comment       0x000000000000004d       0x4e FreeRTOS-Kernel/portable/GCC/ARM_CM4F/port.o
 .comment       0x000000000000004d       0x4e main.o
 .comment       0x000000000000004d       0x4e tasks.o
 .comment       0x000000000000004d       0x4e ../../446-Comp-Files/syscalls.o
 .comment       0x000000000000004d       0x4e ../../446-Comp-Files/startup.o
 .comment       0x000000000000004d       0x4e ../../Drivers/ADC.o
 .comment       0x000000000000004d       0x4e ../../Drivers/CAN.o
 .comment       0x000000000000004d       0x4e ../../Drivers/GPIO.o
 .comment       0x000000000000004d       0x4e ../../Drivers/ExternalInterrupt.o
 .comment       0x000000000000004d       0x4e ../../Drivers/NVIC.o
 .comment       0x000000000000004d       0x4e ../../Drivers/CPU.o
 .comment       0x000000000000004d       0x4e ../../Drivers/faults.o
 .comment       0x000000000000004d       0x4e ../../Drivers/isr_handlers.o
 .comment       0x000000000000004d       0x4e ../../Drivers/DMA.o

.debug_info     0x0000000000000000     0xc617