Archive member included to satisfy reference by file (symbol)

/opt/gcc-arm-none-eabi-10-2020-q4-major/bin/../lib/gcc/arm-none-eabi/10.2.1/../../../../arm-none-eabi/lib/thumb/v7e-m+fp/hard/libc_nano.a(lib_a-errno.o)
                              ../../446-Comp-Files/syscalls.o (__errno)
/opt/gcc-arm-none-eabi-10-2020-q4-major/bin/../lib/gcc/arm-none-eabi/10.2.1/../../../../arm-none-eabi/lib/thumb/v7e-m+fp/hard/libc_nano.a(lib_a-exit.o)
                              /opt/gcc-arm-none-eabi-10-2020-q4-major/bin/../lib/gcc/arm-none-eabi/10.2.1/../../../../arm-none-eabi/lib/thumb/v7e-m+fp/hard/crt0.o (exit)
/opt/gcc-arm-none-eabi-10-2020-q4-major/bin/../lib/gcc/arm-none-eabi/10.2.1/../../../../arm-none-eabi/lib/thumb/v7e-m+fp/hard/libc_nano.a(lib_a-impure.o)
                              /opt/gcc-arm-none-eabi-10-2020-q4-major/bin/../lib/gcc/arm-none-eabi/10.2.1/../../../../arm-none-eabi/lib/thumb/v7e-m+fp/hard/libc_nano.a(lib_a-exit.o) (_global_impure_ptr)
/opt/gcc-arm-none-eabi-10-2020-q4-major/bin/../lib/gcc/arm-none-eabi/10.2.1/../../../../arm-none-eabi/lib/thumb/v7e-m+fp/hard/libc_nano.a(lib_a-init.o)
                              /opt/gcc-arm-none-eabi-10-2020-q4-major/bin/../lib/gcc/arm-none-eabi/10.2.1/../../../../arm-none-eabi/lib/thumb/v7e-m+fp/hard/crt0.o (__libc_init_array)
/opt/gcc-arm-none-eabi-10-2020-q4-major/bin/../lib/gcc/arm-none-eabi/10.2.1/../../../../arm-none-eabi/lib/thumb/v7e-m+fp/hard/libc_nano.a(lib_a-malloc.o)
                              ../../Drivers/CAN.o (malloc)
/opt/gcc-arm-none-eabi-10-2020-q4-major/bin/../lib/gcc/arm-none-eabi/10.2.1/../../../../arm-none-eabi/lib/thumb/v7e-m+fp/hard/libc_nano.a(lib_a-memcpy-stub.o)
                              FreeRTOS-Kernel/queue.o (memcpy)
/opt/gcc-arm-none-eabi-10-2020-q4-major/bin/../lib/gcc/arm-none-eabi/10.2.1/../../../../arm-none-eabi/lib/thumb/v7e-m+fp/hard/libc_nano.a(lib_a-memset.o)
                              /opt/gcc-arm-none-eabi-10-2020-q4-major/bin/../lib/gcc/arm-none-eabi/10.2.1/../../../../arm-none-eabi/lib/thumb/v7e-m+fp/hard/crt0.o (memset)
/opt/gcc-arm-none-eabi-10-2020-q4-major/bin/../lib/gcc/arm-none-eabi/10.2.1/../../../../arm-none-eabi/lib/thumb/v7e-m+fp/hard/libc_nano.a(lib_a-nano-freer.o)
                              /opt/gcc-arm-none-eabi-10-2020-q4-major/bin/../lib/gcc/arm-none-eabi/10.2.1/../../../../arm-none-eabi/lib/thumb/v7e-m+fp/hard/libc_nano.a(lib_a-malloc.o) (_free_r)
/opt/gcc-arm-none-eabi-10-2020-q4-major/bin/../lib/gcc/arm-none-eabi/10.2.1/../../../../arm-none-eabi/lib/thumb/v7e-m+fp/hard/libc_nano.a(lib_a-nano-mallocr.o)
                              /opt/gcc-arm-none-eabi-10-2020-q4-major/bin/../lib/gcc/arm-none-eabi/10.2.1/../../../../arm-none-eabi/lib/thumb/v7e-m+fp/hard/libc_nano.a(lib_a-malloc.o) (_malloc_r)
/opt/gcc-arm-none-eabi-10-2020-q4-major/bin/../lib/gcc/arm-none-eabi/10.2.1/../../../../arm-none-eabi/lib/thumb/v7e-m+fp/hard/libc_nano.a(lib_a-puts.o)
                              tasks.o (puts)
/opt/gcc-arm-none-eabi-10-2020-q4-major/bin/../lib/gcc/arm-none-eabi/10.2.1/../../../../arm-none-eabi/lib/thumb/v7e-m+fp/hard/libc_nano.a(lib_a-sbrkr.o)
                              /opt/gcc-arm-none-eabi-10-2020-q4-major/bin/../lib/gcc/arm-none-eabi/10.2.1/../../../../arm-none-eabi/lib/thumb/v7e-m+fp/hard/libc_nano.a(lib_a-nano-mallocr.o) (_sbrk_r)
/opt/gcc-arm-none-eabi-10-2020-q4-major/bin/../lib/gcc/arm-none-eabi/10.2.1/../../../../arm-none-eabi/lib/thumb/v7e-m+fp/hard/libc_nano.a(lib_a-wbuf.o)
                              /opt/gcc-arm-none-eabi-10-2020-q4-major/bin/../lib/gcc/arm-none-eabi/10.2.1/../../../../arm-none-eabi/lib/thumb/v7e-m+fp/hard/libc_nano.a(lib_a-puts.o) (__swbuf_r)
/opt/gcc-arm-none-eabi-10-2020-q4-major/bin/../lib/gcc/arm-none-eabi/10.2.1/../../../../arm-none-eabi/lib/thumb/v7e-m+fp/hard/libc_nano.a(lib_a-wsetup.o)
                              /opt/gcc-arm-none-eabi-10-2020-q4-major/bin/../lib/gcc/arm-none-eabi/10.2.1/../../../../arm-none-eabi/lib/thumb/v7e-m+fp/hard/libc_nano.a(lib_a-puts.o) (__swsetup_r)
/opt/gcc-arm-none-eabi-10-2020-q4-major/bin/../lib/gcc/arm-none-eabi/10.2.1/../../../../arm-none-eabi/lib/thumb/v7e-m+fp/hard/libc_nano.a(lib_a-fflush.o)
                              /opt/gcc-arm-none-eabi-10-2020-q4-major/bin/../lib/gcc/arm-none-eabi/10.2.1/../../../../arm-none-eabi/lib/thumb/v7e-m+fp/hard/libc_nano.a(lib_a-wbuf.o) (_fflush_r)
/opt/gcc-arm-none-eabi-10-2020-q4-major/bin/../lib/gcc/arm-none-eabi/10.2.1/../../../../arm-none-eabi/lib/thumb/v7e-m+fp/hard/libc_nano.a(lib_a-findfp.o)
                              /opt/gcc-arm-none-eabi-10-2020-q4-major/bin/../lib/gcc/arm-none-eabi/10.2.1/../../../../arm-none-eabi/lib/thumb/v7e-m+fp/hard/libc_nano.a(lib_a-puts.o) (__sinit)
/opt/gcc-arm-none-eabi-10-2020-q4-major/bin/../lib/gcc/arm-none-eabi/10.2.1/../../../../arm-none-eabi/lib/thumb/v7e-m+fp/hard/libc_nano.a(lib_a-fwalk.o)
[...]
Memory Configuration

Name             Origin             Length             Attributes
FLASH            0x0000000008000000 0x0000000000080000 xr
SRAM             0x0000000020000000 0x0000000000020000 xrw
*default*        0x0000000000000000 0xffffffffffffffff

Linker script and memory map

LOAD /opt/gcc-arm-none-eabi-10-2020-q4-major/bin/../lib/gcc/arm-none-eabi/10.2.1/thumb/v7e-m+fp/hard/crti.o
LOAD /opt/gcc-arm-none-eabi-10-2020-q4-major/bin/../lib/gcc/arm-none-eabi/10.2.1/thumb/v7e-m+fp/hard/crtbegin.o
LOAD /opt/gcc-arm-none-eabi-10-2020-q4-major/bin/../lib/gcc/arm-none-eabi/10.2.1/../../../../arm-none-eabi/lib/thumb/v7e-m+fp/hard/crt0.o
LOAD FreeRTOS-Kernel/tasks.o
LOAD FreeRTOS-Kernel/queue.o
LOAD FreeRTOS-Kernel/list.o
LOAD FreeRTOS-Kernel/timers.o
LOAD FreeRTOS-Kernel/event_groups.o
LOAD FreeRTOS-Kernel/stream_buffer.o
LOAD FreeRTOS-Kernel/croutine.o
LOAD FreeRTOS-Kernel/portable/MemMang/heap_4.o
LOAD FreeRTOS-Kernel/portable/GCC/ARM_CM4F/port.o
LOAD main.o
LOAD tasks.o
LOAD ../../446-Comp-Files/syscalls.o
LOAD ../../446-Comp-Files/startup.o
LOAD ../../Drivers/ADC.o
LOAD ../../Drivers/CAN.o
LOAD ../../Drivers/GPIO.o
LOAD ../../Drivers/ExternalInterrupt.o
LOAD ../../Drivers/NVIC.o
LOAD ../../Drivers/CPU.o
LOAD ../../Drivers/faults.o
LOAD ../../Drivers/isr_handlers.o
LOAD ../../Drivers/DMA.o
START GROUP
LOAD /opt/gcc-arm-none-eabi-10-2020-q4-major/bin/../lib/gcc/arm-none-eabi/10.2.1/thumb/v7e-m+fp/hard/libgcc.a
LOAD /opt/gcc-arm-none-eabi-10-2020-q4-major/bin/../lib/gcc/arm-none-eabi/10.2.1/../../../../arm-none-eabi/lib/thumb/v7e-m+fp/hard/libc_nano.a
END GROUP
START GROUP
LOAD /opt/gcc-arm-none-eabi-10-2020-q4-major/bin/../lib/gcc/arm-none-eabi/10.2.1/thumb/v7e-m+fp/hard/libgcc.a
LOAD /opt/gcc-arm-none-eabi-10-2020-q4-major/bin/../lib/gcc/arm-none-eabi/10.2.1/../../../../arm-none-eabi/lib/thumb/v7e-m+fp/hard/libc_nano.a
END GROUP
LOAD /opt/gcc-arm-none-eabi-10-2020-q4-major/bin/../lib/gcc/arm-none-eabi/10.2.1/thumb/v7e-m+fp/hard/crtend.o
LOAD /opt/gcc-arm-none-eabi-10-2020-q4-major/bin/../lib/gcc/arm-none-eabi/10.2.1/thumb/v7e-m+fp/hard/crtn.o

.text           0x0000000008000000     0xa090
 *(.isr_vector)
 .isr_vector    0x0000000008000000      0x1c4 ../../446-Comp-Files/startup.o
                0x0000000008000000                vectors
 *(.text)
 .text          0x00000000080001c4        0x0 /opt/gcc-arm-none-eabi-10-2020-q4-major/bin/../lib/gcc/arm-none-eabi/10.2.1/thumb/v7e-m+fp/hard/crti.o
 .text          0x00000000080001c4       0x40 /opt/gcc-arm-none-eabi-10-2020-q4-major/bin/../lib/gcc/arm-none-eabi/10.2.1/thumb/v7e-m+fp/hard/crtbegin.o
 .text          0x0000000008000204       0x7c /opt/gcc-arm-none-eabi-10-2020-q4-major/bin/../lib/gcc/arm-none-eabi/10.2.1/../../../../arm-none-eabi/lib/thumb/v7e-m+fp/hard/crt0.o
                0x0000000008000204                _stack_init
                0x000000000800020c                _mainCRTStartup
                0x000000000800020c                _start
 .text          0x0000000008000280     0x197c FreeRTOS-Kernel/tasks.o
                0x00000000080002f8                xTaskCreate
                0x00000000080005ec                vTaskStartScheduler
                0x0000000008000648                vTaskEndScheduler
                0x0000000008000678                vTaskSuspendAll
                0x0000000008000694                xTaskResumeAll
                0x0000000008000884                xTaskGetTickCount
                0x00000000080008a4                xTaskGetTickCountFromISR
                0x00000000080008c8                uxTaskGetNumberOfTasks
                0x00000000080008e0                pcTaskGetName
                0x000000000800090c                xTaskCatchUpTicks
                0x0000000008000940                xTaskIncrementTick
                0x0000000008000b50                vTaskSwitchContext
                0x0000000008000c40                vTaskPlaceOnEventList
                0x0000000008000c6c                vTaskPlaceOnUnorderedEventList
                0x0000000008000cdc                xTaskRemoveFromEventList
                0x0000000008000e70                vTaskRemoveFromUnorderedEventList
                0x0000000008000fb8                vTaskSetTimeOutState
                0x0000000008000fe8                vTaskInternalSetTimeOutState
                0x0000000008001014                xTaskCheckForTimeOut
                0x0000000008001098                vTaskMissedYield
                0x0000000008001190                xTaskGetCurrentTaskHandle
                0x00000000080011b0                xTaskGetCurrentTaskHandleForCore
                0x00000000080011e0                uxTaskResetEventItemValue
                0x0000000008001210                ulTaskGenericNotifyTake
                0x0000000008001300                xTaskGenericNotifyWait
                0x0000000008001424                xTaskGenericNotify
                0x00000000080015f8                xTaskGenericNotifyFromISR
                0x0000000008001844                vTaskGenericNotifyGiveFromISR
                0x0000000008001a00                xTaskGenericNotifyStateClear
                0x0000000008001a58                ulTaskGenericNotifyValueClear
                0x0000000008001b64                vTaskResetState
 .text          0x0000000008001bfc      0xc80 FreeRTOS-Kernel/queue.o
                0x0000000008001bfc                xQueueGenericReset
                0x0000000008001ce4                xQueueGenericCreate
                0x0000000008001da0                xQueueGenericSend
                0x0000000008001ef4                xQueueGenericSendFromISR
                0x0000000008001fbe                xQueueGiveFromISR
                0x0000000008002076                xQueueReceive
                0x00000000080021bc                xQueueSemaphoreTake
                0x00000000080022f8                xQueuePeek
                0x0000000008002440                xQueueReceiveFromISR
                0x0000000008002502                xQueuePeekFromISR
                0x0000000008002568                uxQueueMessagesWaiting
                0x0000000008002588                uxQueueSpacesAvailable
                0x00000000080025b2                uxQueueMessagesWaitingFromISR
                0x00000000080025d2                vQueueDelete
                0x00000000080025ec                uxQueueGetQueueItemSize
                0x0000000008002604                uxQueueGetQueueLength
                0x00000000080027f0                xQueueIsQueueEmptyFromISR
                0x000000000800284c                xQueueIsQueueFullFromISR
 .text          0x000000000800287c      0x168 FreeRTOS-Kernel/list.o
                0x000000000800287c                vListInitialise
                0x00000000080028bc                vListInitialiseItem
                0x00000000080028d6                vListInsertEnd
                0x000000000800291e                vListInsert
                0x0000000008002990                uxListRemove
 .text          0x00000000080029e4        0x0 FreeRTOS-Kernel/timers.o
 .text          0x00000000080029e4      0x448 FreeRTOS-Kernel/event_groups.o
                0x00000000080029e4                xEventGroupCreate
                0x0000000008002a12                xEventGroupSync
                0x0000000008002b04                xEventGroupWaitBits
                0x0000000008002c18                xEventGroupClearBits
                0x0000000008002c4c                xEventGroupGetBitsFromISR
                0x0000000008002c94                xEventGroupSetBits
                0x0000000008002d72                vEventGroupDelete
                0x0000000008002db2                vEventGroupSetBitsCallback
                0x0000000008002dcc                vEventGroupClearBitsCallback
 .text          0x0000000008002e2c      0xa04 FreeRTOS-Kernel/stream_buffer.o
                0x0000000008002e2c                xStreamBufferGenericCreate
                0x0000000008002eac                vStreamBufferDelete
                0x0000000008002ede                xStreamBufferReset
                0x0000000008002f40                xStreamBufferResetFromISR
                0x0000000008002fc2                xStreamBufferSetTriggerLevel
                0x0000000008003002                xStreamBufferSpacesAvailable
                0x000000000800305c                xStreamBufferBytesAvailable
                0x000000000800307a                xStreamBufferSend
                0x00000000080031a8                xStreamBufferSendFromISR
                0x00000000080032ca                xStreamBufferReceive
                0x00000000080033c0                xStreamBufferNextMessageLengthBytes
                0x0000000008003410                xStreamBufferReceiveFromISR
                0x0000000008003532                xStreamBufferIsEmpty
                0x0000000008003566                xStreamBufferIsFull
                0x00000000080035aa                xStreamBufferSendCompletedFromISR
                0x000000000800361a                xStreamBufferReceiveCompletedFromISR
                0x00000000080037f4                uxStreamBufferGetStreamBufferNotificationIndex
                0x0000000008003810                vStreamBufferSetStreamBufferNotificationIndex
 .text          0x0000000008003830        0x0 FreeRTOS-Kernel/croutine.o
 .text          0x0000000008003830      0x504 FreeRTOS-Kernel/portable/MemMang/heap_4.o
                0x0000000008003830                pvPortMalloc
                0x0000000008003994                vPortFree
                0x0000000008003a10                xPortGetFreeHeapSize
                0x0000000008003a28                xPortGetMinimumEverFreeHeapSize
                0x0000000008003a40                xPortResetHeapMinimumEverFreeHeapSize
                0x0000000008003a60                vPortInitialiseBlocks
                0x0000000008003a6e                pvPortCalloc
                0x0000000008003c38                vPortGetHeapStats
                0x0000000008003cf4                vPortHeapResetState
 .text          0x0000000008003d34      0x2c0 FreeRTOS-Kernel/portable/GCC/ARM_CM4F/port.o
                0x0000000008003d34                pxPortInitialiseStack
                0x0000000008003dd0                SVCall_Handler
                0x0000000008003e1a                xPortStartScheduler
                0x0000000008003e88                vPortEndScheduler
                0x0000000008003e96                vPortEnterCritical
                0x0000000008003ecc                vPortExitCritical
                0x0000000008003f00                PendSV_Handler
                0x0000000008003f62                SysTick_Handler
                0x0000000008003fa8                vPortSetupTimerInterrupt
 .text          0x0000000008003ff4        0xe main.o
                0x0000000008003ff4                main
 *fill*         0x0000000008004002        0x2 
 .text          0x0000000008004004      0x2a4 tasks.o
                0x0000000008004004                vApplicationStackOverflowHook
                0x0000000008004020                EXTI15_10_IRQHandler
                0x000000000800406c                DMA2_Stream0_IRQHandler
                0x00000000080040cc                vADCOffTask
                0x0000000008004100                vCANTransmitTask
                0x0000000008004154                start_tasks
 .text          0x00000000080042a8      0x26c ../../446-Comp-Files/syscalls.o
                0x00000000080042a8                initialise_monitor_handles
                0x00000000080042b6                _getpid
                0x00000000080042c6                _kill
                0x00000000080042e6                _exit
                0x00000000080042fa                _read
                0x0000000008004334                _write
                0x000000000800436c                _close
                0x0000000008004384                _fstat
                0x00000000080043a4                _isatty
                0x00000000080043ba                _lseek
                0x00000000080043d4                _open
                0x00000000080043f0                _wait
                0x000000000800440e                _unlink
                0x000000000800442c                _times
                0x0000000008004444                _stat
                0x0000000008004464                _link
                0x0000000008004484                _fork
                0x000000000800449a                _execve
                0x00000000080044bc                _sbrk
 .text          0x0000000008004514       0x90 ../../446-Comp-Files/startup.o
                0x0000000008004514                RTC_Alarm_IRQHandler
                0x0000000008004514                EXTI2_IRQHandler
                0x0000000008004514                TIM8_CC_IRQHandler
                0x0000000008004514                SPI4_IRQHandler
                0x0000000008004514                TIM1_CC_IRQHandler
                0x0000000008004514                QuadSPI_IRQHandler
                0x0000000008004514                DMA2_Stream5_IRQHandler
                0x0000000008004514                DMA1_Stream5_IRQHandler
                0x0000000008004514                PVD_IRQHandler
                0x0000000008004514                SDIO_IRQHandler
                0x0000000008004514                TAMP_STAMP_IRQHandler
                0x0000000008004514                NMI_Handler
                0x0000000008004514                CAN2_RX1_IRQHandler
                0x0000000008004514                EXTI3_IRQHandler
                0x0000000008004514                TIM8_TRG_COM_TIM14_IRQHandler
                0x0000000008004514                TIM1_UP_TIM10_IRQHandler
                0x0000000008004514                TIM8_UP_TIM13_IRQHandler
                0x0000000008004514                I2C3_ER_IRQHandler
                0x0000000008004514                EXTI0_IRQHandler
                0x0000000008004514                I2C2_EV_IRQHandler
                0x0000000008004514                DMA1_Stream2_IRQHandler
                0x0000000008004514                CAN1_RX0_IRQHandler
                0x0000000008004514                FPU_IRQHandler
                0x0000000008004514                OTG_HS_WKUP_IRQHandler
                0x0000000008004514                CAN2_SCE_IRQHandler
                0x0000000008004514                DMA2_Stream2_IRQHandler
                0x0000000008004514                SPI1_IRQHandler
                0x0000000008004514                TIM6_DAC_IRQHandler
                0x0000000008004514                TIM1_BRK_TIM9_IRQHandler
                0x0000000008004514                DCMI_IRQHandler
                0x0000000008004514                CAN2_RX0_IRQHandler
                0x0000000008004514                SPIDIFRx_IRQHandler
                0x0000000008004514                DMA2_Stream3_IRQHandler
                0x0000000008004514                FMPI2C1_IRQHandler
                0x0000000008004514                SAI2_IRQHandler
                0x0000000008004514                USART6_IRQHandler
                0x0000000008004514                USART3_IRQHandler
                0x0000000008004514                HDMICEC_IRQHandler
                0x0000000008004514                CAN1_RX1_IRQHandler
                0x0000000008004514                UART5_IRQHandler
                0x0000000008004514                TIM4_IRQHandler
                0x0000000008004514                I2C1_EV_IRQHandler
                0x0000000008004514                DMA1_Stream6_IRQHandler
                0x0000000008004514                DMA1_Stream1_IRQHandler
                0x0000000008004514                UART4_IRQHandler
                0x0000000008004514                TIM3_IRQHandler
                0x0000000008004514                RCC_IRQHandler
                0x0000000008004514                TIM8_BRK_TIM12_IRQHandler
                0x0000000008004514                Default_Handler
                0x0000000008004514                ADC_IRQHandler
                0x0000000008004514                DMA1_Stream7_IRQHandler
                0x0000000008004514                TIM7_IRQHandler
                0x0000000008004514                CAN2_TX_IRQHandler
                0x0000000008004514                TIM5_IRQHandler
                0x0000000008004514                DMA2_Stream7_IRQHandler
                0x0000000008004514                I2C3_EV_IRQHandler
                0x0000000008004514                EXTI9_5_IRQHandler
                0x0000000008004514                RTC_WKUP_IRQHandler
                0x0000000008004514                SPI2_IRQHandler
                0x0000000008004514                OTG_HS_EP1_IN_IRQHandler
                0x0000000008004514                DMA1_Stream0_IRQHandler
                0x0000000008004514                CAN1_TX_IRQHandler
                0x0000000008004514                EXTI4_IRQHandler
                0x0000000008004514                FSMC_IRQHandler
                0x0000000008004514                OTG_HS_EP1_OUT_IRQHandler
                0x0000000008004514                Debug_Monitor_Handler
                0x0000000008004514                WWDG_IRQHandler
                0x0000000008004514                TIM2_IRQHandler
                0x0000000008004514                FMPI2Cerror_IRQHandler
                0x0000000008004514                OTG_FS_WKUP_IRQHandler
                0x0000000008004514                TIM1_TRG_COM_TIM11_IRQHandler
                0x0000000008004514                OTG_HS_IRQHandler
                0x0000000008004514                EXTI1_IRQHandler
                0x0000000008004514                USART2_IRQHandler
                0x0000000008004514                I2C2_ER_IRQHandler
                0x0000000008004514                DMA2_Stream1_IRQHandler
                0x0000000008004514                CAN1_SCE_IRQHandler
                0x0000000008004514                DMA2_Stream4_IRQHandler
                0x0000000008004514                USART1_IRQHandler
                0x0000000008004514                OTG_FS_IRQHandler
                0x0000000008004514                SPI3_IRQHandler
                0x0000000008004514                DMA1_Stream4_IRQHandler
                0x0000000008004514                I2C1_ER_IRQHandler
                0x0000000008004514                DMA2_Stream6_IRQHandler
                0x0000000008004514                SAI1_IRQHandler
                0x0000000008004514                DMA1_Stream3_IRQHandler
                0x000000000800451a                Reset_Handler
 .text          0x00000000080045a4      0x73c ../../Drivers/ADC.o
                0x00000000080045a4                ADC_Init
                0x0000000008004654                ADC_StartConversion
                0x0000000008004692                ADC_StopConversion
                0x00000000080046d0                ADC_ConversionResult
                0x000000000800476a                ADC_SetExternalTrigger
                0x00000000080047ea                ADC_UseDMA
 .text          0x0000000008004ce0      0xfec ../../Drivers/CAN.o
                0x0000000008004ce0                CAN_SetBitTime
                0x0000000008004d5a                CAN_SetAcceptanceFilter
                0x0000000008004dda                CAN_SetTXMailbox
                0x0000000008004ebc                CAN_SetRXMailbox
                0x0000000008004f70                CAN_Init_and_Start
                0x0000000008004ffe                CAN_Transmit
                0x000000000800518a                CAN_Receive
                0x00000000080052c4                CAN_EnableInterrupts
 .text          0x0000000008005ccc      0xec0 ../../Drivers/GPIO.o
                0x0000000008005ccc                Pin_Init
                0x00000000080063f4                Pin_GetInput
                0x0000000008006526                Pin_Out
                0x00000000080066d8                Pin_OutputSpeed
                0x000000000800688c                Pin_PullUp_PullDown
 .text          0x0000000008006b8c      0xf40 ../../Drivers/ExternalInterrupt.o
                0x0000000008006b8c                EXTIInit
                0x0000000008006d1c                ClearIRQ
 .text          0x0000000008007acc      0x9b0 ../../Drivers/NVIC.o
                0x0000000008007acc                NVIC_InterruptIsActive
                0x0000000008007aea                NVICInterruptInit
                0x0000000008007b46                NVIC_InterruptIsPending
 .text          0x000000000800847c       0x20 ../../Drivers/CPU.o
                0x000000000800847c                TurnOnInterrupts
                0x000000000800848c                TurnOffInterrupts
 .text          0x000000000800849c       0x8c ../../Drivers/faults.o
                0x000000000800849c                enable_faults
                0x00000000080084b0                enable_usagefault
                0x00000000080084d8                enable_busfault
                0x0000000008008500                enable_memmanagefault
 .text          0x0000000008008528       0xb4 ../../Drivers/isr_handlers.o
                0x0000000008008528                HardFault_Handler
                0x0000000008008564                MemManage_Handler
                0x000000000800858c                BusFault_Handler
                0x00000000080085b4                UsageFault_Handler
 .text          0x00000000080085dc      0xcf0 ../../Drivers/DMA.o
                0x00000000080085dc                DMA_Init
                0x0000000008008f80                DMA_FIFOSetup
 .text          0x00000000080092cc        0x0 /opt/gcc-arm-none-eabi-10-2020-q4-major/bin/../lib/gcc/arm-none-eabi/10.2.1/../../../../arm-none-eabi/lib/thumb/v7e-m+fp/hard/libc_nano.a(lib_a-errno.o)
 .text          0x00000000080092cc        0x0 /opt/gcc-arm-none-eabi-10-2020-q4-major/bin/../lib/gcc/arm-none-eabi/10.2.1/../../../../arm-none-eabi/lib/thumb/v7e-m+fp/hard/libc_nano.a(lib_a-exit.o)
 .text          0x00000000080092cc        0x0 /opt/gcc-arm-none-eabi-10-2020-q4-major/bin/../lib/gcc/arm-none-eabi/10.2.1/../../../../arm-none-eabi/lib/thumb/v7e-m+fp/hard/libc_nano.a(lib_a-impure.o)
 .text          0x00000000080092cc        0x0 /opt/gcc-arm-none-eabi-10-2020-q4-major/bin/../lib/gcc/arm-none-eabi/10.2.1/../../../../arm-none-eabi/lib/thumb/v7e-m+fp/hard/libc_nano.a(lib_a-init.o)
 .text          0x00000000080092cc        0x0 /opt/gcc-arm-none-eabi-10-2020-q4-major/bin/../lib/gcc/arm-none-eabi/10.2.1/../../../../arm-none-eabi/lib/thumb/v7e-m+fp/hard/libc_nano.a(lib_a-malloc.o)
 .text          0x00000000080092cc        0x0 /opt/gcc-arm-none-eabi-10-2020-q4-major/bin/../lib/gcc/arm-none-eabi/10.2.1/../../../../arm-none-eabi/lib/thumb/v7e-m+fp/hard/libc_nano.a(lib_a-memcpy-stub.o)
 .text          0x00000000080092cc        0x0 /opt/gcc-arm-none-eabi-10-2020-q4-major/bin/../lib/gcc/arm-none-eabi/10.2.1/../../../../arm-none-eabi/lib/thumb/v7e-m+fp/hard/libc_nano.a(lib_a-memset.o)
 .text          0x00000000080092cc        0x0 /opt/gcc-arm-none-eabi-10-2020-q4-major/bin/../lib/gcc/arm-none-eabi/10.2.1/../../../../arm-none-eabi/lib/thumb/v7e-m+fp/hard/libc_nano.a(lib_a-nano-freer.o)
 .text          0x00000000080092cc        0x0 /opt/gcc-arm-none-eabi-10-2020-q4-major/bin/../lib/gcc/arm-none-eabi/10.2.1/../../../../arm-none-eabi/lib/thumb/v7e-m+fp/hard/libc_nano.a(lib_a-nano-mallocr.o)
 .text          0x00000000080092cc        0x0 /opt/gcc-arm-none-eabi-10-2020-q4-major/bin/../lib/gcc/arm-none-eabi/10.2.1/../../../../arm-none-eabi/lib/thumb/v7e-m+fp/hard/libc_nano.a(lib_a-puts.o)
 .text          0x00000000080092cc        0x0 /opt/gcc-arm-none-eabi-10-2020-q4-major/bin/../lib/gcc/arm-none-eabi/10.2.1/../../../../arm-none-eabi/lib/thumb/v7e-m+fp/hard/libc_nano.a(lib_a-sbrkr.o)
 .text          0x00000000080092cc        0x0 /opt/gcc-arm-none-eabi-10-2020-q4-major/bin/../lib/gcc/arm-none-eabi/10.2.1/../../../../arm-none-eabi/lib/thumb/v7e-m+fp/hard/libc_nano.a(lib_a-wbuf.o)
 .text          0x00000000080092cc        0x0 /opt/gcc-arm-none-eabi-10-2020-q4-major/bin/../lib/gcc/arm-none-eabi/10.2.1/../../../../arm-none-eabi/lib/thumb/v7e-m+fp/hard/libc_nano.a(lib_a-wsetup.o)
 .text          0x00000000080092cc        0x0 /opt/gcc-arm-none-eabi-10-2020-q4-major/bin/../lib/gcc/arm-none-eabi/10.2.1/../../../../arm-none-eabi/lib/thumb/v7e-m+fp/hard/libc_nano.a(lib_a-fflush.o)
 .text          0x00000000080092cc        0x0 /opt/gcc-arm-none-eabi-10-2020-q4-major/bin/../lib/gcc/arm-none-eabi/10.2.1/../../../../arm-none-eabi/lib/thumb/v7e-m+fp/hard/libc_nano.a(lib_a-findfp.o)
 .text          0x00000000080092cc        0x0 /opt/gcc-arm-none-eabi-10-2020-q4-major/bin/../lib/gcc/arm-none-eabi/10.2.1/../../../../arm-none-eabi/lib/thumb/v7e-m+fp/hard/libc_nano.a(lib_a-fwalk.o)
 .text          0x00000000080092cc        0x0 /opt/gcc-arm-none-eabi-10-2020-q4-major/bin/../lib/gcc/arm-none-eabi/10.2.1/../../../../arm-none-eabi/lib/thumb/v7e-m+fp/hard/libc_nano.a(lib_a-lock.o)
 .text          0x00000000080092cc        0x0 /opt/gcc-arm-none-eabi-10-2020-q4-major/bin/../lib/gcc/arm-none-eabi/10.2.1/../../../../arm-none-eabi/lib/thumb/v7e-m+fp/hard/libc_nano.a(lib_a-makebuf.o)
 .text          0x00000000080092cc        0x0 /opt/gcc-arm-none-eabi-10-2020-q4-major/bin/../lib/gcc/arm-none-eabi/10.2.1/../../../../arm-none-eabi/lib/thumb/v7e-m+fp/hard/libc_nano.a(lib_a-mlock.o)
 .text          0x00000000080092cc        0x0 /opt/gcc-arm-none-eabi-10-2020-q4-major/bin/../lib/gcc/arm-none-eabi/10.2.1/../../../../arm-none-eabi/lib/thumb/v7e-m+fp/hard/libc_nano.a(lib_a-reent.o)
 .text          0x00000000080092cc        0x0 /opt/gcc-arm-none-eabi-10-2020-q4-major/bin/../lib/gcc/arm-none-eabi/10.2.1/../../../../arm-none-eabi/lib/thumb/v7e-m+fp/hard/libc_nano.a(lib_a-stdio.o)
 .text          0x00000000080092cc        0x0 /opt/gcc-arm-none-eabi-10-2020-q4-major/bin/../lib/gcc/arm-none-eabi/10.2.1/../../../../arm-none-eabi/lib/thumb/v7e-m+fp/hard/libc_nano.a(lib_a-writer.o)
 .text          0x00000000080092cc        0x0 /opt/gcc-arm-none-eabi-10-2020-q4-major/bin/../lib/gcc/arm-none-eabi/10.2.1/../../../../arm-none-eabi/lib/thumb/v7e-m+fp/hard/libc_nano.a(lib_a-closer.o)
 .text          0x00000000080092cc        0x0 /opt/gcc-arm-none-eabi-10-2020-q4-major/bin/../lib/gcc/arm-none-eabi/10.2.1/../../../../arm-none-eabi/lib/thumb/v7e-m+fp/hard/libc_nano.a(lib_a-fstatr.o)
 .text          0x00000000080092cc        0x0 /opt/gcc-arm-none-eabi-10-2020-q4-major/bin/../lib/gcc/arm-none-eabi/10.2.1/../../../../arm-none-eabi/lib/thumb/v7e-m+fp/hard/libc_nano.a(lib_a-isattyr.o)
 .text          0x00000000080092cc        0x0 /opt/gcc-arm-none-eabi-10-2020-q4-major/bin/../lib/gcc/arm-none-eabi/10.2.1/../../../../arm-none-eabi/lib/thumb/v7e-m+fp/hard/libc_nano.a(lib_a-lseekr.o)
 .text          0x00000000080092cc        0x0 /opt/gcc-arm-none-eabi-10-2020-q4-major/bin/../lib/gcc/arm-none-eabi/10.2.1/../../../../arm-none-eabi/lib/thumb/v7e-m+fp/hard/libc_nano.a(lib_a-readr.o)
 .text          0x00000000080092cc        0x0 /opt/gcc-arm-none-eabi-10-2020-q4-major/bin/../lib/gcc/arm-none-eabi/10.2.1/thumb/v7e-m+fp/hard/crtend.o
 .text          0x00000000080092cc        0x0 /opt/gcc-arm-none-eabi-10-2020-q4-major/bin/../lib/gcc/arm-none-eabi/10.2.1/thumb/v7e-m+fp/hard/crtn.o
 *(.text.*)
 .text.__errno  0x00000000080092cc        0xc /opt/gcc-arm-none-eabi-10-2020-q4-major/bin/../lib/gcc/arm-none-eabi/10.2.1/../../../../arm-none-eabi/lib/thumb/v7e-m+fp/hard/libc_nano.a(lib_a-errno.o)
                0x00000000080092cc                __errno
 .text.exit     0x00000000080092d8       0x28 /opt/gcc-arm-none-eabi-10-2020-q4-major/bin/../lib/gcc/arm-none-eabi/10.2.1/../../../../arm-none-eabi/lib/thumb/v7e-m+fp/hard/libc_nano.a(lib_a-exit.o)
                0x00000000080092d8                exit
 .text.__libc_init_array
                0x0000000008009300       0x48 /opt/gcc-arm-none-eabi-10-2020-q4-major/bin/../lib/gcc/arm-none-eabi/10.2.1/../../../../arm-none-eabi/lib/thumb/v7e-m+fp/hard/libc_nano.a(lib_a-init.o)
                0x0000000008009300                __libc_init_array
 .text.malloc   0x0000000008009348       0x10 /opt/gcc-arm-none-eabi-10-2020-q4-major/bin/../lib/gcc/arm-none-eabi/10.2.1/../../../../arm-none-eabi/lib/thumb/v7e-m+fp/hard/libc_nano.a(lib_a-malloc.o)
                0x0000000008009348                malloc
 .text.free     0x0000000008009358       0x10 /opt/gcc-arm-none-eabi-10-2020-q4-major/bin/../lib/gcc/arm-none-eabi/10.2.1/../../../../arm-none-eabi/lib/thumb/v7e-m+fp/hard/libc_nano.a(lib_a-malloc.o)
                0x0000000008009358                free
 .text.memcpy   0x0000000008009368       0x1c /opt/gcc-arm-none-eabi-10-2020-q4-major/bin/../lib/gcc/arm-none-eabi/10.2.1/../../../../arm-none-eabi/lib/thumb/v7e-m+fp/hard/libc_nano.a(lib_a-memcpy-stub.o)
                0x0000000008009368                memcpy
 .text.memset   0x0000000008009384       0x10 /opt/gcc-arm-none-eabi-10-2020-q4-major/bin/../lib/gcc/arm-none-eabi/10.2.1/../../../../arm-none-eabi/lib/thumb/v7e-m+fp/hard/libc_nano.a(lib_a-memset.o)
                0x0000000008009384                memset
 .text._free_r  0x0000000008009394       0x98 /opt/gcc-arm-none-eabi-10-2020-q4-major/bin/../lib/gcc/arm-none-eabi/10.2.1/../../../../arm-none-eabi/lib/thumb/v7e-m+fp/hard/libc_nano.a(lib_a-nano-freer.o)
                0x0000000008009394                _free_r
 .text._malloc_r
                0x000000000800942c       0xb4 /opt/gcc-arm-none-eabi-10-2020-q4-major/bin/../lib/gcc/arm-none-eabi/10.2.1/../../../../arm-none-eabi/lib/thumb/v7e-m+fp/hard/libc_nano.a(lib_a-nano-mallocr.o)
                0x000000000800942c                _malloc_r
 .text._puts_r  0x00000000080094e0       0xdc /opt/gcc-arm-none-eabi-10-2020-q4-major/bin/../lib/gcc/arm-none-eabi/10.2.1/../../../../arm-none-eabi/lib/thumb/v7e-m+fp/hard/libc_nano.a(lib_a-puts.o)
                0x00000000080094e0                _puts_r
 .text.puts     0x00000000080095bc       0x10 /opt/gcc-arm-none-eabi-10-2020-q4-major/bin/../lib/gcc/arm-none-eabi/10.2.1/../../../../arm-none-eabi/lib/thumb/v7e-m+fp/hard/libc_nano.a(lib_a-puts.o)
                0x00000000080095bc                puts
 .text._sbrk_r  0x00000000080095cc       0x20 /opt/gcc-arm-none-eabi-10-2020-q4-major/bin/../lib/gcc/arm-none-eabi/10.2.1/../../../../arm-none-eabi/lib/thumb/v7e-m+fp/hard/libc_nano.a(lib_a-sbrkr.o)
                0x00000000080095cc                _sbrk_r
 .text.__swbuf_r
                0x00000000080095ec       0xa4 /opt/gcc-arm-none-eabi-10-2020-q4-major/bin/../lib/gcc/arm-none-eabi/10.2.1/../../../../arm-none-eabi/lib/thumb/v7e-m+fp/hard/libc_nano.a(lib_a-wbuf.o)
                0x00000000080095ec                __swbuf_r
 .text.__swbuf  0x0000000008009690       0x10 /opt/gcc-arm-none-eabi-10-2020-q4-major/bin/../lib/gcc/arm-none-eabi/10.2.1/../../../../arm-none-eabi/lib/thumb/v7e-m+fp/hard/libc_nano.a(lib_a-wbuf.o)
                0x0000000008009690                __swbuf
 .text.__swsetup_r
                0x00000000080096a0       0xdc /opt/gcc-arm-none-eabi-10-2020-q4-major/bin/../lib/gcc/arm-none-eabi/10.2.1/../../../../arm-none-eabi/lib/thumb/v7e-m+fp/hard/libc_nano.a(lib_a-wsetup.o)
                0x00000000080096a0                __swsetup_r
 .text.__sflush_r
                0x000000000800977c      0x10c /opt/gcc-arm-none-eabi-10-2020-q4-major/bin/../lib/gcc/arm-none-eabi/10.2.1/../../../../arm-none-eabi/lib/thumb/v7e-m+fp/hard/libc_nano.a(lib_a-fflush.o)
                0x000000000800977c                __sflush_r
 .text._fflush_r
                0x0000000008009888       0x78 /opt/gcc-arm-none-eabi-10-2020-q4-major/bin/../lib/gcc/arm-none-eabi/10.2.1/../../../../arm-none-eabi/lib/thumb/v7e-m+fp/hard/libc_nano.a(lib_a-fflush.o)
                0x0000000008009888                _fflush_r
 .text.fflush   0x0000000008009900       0x24 /opt/gcc-arm-none-eabi-10-2020-q4-major/bin/../lib/gcc/arm-none-eabi/10.2.1/../../../../arm-none-eabi/lib/thumb/v7e-m+fp/hard/libc_nano.a(lib_a-fflush.o)
                0x0000000008009900                fflush
 .text.std      0x0000000008009924       0x48 /opt/gcc-arm-none-eabi-10-2020-q4-major/bin/../lib/gcc/arm-none-eabi/10.2.1/../../../../arm-none-eabi/lib/thumb/v7e-m+fp/hard/libc_nano.a(lib_a-findfp.o)
 .text._cleanup_r
                0x000000000800996c        0xc /opt/gcc-arm-none-eabi-10-2020-q4-major/bin/../lib/gcc/arm-none-eabi/10.2.1/../../../../arm-none-eabi/lib/thumb/v7e-m+fp/hard/libc_nano.a(lib_a-findfp.o)
                0x000000000800996c                _cleanup_r
 .text.__fp_lock
                0x0000000008009978       0x18 /opt/gcc-arm-none-eabi-10-2020-q4-major/bin/../lib/gcc/arm-none-eabi/10.2.1/../../../../arm-none-eabi/lib/thumb/v7e-m+fp/hard/libc_nano.a(lib_a-findfp.o)
 .text.__fp_unlock
                0x0000000008009990       0x18 /opt/gcc-arm-none-eabi-10-2020-q4-major/bin/../lib/gcc/arm-none-eabi/10.2.1/../../../../arm-none-eabi/lib/thumb/v7e-m+fp/hard/libc_nano.a(lib_a-findfp.o)
 .text.__sfmoreglue
                0x00000000080099a8       0x2c /opt/gcc-arm-none-eabi-10-2020-q4-major/bin/../lib/gcc/arm-none-eabi/10.2.1/../../../../arm-none-eabi/lib/thumb/v7e-m+fp/hard/libc_nano.a(lib_a-findfp.o)
                0x00000000080099a8                __sfmoreglue
 .text._cleanup
                0x00000000080099d4        0xc /opt/gcc-arm-none-eabi-10-2020-q4-major/bin/../lib/gcc/arm-none-eabi/10.2.1/../../../../arm-none-eabi/lib/thumb/v7e-m+fp/hard/libc_nano.a(lib_a-findfp.o)
                0x00000000080099d4                _cleanup
 .text.__sfp_lock_acquire
                0x00000000080099e0        0xc /opt/gcc-arm-none-eabi-10-2020-q4-major/bin/../lib/gcc/arm-none-eabi/10.2.1/../../../../arm-none-eabi/lib/thumb/v7e-m+fp/hard/libc_nano.a(lib_a-findfp.o)
                0x00000000080099e0                __sfp_lock_acquire
 .text.__sfp_lock_release
                0x00000000080099ec        0xc /opt/gcc-arm-none-eabi-10-2020-q4-major/bin/../lib/gcc/arm-none-eabi/10.2.1/../../../../arm-none-eabi/lib/thumb/v7e-m+fp/hard/libc_nano.a(lib_a-findfp.o)
                0x00000000080099ec                __sfp_lock_release
 .text.__sinit_lock_acquire
                0x00000000080099f8        0xc /opt/gcc-arm-none-eabi-10-2020-q4-major/bin/../lib/gcc/arm-none-eabi/10.2.1/../../../../arm-none-eabi/lib/thumb/v7e-m+fp/hard/libc_nano.a(lib_a-findfp.o)
                0x00000000080099f8                __sinit_lock_acquire
 .text.__sinit_lock_release
                0x0000000008009a04        0xc /opt/gcc-arm-none-eabi-10-2020-q4-major/bin/../lib/gcc/arm-none-eabi/10.2.1/../../../../arm-none-eabi/lib/thumb/v7e-m+fp/hard/libc_nano.a(lib_a-findfp.o)
                0x0000000008009a04                __sinit_lock_release
 .text.__sinit  0x0000000008009a10       0x70 /opt/gcc-arm-none-eabi-10-2020-q4-major/bin/../lib/gcc/arm-none-eabi/10.2.1/../../../../arm-none-eabi/lib/thumb/v7e-m+fp/hard/libc_nano.a(lib_a-findfp.o)
                0x0000000008009a10                __sinit
 .text.__sfp    0x0000000008009a80       0x8c /opt/gcc-arm-none-eabi-10-2020-q4-major/bin/../lib/gcc/arm-none-eabi/10.2.1/../../../../arm-none-eabi/lib/thumb/v7e-m+fp/hard/libc_nano.a(lib_a-findfp.o)
                0x0000000008009a80                __sfp
 .text.__fp_lock_all
                0x0000000008009b0c       0x1c /opt/gcc-arm-none-eabi-10-2020-q4-major/bin/../lib/gcc/arm-none-eabi/10.2.1/../../../../arm-none-eabi/lib/thumb/v7e-m+fp/hard/libc_nano.a(lib_a-findfp.o)
                0x0000000008009b0c                __fp_lock_all
 .text.__fp_unlock_all
                0x0000000008009b28       0x1c /opt/gcc-arm-none-eabi-10-2020-q4-major/bin/../lib/gcc/arm-none-eabi/10.2.1/../../../../arm-none-eabi/lib/thumb/v7e-m+fp/hard/libc_nano.a(lib_a-findfp.o)
                0x0000000008009b28                __fp_unlock_all
 .text._fwalk   0x0000000008009b44       0x3a /opt/gcc-arm-none-eabi-10-2020-q4-major/bin/../lib/gcc/arm-none-eabi/10.2.1/../../../../arm-none-eabi/lib/thumb/v7e-m+fp/hard/libc_nano.a(lib_a-fwalk.o)
                0x0000000008009b44                _fwalk
 .text._fwalk_reent
                0x0000000008009b7e       0x3e /opt/gcc-arm-none-eabi-10-2020-q4-major/bin/../lib/gcc/arm-none-eabi/10.2.1/../../../../arm-none-eabi/lib/thumb/v7e-m+fp/hard/libc_nano.a(lib_a-fwalk.o)
                0x0000000008009b7e                _fwalk_reent
 .text.__retarget_lock_init
                0x0000000008009bbc        0x2 /opt/gcc-arm-none-eabi-10-2020-q4-major/bin/../lib/gcc/arm-none-eabi/10.2.1/../../../../arm-none-eabi/lib/thumb/v7e-m+fp/hard/libc_nano.a(lib_a-lock.o)
                0x0000000008009bbc                __retarget_lock_init
 .text.__retarget_lock_init_recursive
                0x0000000008009bbe        0x2 /opt/gcc-arm-none-eabi-10-2020-q4-major/bin/../lib/gcc/arm-none-eabi/10.2.1/../../../../arm-none-eabi/lib/thumb/v7e-m+fp/hard/libc_nano.a(lib_a-lock.o)
                0x0000000008009bbe                __retarget_lock_init_recursive
 .text.__retarget_lock_close
                0x0000000008009bc0        0x2 /opt/gcc-arm-none-eabi-10-2020-q4-major/bin/../lib/gcc/arm-none-eabi/10.2.1/../../../../arm-none-eabi/lib/thumb/v7e-m+fp/hard/libc_nano.a(lib_a-lock.o)
                0x0000000008009bc0                __retarget_lock_close
 .text.__retarget_lock_close_recursive
                0x0000000008009bc2        0x2 /opt/gcc-arm-none-eabi-10-2020-q4-major/bin/../lib/gcc/arm-none-eabi/10.2.1/../../../../arm-none-eabi/lib/thumb/v7e-m+fp/hard/libc_nano.a(lib_a-lock.o)
                0x0000000008009bc2                __retarget_lock_close_recursive
 .text.__retarget_lock_acquire
                0x0000000008009bc4        0x2 /opt/gcc-arm-none-eabi-10-2020-q4-major/bin/../lib/gcc/arm-none-eabi/10.2.1/../../../../arm-none-eabi/lib/thumb/v7e-m+fp/hard/libc_nano.a(lib_a-lock.o)
                0x0000000008009bc4                __retarget_lock_acquire
 .text.__retarget_lock_acquire_recursive
                0x0000000008009bc6        0x2 /opt/gcc-arm-none-eabi-10-2020-q4-major/bin/../lib/gcc/arm-none-eabi/10.2.1/../../../../arm-none-eabi/lib/thumb/v7e-m+fp/hard/libc_nano.a(lib_a-lock.o)
                0x0000000008009bc6                __retarget_lock_acquire_recursive
 .text.__retarget_lock_try_acquire
                0x0000000008009bc8        0x4 /opt/gcc-arm-none-eabi-10-2020-q4-major/bin/../lib/gcc/arm-none-eabi/10.2.1/../../../../arm-none-eabi/lib/thumb/v7e-m+fp/hard/libc_nano.a(lib_a-lock.o)
                0x0000000008009bc8                __retarget_lock_try_acquire
 .text.__retarget_lock_try_acquire_recursive
                0x0000000008009bcc        0x4 /opt/gcc-arm-none-eabi-10-2020-q4-major/bin/../lib/gcc/arm-none-eabi/10.2.1/../../../../arm-none-eabi/lib/thumb/v7e-m+fp/hard/libc_nano.a(lib_a-lock.o)
                0x0000000008009bcc                __retarget_lock_try_acquire_recursive
 .text.__retarget_lock_release
                0x0000000008009bd0        0x2 /opt/gcc-arm-none-eabi-10-2020-q4-major/bin/../lib/gcc/arm-none-eabi/10.2.1/../../../../arm-none-eabi/lib/thumb/v7e-m+fp/hard/libc_nano.a(lib_a-lock.o)
                0x0000000008009bd0                __retarget_lock_release
 .text.__retarget_lock_release_recursive
                0x0000000008009bd2        0x2 /opt/gcc-arm-none-eabi-10-2020-q4-major/bin/../lib/gcc/arm-none-eabi/10.2.1/../../../../arm-none-eabi/lib/thumb/v7e-m+fp/hard/libc_nano.a(lib_a-lock.o)
                0x0000000008009bd2                __retarget_lock_release_recursive
 .text.__swhatbuf_r
                0x0000000008009bd4       0x4a /opt/gcc-arm-none-eabi-10-2020-q4-major/bin/../lib/gcc/arm-none-eabi/10.2.1/../../../../arm-none-eabi/lib/thumb/v7e-m+fp/hard/libc_nano.a(lib_a-makebuf.o)
                0x0000000008009bd4                __swhatbuf_r
 *fill*         0x0000000008009c1e        0x2 
 .text.__smakebuf_r
                0x0000000008009c20       0x80 /opt/gcc-arm-none-eabi-10-2020-q4-major/bin/../lib/gcc/arm-none-eabi/10.2.1/../../../../arm-none-eabi/lib/thumb/v7e-m+fp/hard/libc_nano.a(lib_a-makebuf.o)
                0x0000000008009c20                __smakebuf_r
 .text.__malloc_lock
                0x0000000008009ca0        0xc /opt/gcc-arm-none-eabi-10-2020-q4-major/bin/../lib/gcc/arm-none-eabi/10.2.1/../../../../arm-none-eabi/lib/thumb/v7e-m+fp/hard/libc_nano.a(lib_a-mlock.o)
                0x0000000008009ca0                __malloc_lock
 .text.__malloc_unlock
                0x0000000008009cac        0xc /opt/gcc-arm-none-eabi-10-2020-q4-major/bin/../lib/gcc/arm-none-eabi/10.2.1/../../../../arm-none-eabi/lib/thumb/v7e-m+fp/hard/libc_nano.a(lib_a-mlock.o)
                0x0000000008009cac                __malloc_unlock
 .text.cleanup_glue
                0x0000000008009cb8       0x1a /opt/gcc-arm-none-eabi-10-2020-q4-major/bin/../lib/gcc/arm-none-eabi/10.2.1/../../../../arm-none-eabi/lib/thumb/v7e-m+fp/hard/libc_nano.a(lib_a-reent.o)
                0x0000000008009cb8                cleanup_glue
 *fill*         0x0000000008009cd2        0x2 
 .text._reclaim_reent
                0x0000000008009cd4       0xb8 /opt/gcc-arm-none-eabi-10-2020-q4-major/bin/../lib/gcc/arm-none-eabi/10.2.1/../../../../arm-none-eabi/lib/thumb/v7e-m+fp/hard/libc_nano.a(lib_a-reent.o)
                0x0000000008009cd4                _reclaim_reent
 .text.__sread  0x0000000008009d8c       0x22 /opt/gcc-arm-none-eabi-10-2020-q4-major/bin/../lib/gcc/arm-none-eabi/10.2.1/../../../../arm-none-eabi/lib/thumb/v7e-m+fp/hard/libc_nano.a(lib_a-stdio.o)
                0x0000000008009d8c                __sread
 .text.__seofread
                0x0000000008009dae        0x4 /opt/gcc-arm-none-eabi-10-2020-q4-major/bin/../lib/gcc/arm-none-eabi/10.2.1/../../../../arm-none-eabi/lib/thumb/v7e-m+fp/hard/libc_nano.a(lib_a-stdio.o)
                0x0000000008009dae                __seofread
 .text.__swrite
                0x0000000008009db2       0x38 /opt/gcc-arm-none-eabi-10-2020-q4-major/bin/../lib/gcc/arm-none-eabi/10.2.1/../../../../arm-none-eabi/lib/thumb/v7e-m+fp/hard/libc_nano.a(lib_a-stdio.o)
                0x0000000008009db2                __swrite
 .text.__sseek  0x0000000008009dea       0x24 /opt/gcc-arm-none-eabi-10-2020-q4-major/bin/../lib/gcc/arm-none-eabi/10.2.1/../../../../arm-none-eabi/lib/thumb/v7e-m+fp/hard/libc_nano.a(lib_a-stdio.o)
                0x0000000008009dea                __sseek
 .text.__sclose
                0x0000000008009e0e        0x8 /opt/gcc-arm-none-eabi-10-2020-q4-major/bin/../lib/gcc/arm-none-eabi/10.2.1/../../../../arm-none-eabi/lib/thumb/v7e-m+fp/hard/libc_nano.a(lib_a-stdio.o)
                0x0000000008009e0e                __sclose
 *fill*         0x0000000008009e16        0x2 
 .text._write_r
                0x0000000008009e18       0x24 /opt/gcc-arm-none-eabi-10-2020-q4-major/bin/../lib/gcc/arm-none-eabi/10.2.1/../../../../arm-none-eabi/lib/thumb/v7e-m+fp/hard/libc_nano.a(lib_a-writer.o)
                0x0000000008009e18                _write_r
 .text._close_r
                0x0000000008009e3c       0x20 /opt/gcc-arm-none-eabi-10-2020-q4-major/bin/../lib/gcc/arm-none-eabi/10.2.1/../../../../arm-none-eabi/lib/thumb/v7e-m+fp/hard/libc_nano.a(lib_a-closer.o)
                0x0000000008009e3c                _close_r
 .text._fstat_r
                0x0000000008009e5c       0x24 /opt/gcc-arm-none-eabi-10-2020-q4-major/bin/../lib/gcc/arm-none-eabi/10.2.1/../../../../arm-none-eabi/lib/thumb/v7e-m+fp/hard/libc_nano.a(lib_a-fstatr.o)
                0x0000000008009e5c                _fstat_r
 .text._isatty_r
                0x0000000008009e80       0x20 /opt/gcc-arm-none-eabi-10-2020-q4-major/bin/../lib/gcc/arm-none-eabi/10.2.1/../../../../arm-none-eabi/lib/thumb/v7e-m+fp/hard/libc_nano.a(lib_a-isattyr.o)
                0x0000000008009e80                _isatty_r
 .text._lseek_r
                0x0000000008009ea0       0x24 /opt/gcc-arm-none-eabi-10-2020-q4-major/bin/../lib/gcc/arm-none-eabi/10.2.1/../../../../arm-none-eabi/lib/thumb/v7e-m+fp/hard/libc_nano.a(lib_a-lseekr.o)
                0x0000000008009ea0                _lseek_r
 .text._read_r  0x0000000008009ec4       0x24 /opt/gcc-arm-none-eabi-10-2020-q4-major/bin/../lib/gcc/arm-none-eabi/10.2.1/../../../../arm-none-eabi/lib/thumb/v7e-m+fp/hard/libc_nano.a(lib_a-readr.o)
                0x0000000008009ec4                _read_r
 *(.rodata)
 .rodata        0x0000000008009ee8       0x24 /opt/gcc-arm-none-eabi-10-2020-q4-major/bin/../lib/gcc/arm-none-eabi/10.2.1/thumb/v7e-m+fp/hard/crtbegin.o
 .rodata        0x0000000008009f0c        0x5 FreeRTOS-Kernel/tasks.o
 *fill*         0x0000000008009f11        0x3 
 .rodata        0x0000000008009f14        0x4 FreeRTOS-Kernel/portable/MemMang/heap_4.o
 .rodata        0x0000000008009f18       0x5a tasks.o
 *fill*         0x0000000008009f72        0x2 
 .rodata        0x0000000008009f74       0x14 ../../Drivers/ADC.o
                0x0000000008009f74                ADCClock
                0x0000000008009f78                CommonRegs
                0x0000000008009f7c                ADC1
                0x0000000008009f80                ADC2
                0x0000000008009f84                ADC3
 .rodata        0x0000000008009f88       0x1c ../../Drivers/CAN.o
                0x0000000008009f88                CANClock
                0x0000000008009f8c                CAN1
                0x0000000008009f90                CAN1MailFilters
                0x0000000008009f94                CAN1Bank
                0x0000000008009f98                CAN2
                0x0000000008009f9c                CAN2MailFilters
                0x0000000008009fa0                CAN2Bank
 .rodata        0x0000000008009fa4       0x28 ../../Drivers/GPIO.o
                0x0000000008009fa4                GPIOClock
                0x0000000008009fa8                A
                0x0000000008009fac                B
                0x0000000008009fb0                C
                0x0000000008009fb4                D
                0x0000000008009fb8                E
                0x0000000008009fbc                F
                0x0000000008009fc0                G
                0x0000000008009fc4                H
                0x0000000008009fc8                I
 .rodata        0x0000000008009fcc       0x28 ../../Drivers/ExternalInterrupt.o
                0x0000000008009fcc                EXTI
                0x0000000008009fd0                CFG_EXTICR1
                0x0000000008009fd4                CFG_EXTICR2
                0x0000000008009fd8                CFG_EXTICR3
                0x0000000008009fdc                CFG_EXTICR4
                0x0000000008009fe0                SYSCFG_CLK
 .rodata        0x0000000008009ff4        0x8 ../../Drivers/NVIC.o
                0x0000000008009ff4                SOFTWARE_SET
                0x0000000008009ff8                CONFIG_CONTROL
 .rodata        0x0000000008009ffc        0xc ../../Drivers/DMA.o
                0x0000000008009ffc                DMAClock
                0x000000000800a000                DMA1
                0x000000000800a004                DMA2
 .rodata        0x000000000800a008       0x24 /opt/gcc-arm-none-eabi-10-2020-q4-major/bin/../lib/gcc/arm-none-eabi/10.2.1/thumb/v7e-m+fp/hard/crtend.o
 *(.rodata.*)
 .rodata._global_impure_ptr
                0x000000000800a02c        0x4 /opt/gcc-arm-none-eabi-10-2020-q4-major/bin/../lib/gcc/arm-none-eabi/10.2.1/../../../../arm-none-eabi/lib/thumb/v7e-m+fp/hard/libc_nano.a(lib_a-impure.o)
                0x000000000800a02c                _global_impure_ptr
 .rodata.__sf_fake_stderr
                0x000000000800a030       0x20 /opt/gcc-arm-none-eabi-10-2020-q4-major/bin/../lib/gcc/arm-none-eabi/10.2.1/../../../../arm-none-eabi/lib/thumb/v7e-m+fp/hard/libc_nano.a(lib_a-findfp.o)
                0x000000000800a030                __sf_fake_stderr
 .rodata.__sf_fake_stdin
                0x000000000800a050       0x20 /opt/gcc-arm-none-eabi-10-2020-q4-major/bin/../lib/gcc/arm-none-eabi/10.2.1/../../../../arm-none-eabi/lib/thumb/v7e-m+fp/hard/libc_nano.a(lib_a-findfp.o)
                0x000000000800a050                __sf_fake_stdin
 .rodata.__sf_fake_stdout
                0x000000000800a070       0x20 /opt/gcc-arm-none-eabi-10-2020-q4-major/bin/../lib/gcc/arm-none-eabi/10.2.1/../../../../arm-none-eabi/lib/thumb/v7e-m+fp/hard/libc_nano.a(lib_a-findfp.o)
                0x000000000800a070                __sf_fake_stdout
                0x000000000800a090                . = ALIGN (0x4)
                0x000000000800a090                _etext = .
                0x000000000800a0b4                _la_data = LOADADDR (.data)

.glue_7         0x000000000800a090        0x0
 .glue_7        0x000000000800a090        0x0 linker stubs

.glue_7t        0x000000000800a090        0x0
 .glue_7t       0x000000000800a090        0x0 linker stubs

.vfp11_veneer   0x000000000800a090        0x0
 .vfp11_veneer  0x000000000800a090        0x0 linker stubs

.v4_bx          0x000000000800a090        0x0
 .v4_bx         0x000000000800a090        0x0 linker stubs

.init           0x000000000800a090        0xc
 .init          0x000000000800a090        0x4 /opt/gcc-arm-none-eabi-10-2020-q4-major/bin/../lib/gcc/arm-none-eabi/10.2.1/thumb/v7e-m+fp/hard/crti.o
                0x000000000800a090                _init
 .init          0x000000000800a094        0x8 /opt/gcc-arm-none-eabi-10-2020-q4-major/bin/../lib/gcc/arm-none-eabi/10.2.1/thumb/v7e-m+fp/hard/crtn.o

.fini           0x000000000800a09c        0xc
 .fini          0x000000000800a09c        0x4 /opt/gcc-arm-none-eabi-10-2020-q4-major/bin/../lib/gcc/arm-none-eabi/10.2.1/thumb/v7e-m+fp/hard/crti.o
                0x000000000800a09c                _fini
 .fini          0x000000000800a0a0        0x8 /opt/gcc-arm-none-eabi-10-2020-q4-major/bin/../lib/gcc/arm-none-eabi/10.2.1/thumb/v7e-m+fp/hard/crtn.o

.iplt           0x000000000800a0a8        0x0
 .iplt          0x000000000800a0a8        0x0 /opt/gcc-arm-none-eabi-10-2020-q4-major/bin/../lib/gcc/arm-none-eabi/10.2.1/thumb/v7e-m+fp/hard/crtbegin.o

.eh_frame       0x000000000800a0a8        0x4
 .eh_frame      0x000000000800a0a8        0x0 /opt/gcc-arm-none-eabi-10-2020-q4-major/bin/../lib/gcc/arm-none-eabi/10.2.1/thumb/v7e-m+fp/hard/crtbegin.o
 .eh_frame      0x000000000800a0a8        0x4 /opt/gcc-arm-none-eabi-10-2020-q4-major/bin/../lib/gcc/arm-none-eabi/10.2.1/thumb/v7e-m+fp/hard/crtend.o

.ARM.extab      0x000000000800a0ac        0x0
 .ARM.extab     0x000000000800a0ac        0x0 /opt/gcc-arm-none-eabi-10-2020-q4-major/bin/../lib/gcc/arm-none-eabi/10.2.1/../../../../arm-none-eabi/lib/thumb/v7e-m+fp/hard/crt0.o

.ARM.exidx      0x000000000800a0ac        0x8
 .ARM.exidx     0x000000000800a0ac        0x8 /opt/gcc-arm-none-eabi-10-2020-q4-major/bin/../lib/gcc/arm-none-eabi/10.2.1/../../../../arm-none-eabi/lib/thumb/v7e-m+fp/hard/crt0.o
                                         0x10 (size before relaxing)

.rel.dyn        0x000000000800a0b4        0x0
 .rel.iplt      0x000000000800a0b4        0x0 /opt/gcc-arm-none-eabi-10-2020-q4-major/bin/../lib/gcc/arm-none-eabi/10.2.1/thumb/v7e-m+fp/hard/crtbegin.o

.data           0x0000000020000000      0x204 load address 0x000000000800a0b4
                0x0000000020000000                _sdata = .
 *(.data)
 .data          0x0000000020000000        0x0 /opt/gcc-arm-none-eabi-10-2020-q4-major/bin/../lib/gcc/arm-none-eabi/10.2.1/thumb/v7e-m+fp/hard/crti.o
 .data          0x0000000020000000        0x4 /opt/gcc-arm-none-eabi-10-2020-q4-major/bin/../lib/gcc/arm-none-eabi/10.2.1/thumb/v7e-m+fp/hard/crtbegin.o
                0x0000000020000000                __dso_handle
 .data          0x0000000020000004        0x0 /opt/gcc-arm-none-eabi-10-2020-q4-major/bin/../lib/gcc/arm-none-eabi/10.2.1/../../../../arm-none-eabi/lib/thumb/v7e-m+fp/hard/crt0.o
 .data          0x0000000020000004        0x4 FreeRTOS-Kernel/tasks.o
 .data          0x0000000020000008        0x0 FreeRTOS-Kernel/queue.o
 .data          0x0000000020000008        0x0 FreeRTOS-Kernel/list.o
 .data          0x0000000020000008        0x0 FreeRTOS-Kernel/timers.o
 .data          0x0000000020000008        0x0 FreeRTOS-Kernel/event_groups.o
 .data          0x0000000020000008        0x0 FreeRTOS-Kernel/stream_buffer.o
 .data          0x0000000020000008        0x0 FreeRTOS-Kernel/croutine.o
 .data          0x0000000020000008        0x0 FreeRTOS-Kernel/portable/MemMang/heap_4.o
 .data          0x0000000020000008        0x4 FreeRTOS-Kernel/portable/GCC/ARM_CM4F/port.o
 .data          0x000000002000000c        0x0 main.o
 .data          0x000000002000000c        0x2 tasks.o
                0x000000002000000c                can_pinNums
 .data          0x000000002000000e        0x0 ../../446-Comp-Files/syscalls.o
 .data          0x000000002000000e        0x0 ../../446-Comp-Files/startup.o
 .data          0x000000002000000e        0x0 ../../Drivers/ADC.o
 .data          0x000000002000000e        0x0 ../../Drivers/CAN.o
 .data          0x000000002000000e        0x0 ../../Drivers/GPIO.o
 .data          0x000000002000000e        0x0 ../../Drivers/ExternalInterrupt.o
 *fill*         0x000000002000000e        0x2 
 .data          0x0000000020000010      0x190 ../../Drivers/NVIC.o
                0x0000000020000010                addresses
                0x00000000200000b0                priority_addresses
 .data          0x00000000200001a0        0x0 ../../Drivers/CPU.o
 .data          0x00000000200001a0        0x0 ../../Drivers/faults.o
 .data          0x00000000200001a0        0x0 ../../Drivers/isr_handlers.o
 .data          0x00000000200001a0        0x0 ../../Drivers/DMA.o
 .data          0x00000000200001a0        0x0 /opt/gcc-arm-none-eabi-10-2020-q4-major/bin/../lib/gcc/arm-none-eabi/10.2.1/../../../../arm-none-eabi/lib/thumb/v7e-m+fp/hard/libc_nano.a(lib_a-errno.o)
 .data          0x00000000200001a0        0x0 /opt/gcc-arm-none-eabi-10-2020-q4-major/bin/../lib/gcc/arm-none-eabi/10.2.1/../../../../arm-none-eabi/lib/thumb/v7e-m+fp/hard/libc_nano.a(lib_a-exit.o)
 .data          0x00000000200001a0        0x0 /opt/gcc-arm-none-eabi-10-2020-q4-major/bin/../lib/gcc/arm-none-eabi/10.2.1/../../../../arm-none-eabi/lib/thumb/v7e-m+fp/hard/libc_nano.a(lib_a-impure.o)
 .data          0x00000000200001a0        0x0 /opt/gcc-arm-none-eabi-10-2020-q4-major/bin/../lib/gcc/arm-none-eabi/10.2.1/../../../../arm-none-eabi/lib/thumb/v7e-m+fp/hard/libc_nano.a(lib_a-init.o)
 .data          0x00000000200001a0        0x0 /opt/gcc-arm-none-eabi-10-2020-q4-major/bin/../lib/gcc/arm-none-eabi/10.2.1/../../../../arm-none-eabi/lib/thumb/v7e-m+fp/hard/libc_nano.a(lib_a-malloc.o)
 .data          0x00000000200001a0        0x0 /opt/gcc-arm-none-eabi-10-2020-q4-major/bin/../lib/gcc/arm-none-eabi/10.2.1/../../../../arm-none-eabi/lib/thumb/v7e-m+fp/hard/libc_nano.a(lib_a-memcpy-stub.o)
 .data          0x00000000200001a0        0x0 /opt/gcc-arm-none-eabi-10-2020-q4-major/bin/../lib/gcc/arm-none-eabi/10.2.1/../../../../arm-none-eabi/lib/thumb/v7e-m+fp/hard/libc_nano.a(lib_a-memset.o)
 .data          0x00000000200001a0        0x0 /opt/gcc-arm-none-eabi-10-2020-q4-major/bin/../lib/gcc/arm-none-eabi/10.2.1/../../../../arm-none-eabi/lib/thumb/v7e-m+fp/hard/libc_nano.a(lib_a-nano-freer.o)
 .data          0x00000000200001a0        0x0 /opt/gcc-arm-none-eabi-10-2020-q4-major/bin/../lib/gcc/arm-none-eabi/10.2.1/../../../../arm-none-eabi/lib/thumb/v7e-m+fp/hard/libc_nano.a(lib_a-nano-mallocr.o)
 .data          0x00000000200001a0        0x0 /opt/gcc-arm-none-eabi-10-2020-q4-major/bin/../lib/gcc/arm-none-eabi/10.2.1/../../../../arm-none-eabi/lib/thumb/v7e-m+fp/hard/libc_nano.a(lib_a-puts.o)
 .data          0x00000000200001a0        0x0 /opt/gcc-arm-none-eabi-10-2020-q4-major/bin/../lib/gcc/arm-none-eabi/10.2.1/../../../../arm-none-eabi/lib/thumb/v7e-m+fp/hard/libc_nano.a(lib_a-sbrkr.o)
 .data          0x00000000200001a0        0x0 /opt/gcc-arm-none-eabi-10-2020-q4-major/bin/../lib/gcc/arm-none-eabi/10.2.1/../../../../arm-none-eabi/lib/thumb/v7e-m+fp/hard/libc_nano.a(lib_a-wbuf.o)
 .data          0x00000000200001a0        0x0 /opt/gcc-arm-none-eabi-10-2020-q4-major/bin/../lib/gcc/arm-none-eabi/10.2.1/../../../../arm-none-eabi/lib/thumb/v7e-m+fp/hard/libc_nano.a(lib_a-wsetup.o)
 .data          0x00000000200001a0        0x0 /opt/gcc-arm-none-eabi-10-2020-q4-major/bin/../lib/gcc/arm-none-eabi/10.2.1/../../../../arm-none-eabi/lib/thumb/v7e-m+fp/hard/libc_nano.a(lib_a-fflush.o)
 .data          0x00000000200001a0        0x0 /opt/gcc-arm-none-eabi-10-2020-q4-major/bin/../lib/gcc/arm-none-eabi/10.2.1/../../../../arm-none-eabi/lib/thumb/v7e-m+fp/hard/libc_nano.a(lib_a-findfp.o)
 .data          0x00000000200001a0        0x0 /opt/gcc-arm-none-eabi-10-2020-q4-major/bin/../lib/gcc/arm-none-eabi/10.2.1/../../../../arm-none-eabi/lib/thumb/v7e-m+fp/hard/libc_nano.a(lib_a-fwalk.o)
 .data          0x00000000200001a0        0x0 /opt/gcc-arm-none-eabi-10-2020-q4-major/bin/../lib/gcc/arm-none-eabi/10.2.1/../../../../arm-none-eabi/lib/thumb/v7e-m+fp/hard/libc_nano.a(lib_a-lock.o)
 .data          0x00000000200001a0        0x0 /opt/gcc-arm-none-eabi-10-2020-q4-major/bin/../lib/gcc/arm-none-eabi/10.2.1/../../../../arm-none-eabi/lib/thumb/v7e-m+fp/hard/libc_nano.a(lib_a-makebuf.o)
 .data          0x00000000200001a0        0x0 /opt/gcc-arm-none-eabi-10-2020-q4-major/bin/../lib/gcc/arm-none-eabi/10.2.1/../../../../arm-none-eabi/lib/thumb/v7e-m+fp/hard/libc_nano.a(lib_a-mlock.o)
 .data          0x00000000200001a0        0x0 /opt/gcc-arm-none-eabi-10-2020-q4-major/bin/../lib/gcc/arm-none-eabi/10.2.1/../../../../arm-none-eabi/lib/thumb/v7e-m+fp/hard/libc_nano.a(lib_a-reent.o)
 .data          0x00000000200001a0        0x0 /opt/gcc-arm-none-eabi-10-2020-q4-major/bin/../lib/gcc/arm-none-eabi/10.2.1/../../../../arm-none-eabi/lib/thumb/v7e-m+fp/hard/libc_nano.a(lib_a-stdio.o)
 .data          0x00000000200001a0        0x0 /opt/gcc-arm-none-eabi-10-2020-q4-major/bin/../lib/gcc/arm-none-eabi/10.2.1/../../../../arm-none-eabi/lib/thumb/v7e-m+fp/hard/libc_nano.a(lib_a-writer.o)
 .data          0x00000000200001a0        0x0 /opt/gcc-arm-none-eabi-10-2020-q4-major/bin/../lib/gcc/arm-none-eabi/10.2.1/../../../../arm-none-eabi/lib/thumb/v7e-m+fp/hard/libc_nano.a(lib_a-closer.o)
 .data          0x00000000200001a0        0x0 /opt/gcc-arm-none-eabi-10-2020-q4-major/bin/../lib/gcc/arm-none-eabi/10.2.1/../../../../arm-none-eabi/lib/thumb/v7e-m+fp/hard/libc_nano.a(lib_a-fstatr.o)
 .data          0x00000000200001a0        0x0 /opt/gcc-arm-none-eabi-10-2020-q4-major/bin/../lib/gcc/arm-none-eabi/10.2.1/../../../../arm-none-eabi/lib/thumb/v7e-m+fp/hard/libc_nano.a(lib_a-isattyr.o)
 .data          0x00000000200001a0        0x0 /opt/gcc-arm-none-eabi-10-2020-q4-major/bin/../lib/gcc/arm-none-eabi/10.2.1/../../../../arm-none-eabi/lib/thumb/v7e-m+fp/hard/libc_nano.a(lib_a-lseekr.o)
 .data          0x00000000200001a0        0x0 /opt/gcc-arm-none-eabi-10-2020-q4-major/bin/../lib/gcc/arm-none-eabi/10.2.1/../../../../arm-none-eabi/lib/thumb/v7e-m+fp/hard/libc_nano.a(lib_a-readr.o)
 .data          0x00000000200001a0        0x0 /opt/gcc-arm-none-eabi-10-2020-q4-major/bin/../lib/gcc/arm-none-eabi/10.2.1/thumb/v7e-m+fp/hard/crtend.o
 .data          0x00000000200001a0        0x0 /opt/gcc-arm-none-eabi-10-2020-q4-major/bin/../lib/gcc/arm-none-eabi/10.2.1/thumb/v7e-m+fp/hard/crtn.o
 *(.data.*)
 .data._impure_ptr
                0x00000000200001a0        0x4 /opt/gcc-arm-none-eabi-10-2020-q4-major/bin/../lib/gcc/arm-none-eabi/10.2.1/../../../../arm-none-eabi/lib/thumb/v7e-m+fp/hard/libc_nano.a(lib_a-impure.o)
                0x00000000200001a0                _impure_ptr
 .data.impure_data
                0x00000000200001a4       0x60 /opt/gcc-arm-none-eabi-10-2020-q4-major/bin/../lib/gcc/arm-none-eabi/10.2.1/../../../../arm-none-eabi/lib/thumb/v7e-m+fp/hard/libc_nano.a(lib_a-impure.o)
                0x0000000020000204                . = ALIGN (0x4)
                0x0000000020000204                _edata = .

.init_array     0x0000000020000204        0x4 load address 0x000000000800a2b8
 .init_array    0x0000000020000204        0x4 /opt/gcc-arm-none-eabi-10-2020-q4-major/bin/../lib/gcc/arm-none-eabi/10.2.1/thumb/v7e-m+fp/hard/crtbegin.o

.fini_array     0x0000000020000208        0x4 load address 0x000000000800a2bc
 .fini_array    0x0000000020000208        0x4 /opt/gcc-arm-none-eabi-10-2020-q4-major/bin/../lib/gcc/arm-none-eabi/10.2.1/thumb/v7e-m+fp/hard/crtbegin.o

.igot.plt       0x000000002000020c        0x0 load address 0x000000000800a2c0
 .igot.plt      0x000000002000020c        0x0 /opt/gcc-arm-none-eabi-10-2020-q4-major/bin/../lib/gcc/arm-none-eabi/10.2.1/thumb/v7e-m+fp/hard/crtbegin.o

.bss            0x000000002000020c     0x2d9c load address 0x000000000800a2c0
                0x000000002000020c                _sbss = .
                0x000000002000020c                __bss_start__ = _sbss
 *(.bss)
 .bss           0x000000002000020c        0x0 /opt/gcc-arm-none-eabi-10-2020-q4-major/bin/../lib/gcc/arm-none-eabi/10.2.1/thumb/v7e-m+fp/hard/crti.o
 .bss           0x000000002000020c       0x1c /opt/gcc-arm-none-eabi-10-2020-q4-major/bin/../lib/gcc/arm-none-eabi/10.2.1/thumb/v7e-m+fp/hard/crtbegin.o
 .bss           0x0000000020000228        0x0 /opt/gcc-arm-none-eabi-10-2020-q4-major/bin/../lib/gcc/arm-none-eabi/10.2.1/../../../../arm-none-eabi/lib/thumb/v7e-m+fp/hard/crt0.o
 .bss           0x0000000020000228      0x13c FreeRTOS-Kernel/tasks.o
                0x0000000020000228                pxCurrentTCB
 .bss           0x0000000020000364        0x0 FreeRTOS-Kernel/queue.o
 .bss           0x0000000020000364        0x0 FreeRTOS-Kernel/list.o
 .bss           0x0000000020000364        0x0 FreeRTOS-Kernel/timers.o
 .bss           0x0000000020000364        0x0 FreeRTOS-Kernel/event_groups.o
 .bss           0x0000000020000364        0x0 FreeRTOS-Kernel/stream_buffer.o
 .bss           0x0000000020000364        0x0 FreeRTOS-Kernel/croutine.o
 .bss           0x0000000020000364     0x281c FreeRTOS-Kernel/portable/MemMang/heap_4.o
 .bss           0x0000000020002b80        0x0 FreeRTOS-Kernel/portable/GCC/ARM_CM4F/port.o
 .bss           0x0000000020002b80        0x0 main.o
 .bss           0x0000000020002b80      0x40c tasks.o
                0x0000000020002b80                adc_read_handle
                0x0000000020002b84                adc_off_handle
                0x0000000020002b88                can_transmit_handle
                0x0000000020002b8c                conversion_data
 .bss           0x0000000020002f8c        0x4 ../../446-Comp-Files/syscalls.o
 .bss           0x0000000020002f90        0x0 ../../446-Comp-Files/startup.o
 .bss           0x0000000020002f90        0x0 ../../Drivers/ADC.o
 .bss           0x0000000020002f90        0x0 ../../Drivers/CAN.o
 .bss           0x0000000020002f90        0x0 ../../Drivers/GPIO.o
 .bss           0x0000000020002f90        0x0 ../../Drivers/ExternalInterrupt.o
 .bss           0x0000000020002f90        0x0 ../../Drivers/NVIC.o
 .bss           0x0000000020002f90        0x0 ../../Drivers/CPU.o
 .bss           0x0000000020002f90        0x0 ../../Drivers/faults.o
 .bss           0x0000000020002f90        0x0 ../../Drivers/isr_handlers.o
 .bss           0x0000000020002f90        0x0 ../../Drivers/DMA.o
 .bss           0x0000000020002f90        0x0 /opt/gcc-arm-none-eabi-10-2020-q4-major/bin/../lib/gcc/arm-none-eabi/10.2.1/../../../../arm-none-eabi/lib/thumb/v7e-m+fp/hard/libc_nano.a(lib_a-errno.o)
 .bss           0x0000000020002f90        0x0 /opt/gcc-arm-none-eabi-10-2020-q4-major/bin/../lib/gcc/arm-none-eabi/10.2.1/../../../../arm-none-eabi/lib/thumb/v7e-m+fp/hard/libc_nano.a(lib_a-exit.o)
 .bss           0x0000000020002f90        0x0 /opt/gcc-arm-none-eabi-10-2020-q4-major/bin/../lib/gcc/arm-none-eabi/10.2.1/../../../../arm-none-eabi/lib/thumb/v7e-m+fp/hard/libc_nano.a(lib_a-impure.o)
 .bss           0x0000000020002f90        0x0 /opt/gcc-arm-none-eabi-10-2020-q4-major/bin/../lib/gcc/arm-none-eabi/10.2.1/../../../../arm-none-eabi/lib/thumb/v7e-m+fp/hard/libc_nano.a(lib_a-init.o)
 .bss           0x0000000020002f90        0x0 /opt/gcc-arm-none-eabi-10-2020-q4-major/bin/../lib/gcc/arm-none-eabi/10.2.1/../../../../arm-none-eabi/lib/thumb/v7e-m+fp/hard/libc_nano.a(lib_a-malloc.o)
 .bss           0x0000000020002f90        0x0 /opt/gcc-arm-none-eabi-10-2020-q4-major/bin/../lib/gcc/arm-none-eabi/10.2.1/../../../../arm-none-eabi/lib/thumb/v7e-m+fp/hard/libc_nano.a(lib_a-memcpy-stub.o)
 .bss           0x0000000020002f90        0x0 /opt/gcc-arm-none-eabi-10-2020-q4-major/bin/../lib/gcc/arm-none-eabi/10.2.1/../../../../arm-none-eabi/lib/thumb/v7e-m+fp/hard/libc_nano.a(lib_a-memset.o)
 .bss           0x0000000020002f90        0x0 /opt/gcc-arm-none-eabi-10-2020-q4-major/bin/../lib/gcc/arm-none-eabi/10.2.1/../../../../arm-none-eabi/lib/thumb/v7e-m+fp/hard/libc_nano.a(lib_a-nano-freer.o)
 .bss           0x0000000020002f90        0x0 /opt/gcc-arm-none-eabi-10-2020-q4-major/bin/../lib/gcc/arm-none-eabi/10.2.1/../../../../arm-none-eabi/lib/thumb/v7e-m+fp/hard/libc_nano.a(lib_a-nano-mallocr.o)
 .bss           0x0000000020002f90        0x0 /opt/gcc-arm-none-eabi-10-2020-q4-major/bin/../lib/gcc/arm-none-eabi/10.2.1/../../../../arm-none-eabi/lib/thumb/v7e-m+fp/hard/libc_nano.a(lib_a-puts.o)
 .bss           0x0000000020002f90        0x0 /opt/gcc-arm-none-eabi-10-2020-q4-major/bin/../lib/gcc/arm-none-eabi/10.2.1/../../../../arm-none-eabi/lib/thumb/v7e-m+fp/hard/libc_nano.a(lib_a-sbrkr.o)
 .bss           0x0000000020002f90        0x0 /opt/gcc-arm-none-eabi-10-2020-q4-major/bin/../lib/gcc/arm-none-eabi/10.2.1/../../../../arm-none-eabi/lib/thumb/v7e-m+fp/hard/libc_nano.a(lib_a-wbuf.o)
 .bss           0x0000000020002f90        0x0 /opt/gcc-arm-none-eabi-10-2020-q4-major/bin/../lib/gcc/arm-none-eabi/10.2.1/../../../../arm-none-eabi/lib/thumb/v7e-m+fp/hard/libc_nano.a(lib_a-wsetup.o)
 .bss           0x0000000020002f90        0x0 /opt/gcc-arm-none-eabi-10-2020-q4-major/bin/../lib/gcc/arm-none-eabi/10.2.1/../../../../arm-none-eabi/lib/thumb/v7e-m+fp/hard/libc_nano.a(lib_a-fflush.o)
 .bss           0x0000000020002f90        0x0 /opt/gcc-arm-none-eabi-10-2020-q4-major/bin/../lib/gcc/arm-none-eabi/10.2.1/../../../../arm-none-eabi/lib/thumb/v7e-m+fp/hard/libc_nano.a(lib_a-findfp.o)
 .bss           0x0000000020002f90        0x0 /opt/gcc-arm-none-eabi-10-2020-q4-major/bin/../lib/gcc/arm-none-eabi/10.2.1/../../../../arm-none-eabi/lib/thumb/v7e-m+fp/hard/libc_nano.a(lib_a-fwalk.o)
 .bss           0x0000000020002f90        0x0 /opt/gcc-arm-none-eabi-10-2020-q4-major/bin/../lib/gcc/arm-none-eabi/10.2.1/../../../../arm-none-eabi/lib/thumb/v7e-m+fp/hard/libc_nano.a(lib_a-lock.o)
 .bss           0x0000000020002f90        0x0 /opt/gcc-arm-none-eabi-10-2020-q4-major/bin/../lib/gcc/arm-none-eabi/10.2.1/../../../../arm-none-eabi/lib/thumb/v7e-m+fp/hard/libc_nano.a(lib_a-makebuf.o)
 .bss           0x0000000020002f90        0x0 /opt/gcc-arm-none-eabi-10-2020-q4-major/bin/../lib/gcc/arm-none-eabi/10.2.1/../../../../arm-none-eabi/lib/thumb/v7e-m+fp/hard/libc_nano.a(lib_a-mlock.o)
 .bss           0x0000000020002f90        0x0 /opt/gcc-arm-none-eabi-10-2020-q4-major/bin/../lib/gcc/arm-none-eabi/10.2.1/../../../../arm-none-eabi/lib/thumb/v7e-m+fp/hard/libc_nano.a(lib_a-reent.o)
 .bss           0x0000000020002f90        0x0 /opt/gcc-arm-none-eabi-10-2020-q4-major/bin/../lib/gcc/arm-none-eabi/10.2.1/../../../../arm-none-eabi/lib/thumb/v7e-m+fp/hard/libc_nano.a(lib_a-stdio.o)
 .bss           0x0000000020002f90        0x0 /opt/gcc-arm-none-eabi-10-2020-q4-major/bin/../lib/gcc/arm-none-eabi/10.2.1/../../../../arm-none-eabi/lib/thumb/v7e-m+fp/hard/libc_nano.a(lib_a-writer.o)
 .bss           0x0000000020002f90        0x0 /opt/gcc-arm-none-eabi-10-2020-q4-major/bin/../lib/gcc/arm-none-eabi/10.2.1/../../../../arm-none-eabi/lib/thumb/v7e-m+fp/hard/libc_nano.a(lib_a-closer.o)
 .bss           0x0000000020002f90        0x0 /opt/gcc-arm-none-eabi-10-2020-q4-major/bin/../lib/gcc/arm-none-eabi/10.2.1/../../../../arm-none-eabi/lib/thumb/v7e-m+fp/hard/libc_nano.a(lib_a-fstatr.o)
 .bss           0x0000000020002f90        0x0 /opt/gcc-arm-none-eabi-10-2020-q4-major/bin/../lib/gcc/arm-none-eabi/10.2.1/../../../../arm-none-eabi/lib/thumb/v7e-m+fp/hard/libc_nano.a(lib_a-isattyr.o)
 .bss           0x0000000020002f90        0x0 /opt/gcc-arm-none-eabi-10-2020-q4-major/bin/../lib/gcc/arm-none-eabi/10.2.1/../../../../arm-none-eabi/lib/thumb/v7e-m+fp/hard/libc_nano.a(lib_a-lseekr.o)
 .bss           0x0000000020002f90        0x0 /opt/gcc-arm-none-eabi-10-2020-q4-major/bin/../lib/gcc/arm-none-eabi/10.2.1/../../../../arm-none-eabi/lib/thumb/v7e-m+fp/hard/libc_nano.a(lib_a-readr.o)
 .bss           0x0000000020002f90        0x0 /opt/gcc-arm-none-eabi-10-2020-q4-major/bin/../lib/gcc/arm-none-eabi/10.2.1/thumb/v7e-m+fp/hard/crtend.o
 .bss           0x0000000020002f90        0x0 /opt/gcc-arm-none-eabi-10-2020-q4-major/bin/../lib/gcc/arm-none-eabi/10.2.1/thumb/v7e-m+fp/hard/crtn.o
 *(.bss.*)
 .bss.__malloc_free_list
                0x0000000020002f90        0x4 /opt/gcc-arm-none-eabi-10-2020-q4-major/bin/../lib/gcc/arm-none-eabi/10.2.1/../../../../arm-none-eabi/lib/thumb/v7e-m+fp/hard/libc_nano.a(lib_a-nano-mallocr.o)
                0x0000000020002f90                __malloc_free_list
 .bss.__malloc_sbrk_start
                0x0000000020002f94        0x4 /opt/gcc-arm-none-eabi-10-2020-q4-major/bin/../lib/gcc/arm-none-eabi/10.2.1/../../../../arm-none-eabi/lib/thumb/v7e-m+fp/hard/libc_nano.a(lib_a-nano-mallocr.o)
                0x0000000020002f94                __malloc_sbrk_start
 .bss.__lock___arc4random_mutex
                0x0000000020002f98        0x1 /opt/gcc-arm-none-eabi-10-2020-q4-major/bin/../lib/gcc/arm-none-eabi/10.2.1/../../../../arm-none-eabi/lib/thumb/v7e-m+fp/hard/libc_nano.a(lib_a-lock.o)
                0x0000000020002f98                __lock___arc4random_mutex
 .bss.__lock___at_quick_exit_mutex
                0x0000000020002f99        0x1 /opt/gcc-arm-none-eabi-10-2020-q4-major/bin/../lib/gcc/arm-none-eabi/10.2.1/../../../../arm-none-eabi/lib/thumb/v7e-m+fp/hard/libc_nano.a(lib_a-lock.o)
                0x0000000020002f99                __lock___at_quick_exit_mutex
 .bss.__lock___atexit_recursive_mutex
                0x0000000020002f9a        0x1 /opt/gcc-arm-none-eabi-10-2020-q4-major/bin/../lib/gcc/arm-none-eabi/10.2.1/../../../../arm-none-eabi/lib/thumb/v7e-m+fp/hard/libc_nano.a(lib_a-lock.o)
                0x0000000020002f9a                __lock___atexit_recursive_mutex
 .bss.__lock___dd_hash_mutex
                0x0000000020002f9b        0x1 /opt/gcc-arm-none-eabi-10-2020-q4-major/bin/../lib/gcc/arm-none-eabi/10.2.1/../../../../arm-none-eabi/lib/thumb/v7e-m+fp/hard/libc_nano.a(lib_a-lock.o)
                0x0000000020002f9b                __lock___dd_hash_mutex
 .bss.__lock___env_recursive_mutex
                0x0000000020002f9c        0x1 /opt/gcc-arm-none-eabi-10-2020-q4-major/bin/../lib/gcc/arm-none-eabi/10.2.1/../../../../arm-none-eabi/lib/thumb/v7e-m+fp/hard/libc_nano.a(lib_a-lock.o)
                0x0000000020002f9c                __lock___env_recursive_mutex
 .bss.__lock___malloc_recursive_mutex
                0x0000000020002f9d        0x1 /opt/gcc-arm-none-eabi-10-2020-q4-major/bin/../lib/gcc/arm-none-eabi/10.2.1/../../../../arm-none-eabi/lib/thumb/v7e-m+fp/hard/libc_nano.a(lib_a-lock.o)
                0x0000000020002f9d                __lock___malloc_recursive_mutex
 .bss.__lock___sfp_recursive_mutex
                0x0000000020002f9e        0x1 /opt/gcc-arm-none-eabi-10-2020-q4-major/bin/../lib/gcc/arm-none-eabi/10.2.1/../../../../arm-none-eabi/lib/thumb/v7e-m+fp/hard/libc_nano.a(lib_a-lock.o)
                0x0000000020002f9e                __lock___sfp_recursive_mutex
 .bss.__lock___sinit_recursive_mutex
                0x0000000020002f9f        0x1 /opt/gcc-arm-none-eabi-10-2020-q4-major/bin/../lib/gcc/arm-none-eabi/10.2.1/../../../../arm-none-eabi/lib/thumb/v7e-m+fp/hard/libc_nano.a(lib_a-lock.o)
                0x0000000020002f9f                __lock___sinit_recursive_mutex
 .bss.__lock___tz_mutex
                0x0000000020002fa0        0x1 /opt/gcc-arm-none-eabi-10-2020-q4-major/bin/../lib/gcc/arm-none-eabi/10.2.1/../../../../arm-none-eabi/lib/thumb/v7e-m+fp/hard/libc_nano.a(lib_a-lock.o)
                0x0000000020002fa0                __lock___tz_mutex
 *fill*         0x0000000020002fa1        0x3 
 .bss.errno     0x0000000020002fa4        0x4 /opt/gcc-arm-none-eabi-10-2020-q4-major/bin/../lib/gcc/arm-none-eabi/10.2.1/../../../../arm-none-eabi/lib/thumb/v7e-m+fp/hard/libc_nano.a(lib_a-reent.o)
                0x0000000020002fa4                errno
                0x0000000020002fa8                . = ALIGN (0x4)
                0x0000000020002fa8                _ebss = .
                0x0000000020002fa8                __bss_end__ = _ebss
                0x0000000020002fa8                . = ALIGN (0x4)
                0x0000000020002fa8                end = .
OUTPUT(audio-listener.elf elf32-littlearm)
LOAD linker stubs

.ARM.attributes
                0x0000000000000000       0x30
 .ARM.attributes
                0x0000000000000000       0x1e /opt/gcc-arm-none-eabi-10-2020-q4-major/bin/../lib/gcc/arm-none-eabi/10.2.1/thumb/v7e-m+fp/hard/crti.o
 .ARM.attributes
                0x000000000000001e       0x34 /opt/gcc-arm-none-eabi-10-2020-q4-major/bin/../lib/gcc/arm-none-eabi/10.2.1/thumb/v7e-m+fp/hard/crtbegin.o
 .ARM.attributes
                0x0000000000000052       0x1c /opt/gcc-arm-none-eabi-10-2020-q4-major/bin/../lib/gcc/arm-none-eabi/10.2.1/../../../../arm-none-eabi/lib/thumb/v7e-m+fp/hard/crt0.o
 .ARM.attributes
                0x000000000000006e       0x34 FreeRTOS-Kernel/tasks.o
 .ARM.attributes
                0x00000000000000a2       0x34 FreeRTOS-Kernel/queue.o
 .ARM.attributes
                0x00000000000000d6       0x34 FreeRTOS-Kernel/list.o
 .ARM.attributes
                0x000000000000010a       0x39 FreeRTOS-Kernel/timers.o
 .ARM.attributes
                0x0000000000000143       0x34 FreeRTOS-Kernel/event_groups.o
 .ARM.attributes
                0x0000000000000177       0x34 FreeRTOS-Kernel/stream_buffer.o
 .ARM.attributes
                0x00000000000001ab       0x39 FreeRTOS-Kernel/croutine.o
 .ARM.attributes
                0x00000000000001e4       0x34 FreeRTOS-Kernel/portable/MemMang/heap_4.o
 .ARM.attributes
                0x0000000000000218       0x34 FreeRTOS-Kernel/portable/GCC/ARM_CM4F/port.o
 .ARM.attributes
                0x000000000000024c       0x34 main.o
 .ARM.attributes
                0x0000000000000280       0x34 tasks.o
 .ARM.attributes
                0x00000000000002b4       0x34 ../../446-Comp-Files/syscalls.o
 .ARM.attributes
                0x00000000000002e8       0x34 ../../446-Comp-Files/startup.o
 .ARM.attributes
                0x000000000000031c       0x34 ../../Drivers/ADC.o
 .ARM.attributes
                0x0000000000000350       0x34 ../../Drivers/CAN.o
 .ARM.attributes
                0x0000000000000384       0x34 ../../Drivers/GPIO.o
 .ARM.attributes
                0x00000000000003b8       0x34 ../../Drivers/ExternalInterrupt.o
 .ARM.attributes
                0x00000000000003ec       0x34 ../../Drivers/NVIC.o
 .ARM.attributes
                0x0000000000000420       0x34 ../../Drivers/CPU.o
 .ARM.attributes
                0x0000000000000454       0x34 ../../Drivers/faults.o
 .ARM.attributes
                0x0000000000000488       0x34 ../../Drivers/isr_handlers.o
 .ARM.attributes
                0x00000000000004bc       0x34 ../../Drivers/DMA.o
 .ARM.attributes
                0x00000000000004f0       0x34 /opt/gcc-arm-none-eabi-10-2020-q4-major/bin/../lib/gcc/arm-none-eabi/10.2.1/../../../../arm-none-eabi/lib/thumb/v7e-m+fp/hard/libc_nano.a(lib_a-errno.o)
 .ARM.attributes
                0x0000000000000524       0x34 /opt/gcc-arm-none-eabi-10-2020-q4-major/bin/../lib/gcc/arm-none-eabi/10.2.1/../../../../arm-none-eabi/lib/thumb/v7e-m+fp/hard/libc_nano.a(lib_a-exit.o)
 .ARM.attributes
                0x0000000000000558       0x32 /opt/gcc-arm-none-eabi-10-2020-q4-major/bin/../lib/gcc/arm-none-eabi/10.2.1/../../../../arm-none-eabi/lib/thumb/v7e-m+fp/hard/libc_nano.a(lib_a-impure.o)
 .ARM.attributes
                0x000000000000058a       0x34 /opt/gcc-arm-none-eabi-10-2020-q4-major/bin/../lib/gcc/arm-none-eabi/10.2.1/../../../../arm-none-eabi/lib/thumb/v7e-m+fp/hard/libc_nano.a(lib_a-init.o)
 .ARM.attributes
                0x00000000000005be       0x34 /opt/gcc-arm-none-eabi-10-2020-q4-major/bin/../lib/gcc/arm-none-eabi/10.2.1/../../../../arm-none-eabi/lib/thumb/v7e-m+fp/hard/libc_nano.a(lib_a-malloc.o)
 .ARM.attributes
                0x00000000000005f2       0x34 /opt/gcc-arm-none-eabi-10-2020-q4-major/bin/../lib/gcc/arm-none-eabi/10.2.1/../../../../arm-none-eabi/lib/thumb/v7e-m+fp/hard/libc_nano.a(lib_a-memcpy-stub.o)
 .ARM.attributes
                0x0000000000000626       0x34 /opt/gcc-arm-none-eabi-10-2020-q4-major/bin/../lib/gcc/arm-none-eabi/10.2.1/../../../../arm-none-eabi/lib/thumb/v7e-m+fp/hard/libc_nano.a(lib_a-memset.o)
 .ARM.attributes
                0x000000000000065a       0x34 /opt/gcc-arm-none-eabi-10-2020-q4-major/bin/../lib/gcc/arm-none-eabi/10.2.1/../../../../arm-none-eabi/lib/thumb/v7e-m+fp/hard/libc_nano.a(lib_a-nano-freer.o)
 .ARM.attributes
                0x000000000000068e       0x34 /opt/gcc-arm-none-eabi-10-2020-q4-major/bin/../lib/gcc/arm-none-eabi/10.2.1/../../../../arm-none-eabi/lib/thumb/v7e-m+fp/hard/libc_nano.a(lib_a-nano-mallocr.o)
 .ARM.attributes
                0x00000000000006c2       0x34 /opt/gcc-arm-none-eabi-10-2020-q4-major/bin/../lib/gcc/arm-none-eabi/10.2.1/../../../../arm-none-eabi/lib/thumb/v7e-m+fp/hard/libc_nano.a(lib_a-puts.o)
 .ARM.attributes
                0x00000000000006f6       0x34 /opt/gcc-arm-none-eabi-10-2020-q4-major/bin/../lib/gcc/arm-none-eabi/10.2.1/../../../../arm-none-eabi/lib/thumb/v7e-m+fp/hard/libc_nano.a(lib_a-sbrkr.o)
 .ARM.attributes
                0x000000000000072a       0x34 /opt/gcc-arm-none-eabi-10-2020-q4-major/bin/../lib/gcc/arm-none-eabi/10.2.1/../../../../arm-none-eabi/lib/thumb/v7e-m+fp/hard/libc_nano.a(lib_a-wbuf.o)
 .ARM.attributes
                0x000000000000075e       0x34 /opt/gcc-arm-none-eabi-10-2020-q4-major/bin/../lib/gcc/arm-none-eabi/10.2.1/../../../../arm-none-eabi/lib/thumb/v7e-m+fp/hard/libc_nano.a(lib_a-wsetup.o)
 .ARM.attributes
                0x0000000000000792       0x34 /opt/gcc-arm-none-eabi-10-2020-q4-major/bin/../lib/gcc/arm-none-eabi/10.2.1/../../../../arm-none-eabi/lib/thumb/v7e-m+fp/hard/libc_nano.a(lib_a-fflush.o)
 .ARM.attributes
                0x00000000000007c6       0x34 /opt/gcc-arm-none-eabi-10-2020-q4-major/bin/../lib/gcc/arm-none-eabi/10.2.1/../../../../arm-none-eabi/lib/thumb/v7e-m+fp/hard/libc_nano.a(lib_a-findfp.o)
 .ARM.attributes
                0x00000000000007fa       0x34 /opt/gcc-arm-none-eabi-10-2020-q4-major/bin/../lib/gcc/arm-none-eabi/10.2.1/../../../../arm-none-eabi/lib/thumb/v7e-m+fp/hard/libc_nano.a(lib_a-fwalk.o)
 .ARM.attributes
                0x000000000000082e       0x34 /opt/gcc-arm-none-eabi-10-2020-q4-major/bin/../lib/gcc/arm-none-eabi/10.2.1/../../../../arm-none-eabi/lib/thumb/v7e-m+fp/hard/libc_nano.a(lib_a-lock.o)
 .ARM.attributes
                0x0000000000000862       0x34 /opt/gcc-arm-none-eabi-10-2020-q4-major/bin/../lib/gcc/arm-none-eabi/10.2.1/../../../../arm-none-eabi/lib/thumb/v7e-m+fp/hard/libc_nano.a(lib_a-makebuf.o)
 .ARM.attributes
                0x0000000000000896       0x34 /opt/gcc-arm-none-eabi-10-2020-q4-major/bin/../lib/gcc/arm-none-eabi/10.2.1/../../../../arm-none-eabi/lib/thumb/v7e-m+fp/hard/libc_nano.a(lib_a-mlock.o)
 .ARM.attributes
                0x00000000000008ca       0x34 /opt/gcc-arm-none-eabi-10-2020-q4-major/bin/../lib/gcc/arm-none-eabi/10.2.1/../../../../arm-none-eabi/lib/thumb/v7e-m+fp/hard/libc_nano.a(lib_a-reent.o)
 .ARM.attributes
                0x00000000000008fe       0x34 /opt/gcc-arm-none-eabi-10-2020-q4-major/bin/../lib/gcc/arm-none-eabi/10.2.1/../../../../arm-none-eabi/lib/thumb/v7e-m+fp/hard/libc_nano.a(lib_a-stdio.o)
 .ARM.attributes
                0x0000000000000932       0x34 /opt/gcc-arm-none-eabi-10-2020-q4-major/bin/../lib/gcc/arm-none-eabi/10.2.1/../../../../arm-none-eabi/lib/thumb/v7e-m+fp/hard/libc_nano.a(lib_a-writer.o)
 .ARM.attributes
                0x0000000000000966       0x34 /opt/gcc-arm-none-eabi-10-2020-q4-major/bin/../lib/gcc/arm-none-eabi/10.2.1/../../../../arm-none-eabi/lib/thumb/v7e-m+fp/hard/libc_nano.a(lib_a-closer.o)
 .ARM.attributes
                0x000000000000099a       0x34 /opt/gcc-arm-none-eabi-10-2020-q4-major/bin/../lib/gcc/arm-none-eabi/10.2.1/../../../../arm-none-eabi/lib/thumb/v7e-m+fp/hard/libc_nano.a(lib_a-fstatr.o)
 .ARM.attributes
                0x00000000000009ce       0x34 /opt/gcc-arm-none-eabi-10-2020-q4-major/bin/../lib/gcc/arm-none-eabi/10.2.1/../../../../arm-none-eabi/lib/thumb/v7e-m+fp/hard/libc_nano.a(lib_a-isattyr.o)
 .ARM.attributes
                0x0000000000000a02       0x34 /opt/gcc-arm-none-eabi-10-2020-q4-major/bin/../lib/gcc/arm-none-eabi/10.2.1/../../../../arm-none-eabi/lib/thumb/v7e-m+fp/hard/libc_nano.a(lib_a-lseekr.o)
 .ARM.attributes
                0x0000000000000a36       0x34 /opt/gcc-arm-none-eabi-10-2020-q4-major/bin/../lib/gcc/arm-none-eabi/10.2.1/../../../../arm-none-eabi/lib/thumb/v7e-m+fp/hard/libc_nano.a(lib_a-readr.o)
 .ARM.attributes
                0x0000000000000a6a       0x32 /opt/gcc-arm-none-eabi-10-2020-q4-major/bin/../lib/gcc/arm-none-eabi/10.2.1/thumb/v7e-m+fp/hard/crtend.o
 .ARM.attributes
                0x0000000000000a9c       0x1e /opt/gcc-arm-none-eabi-10-2020-q4-major/bin/../lib/gcc/arm-none-eabi/10.2.1/thumb/v7e-m+fp/hard/crtn.o

.comment        0x0000000000000000       0x4d
 .comment       0x0000000000000000       0x4d FreeRTOS-Kernel/tasks.o
                                         0x4e (size before relaxing)
 .comment       0x000000000000004d       0x4e FreeRTOS-Kernel/queue.o
 .comment       0x000000000000004d       0x4e FreeRTOS-Kernel/list.o
 .comment       0x000000000000004d       0x4e FreeRTOS-Kernel/timers.o
 .comment       0x000000000000004d       0x4e FreeRTOS-Kernel/event_groups.o
 .comment       0x000000000000004d       0x4e FreeRTOS-Kernel/stream_buffer.o
 .comment       0x000000000000004d       0x4e FreeRTOS-Kernel/croutine.o
 .comment       0x000000000000004d       0x4e FreeRTOS-Kernel/portable/MemMang/heap_4.o
 .comment       0x000000000000004d       0x4e FreeRTOS-Kernel/portable/GCC/ARM_CM4F/port.o
 .comment       0x000000000000004d       0x4e main.o
 .comment       0x000000000000004d       0x4e tasks.o
 .comment       0x000000000000004d       0x4e ../../446-Comp-Files/syscalls.o
 .comment       0x000000000000004d       0x4e ../../446-Comp-Files/startup.o
 .comment       0x000000000000004d       0x4e ../../Drivers/ADC.o
 .comment       0x000000000000004d       0x4e ../../Drivers/CAN.o
 .comment       0x000000000000004d       0x4e ../../Drivers/GPIO.o
 .comment       0x000000000000004d       0x4e ../../Drivers/ExternalInterrupt.o
 .comment       0x000000000000004d       0x4e ../../Drivers/NVIC.o
 .comment       0x000000000000004d       0x4e ../../Drivers/CPU.o
 .comment       0x000000000000004d       0x4e ../../Drivers/faults.o
 .comment       0x000000000000004d       0x4e ../../Drivers/isr_handlers.o
 .comment       0x000000000000004d       0x4e ../../Drivers/DMA.o

.debug_info     0x0000000000000000     0xc636
 .debug_info    0x0000000000000000     0x16a8 FreeRTOS-Kernel/tasks.o
 .debug_info    0x00000000000016a8      0xf03 FreeRTOS-Kernel/queue.o
 .debug_info    0x00000000000025ab      0x2c8 FreeRTOS-Kernel/list.o
 .debug_info    0x0000000000002873       0x72 FreeRTOS-Kernel/timers.o
 .debug_info    0x00000000000028e5      0x709 FreeRTOS-Kernel/event_groups.o
 .debug_info    0x0000000000002fee      0xea1 FreeRTOS-Kernel/stream_buffer.o
 .debug_info    0x0000000000003e8f       0x72 FreeRTOS-Kernel/croutine.o
 .debug_info    0x0000000000003f01      0x4ac FreeRTOS-Kernel/portable/MemMang/heap_4.o
 .debug_info    0x00000000000043ad      0x328 FreeRTOS-Kernel/portable/GCC/ARM_CM4F/port.o
 .debug_info    0x00000000000046d5       0x97 main.o
 .debug_info    0x000000000000476c      0x52d tasks.o
 .debug_info    0x0000000000004c99      0x6ed ../../446-Comp-Files/syscalls.o
 .debug_info    0x0000000000005386      0x189 ../../446-Comp-Files/startup.o
 .debug_info    0x000000000000550f     0x10fa ../../Drivers/ADC.o
 .debug_info    0x0000000000006609     0x24e6 ../../Drivers/CAN.o
 .debug_info    0x0000000000008aef     0x112a ../../Drivers/GPIO.o
 .debug_info    0x0000000000009c19      0xe46 ../../Drivers/ExternalInterrupt.o
 .debug_info    0x000000000000aa5f      0x94f ../../Drivers/NVIC.o
 .debug_info    0x000000000000b3ae       0x4a ../../Drivers/CPU.o
 .debug_info    0x000000000000b3f8      0x10e ../../Drivers/faults.o
 .debug_info    0x000000000000b506      0x1bb ../../Drivers/isr_handlers.o
 .debug_info    0x000000000000b6c1      0xf75 ../../Drivers/DMA.o

.debug_abbrev   0x0000000000000000     0x1f8a
 .debug_abbrev  0x0000000000000000      0x2c9 FreeRTOS-Kernel/tasks.o
 .debug_abbrev  0x00000000000002c9      0x1f4 FreeRTOS-Kernel/queue.o
 .debug_abbrev  0x00000000000004bd       0xe8 FreeRTOS-Kernel/list.o
 .debug_abbrev  0x00000000000005a5       0x26 FreeRTOS-Kernel/timers.o
 .debug_abbrev  0x00000000000005cb      0x1cb FreeRTOS-Kernel/event_groups.o
 .debug_abbrev  0x0000000000000796      0x21e FreeRTOS-Kernel/stream_buffer.o
 .debug_abbrev  0x00000000000009b4       0x26 FreeRTOS-Kernel/croutine.o
 .debug_abbrev  0x00000000000009da      0x190 FreeRTOS-Kernel/portable/MemMang/heap_4.o
 .debug_abbrev  0x0000000000000b6a      0x1f3 FreeRTOS-Kernel/portable/GCC/ARM_CM4F/port.o
 .debug_abbrev  0x0000000000000d5d       0x44 main.o
 .debug_abbrev  0x0000000000000da1      0x1a4 tasks.o
 .debug_abbrev  0x0000000000000f45      0x190 ../../446-Comp-Files/syscalls.o
 .debug_abbrev  0x00000000000010d5       0xf7 ../../446-Comp-Files/startup.o
 .debug_abbrev  0x00000000000011cc      0x1b8 ../../Drivers/ADC.o
 .debug_abbrev  0x0000000000001384      0x2ba ../../Drivers/CAN.o
 .debug_abbrev  0x000000000000163e      0x1e8 ../../Drivers/GPIO.o
 .debug_abbrev  0x0000000000001826      0x211 ../../Drivers/ExternalInterrupt.o
 .debug_abbrev  0x0000000000001a37      0x24e ../../Drivers/NVIC.o
 .debug_abbrev  0x0000000000001c85       0x2c ../../Drivers/CPU.o
 .debug_abbrev  0x0000000000001cb1       0x89 ../../Drivers/faults.o
 .debug_abbrev  0x0000000000001d3a       0x89 ../../Drivers/isr_handlers.o
 .debug_abbrev  0x0000000000001dc3      0x1c7 ../../Drivers/DMA.o

.debug_aranges  0x0000000000000000      0x2b0
 .debug_aranges
                0x0000000000000000       0x20 FreeRTOS-Kernel/tasks.o
 .debug_aranges
                0x0000000000000020       0x20 FreeRTOS-Kernel/queue.o
 .debug_aranges
                0x0000000000000040       0x20 FreeRTOS-Kernel/list.o
 .debug_aranges
                0x0000000000000060       0x18 FreeRTOS-Kernel/timers.o
 .debug_aranges
                0x0000000000000078       0x20 FreeRTOS-Kernel/event_groups.o
 .debug_aranges
                0x0000000000000098       0x20 FreeRTOS-Kernel/stream_buffer.o
 .debug_aranges
                0x00000000000000b8       0x18 FreeRTOS-Kernel/croutine.o
 .debug_aranges
                0x00000000000000d0       0x20 FreeRTOS-Kernel/portable/MemMang/heap_4.o
 .debug_aranges
                0x00000000000000f0       0x20 FreeRTOS-Kernel/portable/GCC/ARM_CM4F/port.o
 .debug_aranges
                0x0000000000000110       0x20 main.o
 .debug_aranges
                0x0000000000000130       0x20 tasks.o
 .debug_aranges
                0x0000000000000150       0x20 ../../446-Comp-Files/syscalls.o
 .debug_aranges
                0x0000000000000170       0x20 ../../446-Comp-Files/startup.o
 .debug_aranges
                0x0000000000000190       0x20 ../../Drivers/ADC.o
 .debug_aranges
                0x00000000000001b0       0x20 ../../Drivers/CAN.o
 .debug_aranges
                0x00000000000001d0       0x20 ../../Drivers/GPIO.o
 .debug_aranges
                0x00000000000001f0       0x20 ../../Drivers/ExternalInterrupt.o
 .debug_aranges
                0x0000000000000210       0x20 ../../Drivers/NVIC.o
 .debug_aranges
                0x0000000000000230       0x20 ../../Drivers/CPU.o
 .debug_aranges
                0x0000000000000250       0x20 ../../Drivers/faults.o
 .debug_aranges
                0x0000000000000270       0x20 ../../Drivers/isr_handlers.o
 .debug_aranges
                0x0000000000000290       0x20 ../../Drivers/DMA.o

.debug_line     0x0000000000000000     0x5098
 .debug_line    0x0000000000000000      0xb47 FreeRTOS-Kernel/tasks.o
 .debug_line    0x0000000000000b47      0x87c FreeRTOS-Kernel/queue.o
 .debug_line    0x00000000000013c3      0x21b FreeRTOS-Kernel/list.o
 .debug_line    0x00000000000015de       0x1d FreeRTOS-Kernel/timers.o
 .debug_line    0x00000000000015fb      0x39d FreeRTOS-Kernel/event_groups.o
 .debug_line    0x0000000000001998      0x6cd FreeRTOS-Kernel/stream_buffer.o
 .debug_line    0x0000000000002065       0x1d FreeRTOS-Kernel/croutine.o
 .debug_line    0x0000000000002082      0x444 FreeRTOS-Kernel/portable/MemMang/heap_4.o
 .debug_line    0x00000000000024c6      0x271 FreeRTOS-Kernel/portable/GCC/ARM_CM4F/port.o
 .debug_line    0x0000000000002737       0x41 main.o
 .debug_line    0x0000000000002778      0x28c tasks.o
 .debug_line    0x0000000000002a04      0x26e ../../446-Comp-Files/syscalls.o
 .debug_line    0x0000000000002c72      0x172 ../../446-Comp-Files/startup.o
 .debug_line    0x0000000000002de4      0x386 ../../Drivers/ADC.o
 .debug_line    0x000000000000316a      0x5ca ../../Drivers/CAN.o
 .debug_line    0x0000000000003734      0x5ab ../../Drivers/GPIO.o
 .debug_line    0x0000000000003cdf      0x7c8 ../../Drivers/ExternalInterrupt.o
 .debug_line    0x00000000000044a7      0x38b ../../Drivers/NVIC.o
 .debug_line    0x0000000000004832       0x52 ../../Drivers/CPU.o
 .debug_line    0x0000000000004884      0x11b ../../Drivers/faults.o
 .debug_line    0x000000000000499f      0x149 ../../Drivers/isr_handlers.o
 .debug_line    0x0000000000004ae8      0x5b0 ../../Drivers/DMA.o

.debug_str      0x0000000000000000     0x882e
 .debug_str     0x0000000000000000      0xc11 FreeRTOS-Kernel/tasks.o
                                        0xca5 (size before relaxing)
 .debug_str     0x0000000000000c11      0x406 FreeRTOS-Kernel/queue.o
                                        0x77d (size before relaxing)
 .debug_str     0x0000000000001017       0xa4 FreeRTOS-Kernel/list.o
                                        0x2e9 (size before relaxing)
 .debug_str     0x00000000000010bb       0x19 FreeRTOS-Kernel/timers.o
                                        0x198 (size before relaxing)
 .debug_str     0x00000000000010d4      0x261 FreeRTOS-Kernel/event_groups.o
                                        0x562 (size before relaxing)
 .debug_str     0x0000000000001335      0x530 FreeRTOS-Kernel/stream_buffer.o
                                        0x857 (size before relaxing)
 .debug_str     0x0000000000001865       0x1b FreeRTOS-Kernel/croutine.o
                                        0x19a (size before relaxing)
 .debug_str     0x0000000000001880      0x32a FreeRTOS-Kernel/portable/MemMang/heap_4.o
                                        0x502 (size before relaxing)
 .debug_str     0x0000000000001baa      0x144 FreeRTOS-Kernel/portable/GCC/ARM_CM4F/port.o
                                        0x361 (size before relaxing)
 .debug_str     0x0000000000001cee       0x12 main.o
                                        0x191 (size before relaxing)
 .debug_str     0x0000000000001d00      0x2ce tasks.o
                                        0x588 (size before relaxing)
 .debug_str     0x0000000000001fce      0x229 ../../446-Comp-Files/syscalls.o
                                        0x408 (size before relaxing)
 .debug_str     0x00000000000021f7       0x80 ../../446-Comp-Files/startup.o
                                        0x219 (size before relaxing)
 .debug_str     0x0000000000002277     0x1032 ../../Drivers/ADC.o
                                       0x1287 (size before relaxing)
 .debug_str     0x00000000000032a9     0x24f2 ../../Drivers/CAN.o
                                       0x272f (size before relaxing)
 .debug_str     0x000000000000579b      0xb10 ../../Drivers/GPIO.o
                                        0xdb5 (size before relaxing)
 .debug_str     0x00000000000062ab      0xe75 ../../Drivers/ExternalInterrupt.o
                                       0x112a (size before relaxing)
 .debug_str     0x0000000000007120      0x49b ../../Drivers/NVIC.o
                                        0x6b9 (size before relaxing)
 .debug_str     0x00000000000075bb       0x26 ../../Drivers/CPU.o
                                        0x121 (size before relaxing)
 .debug_str     0x00000000000075e1       0x67 ../../Drivers/faults.o
                                        0x1e9 (size before relaxing)
 .debug_str     0x0000000000007648       0xd3 ../../Drivers/isr_handlers.o
                                        0x275 (size before relaxing)
 .debug_str     0x000000000000771b     0x1113 ../../Drivers/DMA.o
                                       0x13f3 (size before relaxing)

.debug_frame    0x0000000000000000     0x2770
 .debug_frame   0x0000000000000000      0x5cc FreeRTOS-Kernel/tasks.o
 .debug_frame   0x00000000000005cc      0x384 FreeRTOS-Kernel/queue.o
 .debug_frame   0x0000000000000950       0xd8 FreeRTOS-Kernel/list.o
 .debug_frame   0x0000000000000a28      0x180 FreeRTOS-Kernel/event_groups.o
 .debug_frame   0x0000000000000ba8      0x3a0 FreeRTOS-Kernel/stream_buffer.o
 .debug_frame   0x0000000000000f48      0x190 FreeRTOS-Kernel/portable/MemMang/heap_4.o
 .debug_frame   0x00000000000010d8      0x178 FreeRTOS-Kernel/portable/GCC/ARM_CM4F/port.o
 .debug_frame   0x0000000000001250       0x2c main.o
 .debug_frame   0x000000000000127c       0xe8 tasks.o
 .debug_frame   0x0000000000001364      0x2d0 ../../446-Comp-Files/syscalls.o
 .debug_frame   0x0000000000001634       0x4c ../../446-Comp-Files/startup.o
 .debug_frame   0x0000000000001680      0x190 ../../Drivers/ADC.o
 .debug_frame   0x0000000000001810      0x208 ../../Drivers/CAN.o
 .debug_frame   0x0000000000001a18      0x118 ../../Drivers/GPIO.o
 .debug_frame   0x0000000000001b30      0x1b8 ../../Drivers/ExternalInterrupt.o
 .debug_frame   0x0000000000001ce8      0x13c ../../Drivers/NVIC.o
 .debug_frame   0x0000000000001e24       0x50 ../../Drivers/CPU.o
 .debug_frame   0x0000000000001e74       0xa4 ../../Drivers/faults.o